			INVOCATIONS OF UTILITY PROGRAMS,
			 FIRST WEEK OF SEPTEMBER, 1984



I.)  UTILITIES


			Tymnet  Tymshare  Asst'd  COEES	  Otis		TOTAL
			------	--------  ------  -----	  ----		-----

  A.)  EDITORS


    1.)  PEAK		  829	  525	  617	   29	    1		 2001
	        (SYS)	  772	  465	  574	   28	    1
	        (FTSYS)	    0	    0	    7	    0	    0
	        (psnl)	   57	   60	   36	    1	    0

*   2.)  VUE 		 1508	  443	  437	    0	    0		 2388
	        (SYS)	 1321	  361	  369	    0	    0
		(FTSYS)	   58	    6	   42	    0	    0
		(psnl)	  129	   76	   26	    0	    0

*   3.)  CT4 		  733	  225	  173	    0	    0		 1131
		(SYS)	  693	  114	  147	    0	    0
		(psnl)	   40	  111	   26       0	    0

    4.)  EDITOR (SYS)	 5007	 1304	 9185	 1243	  340		17079

    5.)  TECO		    6	    1	    8	   28	    0		   43
		(SYS)	    6	    0	    8	   28	    0
		(OPER)	    0	    1	    0	    0	    0

    6.)  EDIT10 (SYS)	   13	    6	    2	    2	    0		   23
			-----	-----	-----	-----	-----		-----
	 total		 8096	 2504	10422	 1302	  342		22645




			Tymnet  Tymshare  Asst'd  COEES	  Otis		TOTAL
			------	--------  ------  -----	  ----		-----

  B.)  COMMAND FILE PROCESSORS		

    1.)  PERFOR		  130	 2805	 1841	  452	  628		 5856
		(SYS)	  130	 2805	 1839	  452	  628
		(psnl)	    0	    0	    2	    0	    0

@@  2.)  COM		 5076	 4903	 1049	  191	   32		11251
		(SYS)	 2203	 2688	  242	    0	    1
		(UTIL)	  597	   40	   18	    2	    1
		(UPL)	  155	   10	  251	   29	    0
		(MPL)	    2	    0	    0	    0	    0	
		(OPER)	  754	  476	  141	  118	   18
		(psnl)	 1365	 1689	  397	   42	   12

@@  3.)  COM1		   77	   42	    0	    0	    0		  119
		(UTIL)	    4	   41	    0	    0	    0
		(psnl)	   73	    1	    0	    0	    0

    4.)  PCOM		  603	   74	 3074	  638	   59		 4448
		(SYS)	  516	   22	 3035	  271	   59
		(psnl)	   87	   52	   39	  367	    0

    5.)  CIAO		 2263	   27	    0	    0	    0		 2290
		(UTIL)	   47	    0	    0	    0	    0
		(DNDUTIL)   1	    0	    0	    0	    0
		(psnl)	 2215	   27	    0	    0	    0

**  6.)  PERP		   25	    2	   81	    5	    1		  114
		(SYS)	   15	    2	   68	    5	    1
		(psnl)	   10	    0	   13	    0	    0

**  7.)  TDB		  694	  133	  654	   14	    2		 1497
		(SYS)	  572	   78	  528	   13	    2
		(UTIL)	    1	    1	    0	    1	    0
		(psnl)	  121	   54	  126	    0	    0

**  8.)  DTB		  701	  133	  674	   14	    2		 1524
		(SYS)	  589	   78	  562	   13	    2
		(UTIL)	    1	    1	    0	    1	    0
		(psnl)	  111	   54	  112	    0	    0

**  9.)  DEFER   (SYS)	    0	    0	    6	    0	    0		    6
			-----	-----	-----	-----	-----		-----
	 total		 9569	 8119	 7379	 1314	  724		27105




			Tymnet  Tymshare  Asst'd  COEES	  Otis		TOTAL
			------	--------  ------  -----	  ----		-----

  C.)  1022 DATA BASE PROGRAMS		

*** 1.)  1022		  418	  152	   74	    4	    0		  648
		(SYS)	  387	  143	   66	    4	    0
		(psnl)	   31	    9	    8	    0	    0

*** 2.)  FTX22  (SYS)	   20	  239	   28	    0	    0		  287

*** 3.)  X22		   39	   34	  140	    0	    0		  213
		(SYS)	    2	    1	    0	    0	    0
		(UPL)	   23	   14	  111	    0	    0
		(psnl)	   14	   19	   29	    0	    0
			-----	-----	-----	-----	-----		-----
	 total		  477	  425	  242	    4	    0		 1148




			Tymnet  Tymshare  Asst'd  COEES	  Otis		TOTAL
			------	--------  ------  -----	  ----		-----

  D.)  MAGNUM PROGRAMS

    1.)  FTMAGN	(SYS)	  365	  254	 1687	   36	  171		 2513

    2.)  MAGNUM		12053	28734	11668	  405	 3281		56141
		(SYS)	 3471	 4031	 1196	   41	   19
		(MAGNUM) 8582	23061	 4992	  261	  108
		(FTMAGNUM)  0	 1429	 5448	  103	  433
		(XMAGNUM)   0	    0	    0	    0	 2715
		(psnl)	    0	  213	   32	    0	    6

    3.)  XMAGNU	(SYS)	    1	    0	    0	    0	 1025		 1026

    4.)  MAGNDB		  819	 8075	   18	    1	 2715		11628
		(SYS)	  487	    0	    0	    0	    0
		(MAGNUM)    0	 7714	    4	    0	    9
		(FTMAGNUM)332	  361	   14	    1	    0
		(XMAGNUM)   0	    0	    0	    0	 2715

    5.)  MAGNRN		 6622	13078	 3101	  220	 2876		25897
		(MAGNUM) 5851	12431	 2857	  170	  801
		(FTMAGNUM)771	  647	 2444	   50	  369
		(XMAGNUM)   0	    0	    0	    0	 1706

    6.)  MAGNAC		  170	   82	   18	    0	    5		  275
		(MAGNUM)  123	   68	    4	    0	    0
		(FTMAGNUM) 47	   14	   14	    0	    0
		(XMAGNUM)   0	    0	    0	    0	    5

    7.)  MAGNP1		  567	   86	  463	    7	   82		 1205
		(MAGNUM)  544	   30	  106	    0	    0
		(FTMAGNUM) 23	   56	  357	    7	    0
		(XMAGNUM)   0	    0	    0	    0	   82

    8.)  MAGNP2		  794	  481	  785	    8	  175		 2243
		(MAGNUM)  758	  416	  340	    0	    5
		(FTMAGNUM) 36	   65	  445	    8	    0
		(XMAGNUM)   0	    0	    0	    0	  170

    9.)  MAGNP3		  740	  455	  628	    7	  155		 1985
		(MAGNUM)  706	  399	  305	    0	    5
		(FTMAGNUM) 34	   56	  323	    7	    0
		(XMAGNUM)   0	    0	    0	    0	  150

   10.)  MAGNS1		    2	    6	   21	    1	    1		   31	
		(MAGNUM)    1	    2	    8	    0	    0
		(FTMAGNUM)  1	    4	   13	    1	    0
		(XMAGNUM)   0	    0	    0	    0	    1

   11.)  MAGNS2		    2	    6	    0	    1	    1		   10
		(MAGNUM)    1	    2	    0	    0	    0
		(FTMAGNUM)  1	    4	    0	    1	    0
		(XMAGNUM)   0	    0	    0	    0	    1

   12.)  MAGNQL		  263	  404	  357	    1	   96		 1121
		(MAGNUM)  248	  394	  247	    0	    5
		(FTMAGNUM) 15	   10	  110	    1	    0
		(XMAGNUM)   0	    0	    0	    0	   91

   13.)  MAGNRG		    1	   26	  134	    1	   82		  244
		(FTMAGNUM)  1	   26	  134	    1	    0
		(XMAGNUM)   0	    0	    0	    0	   82

   14.)  MAGNSR	(MAGNUM)  357	 1383	    0	    0	    4		 1744

   15.)  MIDAS		   96	    0	    0	    0	    3		   99
		(MAGNUM)   11	    0	    0	    0	    0
		(FTMAGNUM) 85	    0	    0	    0	    3

   16.)  P2COMP	(MAGNUM)    1	    0	    0	    0	    0		    1

   17.)  P3COMP	(MAGNUM)    1	    0	    0	    0	    0		    1

   18.)  RUNTIM		   31	    0	    0	    0	    0		   31
		(MAGNUM)    2	    0	    0	    0	    0
		(FTMAGNUM) 29	    0	    0	    0	    0

   19.)  QUERYL	(MAGNUM)    1	    0	    0	    0	    0		    1
			-----	-----	-----	-----	-----	       ------
			22886	53070	18789	  688	 9647	       105080




			Tymnet  Tymshare  Asst'd  COEES	  Otis		TOTAL
			------	--------  ------  -----	  ----		-----

  E.)  GENERAL PURPOSE INTERACTIVE AUXILIARY CIRCUIT PROGRAMS		

    1.)  TAUX		  288	  147	   81	   10	    0		  526
		(SPL)	  123	  140	   70	    8	    0
		(MPL)	    8	    1	    2	    0	    0
		(psnl)	  157	    6	    9	    2	    0

    2.)  AUXMOX		 2950	  682	 2831	  180	    0		 6643
		(SYS)	 2948	  679	 2830	  180	    0
		(FTSYS)	    2	    3	    1	    0	    0

    3.)  AUXIO		  392	   28	   57	    0	    0		  477
		(MPL)	  280	    0	    0	    0	    0
		(psnl)	  112	   28	   57	    0	    0
			-----	-----	-----	-----	-----		-----
	 total		 3630	  857	 2969	  190	    0		 7646




			Tymnet  Tymshare  Asst'd  COEES	  Otis		TOTAL
			------	--------  ------  -----	  ----		-----

  F.)  FILE TRANSFER

    1.)  TELECO		 1597	  499	  594	  101	   22		 2813
		(SYS)	 1596	  488	  594	  101	   22
		(FTSYS)	    1	   11	    0	    0	    0

    2.)  COPY		 1210	  251	  290	   29	    6		 1786
		(MPL)	 1172	  113	  265	   25	    2
		(SPL)	   25	  114	   21	    4	    4
		(psnl)	   13	   24	    4	    0	    0

    3.)  FTCOPY (SYS)	   29	    0	    0	    0	    0		   29

    4.)  KOPY		    4	    0	   21	    0	    0		   25
		(SYS)	    4	    0	   16	    0	    0
		(psnl)	    0	    0	    5	    0	    0
			-----	-----	-----	-----	-----		-----
	 total		 2840	  750	  905	  130	   28		 4653




			Tymnet  Tymshare  Asst'd  COEES	  Otis		TOTAL
			------	--------  ------  -----	  ----		-----

  G.)  ONTYME COMMUNICATION		

    1.)  EMSCOM	(psnl)	   83	   18	   34	    0	    0		  135

    2.)  ONTYME		  393	   73	   89	    5	    0		  559
		(SYS)	  255	   57	   69	    5	    0
		(FTSYS)	    0	    0	    3	    0	    0
		(psnl)	  138	   16	   17	    0	    0
			-----	-----	-----	-----	-----		-----
	 total		  476	   91	  123	    5	    0		  694



			Tymnet  Tymshare  Asst'd  COEES	  Otis		TOTAL
			------	--------  ------  -----	  ----		-----

  H.)  TERMINAL I/O CONFIGURATION		

    1.)  CRT    (psnl)	  148	  112	    0	    0	    0		  260

    2.)  TIO		    5	    5	   21	    0	    0		   31
		(SYS)	    3	    5	   21	    0	    0
		(psnl)	    2	    0	    0	    0	    0

    3.)  BIONIC		   24	    7	  323	  139	   39		  532
		(SYS)	    9	    0	  259	  139	   39
		(psnl)	   15	    7	   64	    0	    0

#   4.)  BIONIK (UPLKT)	  101	    0	   64	    0	    0		  165

#   5.)  FTBION (UPLKT)	    0	    0	  111	    0	    0		  111
			-----	-----	-----	-----	-----		-----
	 total		  278	  124	  519	  139	   39		 1099




			Tymnet  Tymshare  Asst'd  COEES	  Otis		TOTAL
			------	--------  ------  -----	  ----		-----

  I.)  TEXT FORMATTERS		

    1.)  RUNOFF		   38	   50	    5	    0	    0		   93
		(SYS)	   12	    2	    5	    0	    0
		(UPL)	   26	   48	    0	    0	    0

##  2.)  PUB		   31	   21	   24	    0	    0		   76
		(SYS)	   24	   21	   24	    0	    0
		(psnl)	    7	    0	    0	    0	    0

##  3.)  PUB2		   19	   19	   24	    0	    0		   62
		(SYS)	   17	   19	   24	    0	    0
		(psnl)	    2	    0	    0	    0	    0
			-----	-----	-----	-----	-----		-----
	 total		   88	   90	   53	    0	    0		  231




			Tymnet  Tymshare  Asst'd  COEES	  Otis		TOTAL
			------	--------  ------  -----	  ----		-----

  J.)  TAPE I/O		

    1.)  TITO		  188	  196	  158	  126	   16		  684
		(OPER)	  115	  108	  135	  119	   14
		(SYS)	   73	   88	   23	    7	    2

    2.)  BACKUP		    5	    7	   29	    0	    0		   41
		(SYS)	    1	    7	    3	    0	    0
		(psnl)	    4	    0	   26	    0	    0

    3.)  MAGCON		   67	  128	   27	   18	    6		  246
		(UTIL)	   62	  110	   27	   18	    6
		(FTSYS)	    5	   18	    0	    0	    0
			-----	-----	-----	-----	-----		 -----
			  260	  331	  214	  144	   22		  971




			Tymnet  Tymshare  Asst'd  COEES	  Otis		TOTAL
			------	--------  ------  -----	  ----		-----

  K.)  GENERAL UTILITIES

    1.)  LOGOUT		38031	23833	25669	12275	 2942	       102750
		(SYS)	38029	23824	25656	12274	 2941
		(psnl)	    2	    9	   13	    1	    1

    2.)  SYSTAT	(SYS)	18133	12702	13454	12846	 1007		56140

### 3.)  OPER		22775	12062	 3658	 3637	   58		42190
		(SYS)	11982	 3249	 1757	  148	   23
		(UTIL)	 8586	 6233	 1539	 3334	    0
		(SPL)	    2	    0	    0	    0	    0
		(OPER)	 1766	 2447	  260	  133	   33
		(psnl)	  439	  133	  102	   22	    2

### 4.)  OPPS		    0	   31	    0	    0	    0		   31
		(SYS)	    0	   26	    0	    0	    0
		(MPL)	    0	    1	    0	    0	    0
		(OPER)	    0	    1	    0	    0	    0
		(psnl)	    0	    3	    0	    0	    0

### 5.)  SETOP	(SYS)	    0	   22	    0	    0	    0		   22

    6.)  LISTER		18147	 5520	 8976	 1121	  398		34162
		(SYS)	18147	 5520	 8970	 1121	  398
		(psnl)	    0	    0	    6	    0	    0

    7.)  SPOOL		 6948	 4073	 1492	  320	  167		13000
		(SYS)	 6947	 4070	 1491	  320	  167
		(psnl)	    1	    3	    1	    0	    0

    8.)  ERRCHK (SYS)	 6101	 3233	   37	    0	    7		 9378

    9.)  SLVPSP		 1395	 1387	 1252	 1786	   23		 5843
		(UTIL)	 1242	 1294	 1106	 1643	   11
		(psnl)	  153	   93	  146	  143	   12

   10.)  UPDLUD		  476	 1182	  379	  202	   45		 2284
		(SYS)	  476	  775	  379	  202	   45
		(psnl)	    0	  407	    0	    0	    0

   11.)  CKSUM		 1238	  109	  298	   14	    3		 1900
		(SYS)	 1234	  109	  298	   14	    3
		(psnl)	    4	    0	    0	    0	    0

   12.)  PDPPSP (UTIL)	  536	   35	  140	  265	    1		  977

@  13.)  BATCH		   91	  122	   84	   18	    3		  318
		(SYS)	   87	  120	   82	   15	    3
		(psnl)	    4	    2	    2	    3	    0

@  14.)  BCHARG (SYS)	  237	  178	  140	   37	   23		  615

@  15.)  1CLEAR (SYS)	  123	   63	   96	   45	   11		  338

@  16.)  370CHG (SYS)	    0	   55	    0	    0	    0		   55

@  17.)  SLVSUP (UTIL)	 2636	 1321	 2762	 1508	  496		 8723

   18,)  MEXEC  (XEXEC)	  189	  697	   58	   16	    0		  960

   19.)  GOPJ   (UTIL)	  361	  266	    9	    0	    0		  636

   20.)  RDMAIL		   60	  528	    0	    0	    0		  588
		(MAIL)	   30	   64	    0	    0	    0
		(SYS)	    5	  443	    0	    0	    0
		(XEXEC)	   25	   21	    0	    0	    0

   21.)  CHKCLK (SYS)	  269	  108	   14	    0	    0		  391

   22.)  FNDFIL		  279	   33	   45	    0	    1		  358
		(SYS)	  277	   31	   44	    0	    1
		(MPL)	    2	    2	    1	    0	    0

   23.)  UNDELE	(SYS)	  226	   63	    0	    4	   23		  316

   24.)  UPDATE	(psnl)	    0	  225	   71	    2	    0		  298

   25.)  USRVAL	(SYS)	    0	    0	  286	    0	    0		  286

   26.)  FILCOM (SYS)	  137	    6	   58	   65	    0		  266

   27.)  TAPSLV	(TAPELI)    0	  264	    0	    0	    0		  264

   28.)  SETE		   98	   58	   72	   21	   12		  261
		(SYS)	   41	   13	   15	    0	    1
		(OPER)	   56	   45	   57	   21	   11

   29.)  NONAME (SYS)	   93	   64	   51	   27	   18		  253

   30.)  FTUPDL (SYS)	   34	  129	   50	   18	    4		  235

   31.)  OTIONI (UPL)	    0	    0	    0	    0	  233		  233

   32.)  CHKPR  (UPLKT)	    0	    0	  202	    0	    0		  202

   33.)  ICP	(MPL)	  187	    0	    0	    0	    0		  187

   34.)  TAPELI	(UTIL)	   36	   57	   87	    0	    6		  186

   35.)  PROJEC (SYS)	  100	    0	   82	    0	    0		  182

   36.)  LETTER		   42	   51	   34	   54	    0		  181
		(SYS)	   39	   51	   34	   54	    0
		(psnl)	    3	    0	    0	    0	    0

   37.)  SENDMA		   39	  114	    0	    0	    0		  153
		(MAIL)	   20	   57	    0	    0	    0
		(SYS)	    9	   41	    0	    0	    0
		(XEXEC)	   10	   16	    0	    0	    0

   38.)  PUNCH		    0	    0	  134	    0	    7		  141
		(SYS)	    0	    0	  124	    0	    7
		(psnl)	    0	    0	   10	    0	    0

   39.)  CRSHID (SYS)	   49	   25	   31	   23	    1		  129

   40.)  FIND		   80	    4	   35	    0	    0		  119
		(UPL)	   38	    0	   26	    0	    0
		(SPL)	   18	    4	    0	    0	    0
		(psnl)	   24	    0	    9	    0	    0

   41.)  READST		   35	   33	   30	   15	    5		  118
		(SYS)	    5	   17	    0	    0	    0
		(psnl)	   30	   16	   30	   15	    5

   42.)  PASSWO (SYS)	   29	   40	   18	    5	    1		   93

   43.)  TAKEIT	(SYS)	   36	   33	   12	    4	    1		   86

   44.)  SETLIC	(SYS)	    5	    1	    6	   71	    0		   83

   45.)  MAIL		   36	    3	   34	    8	    1		   82
		(SYS)	   26	    3	   26	    8	    1
		(psnl)	   10	    0	    8	    0	    0

   46.)  SCREAM	(MPL)	   41	    5	   25	    8	    0		   79

   47.)  CHKP   (UPLKT)	    0	    0	   76	    0	    0		   76

   48.)  SCAN		    9	    0	   56	    9	    0		   74
		(MPL)	    9	    0	    0	    0	    0
		(psnl)	    0	    0	   56	    9	    0

   49.)  CHKPNT (SYS)	   29	   17	   16	    7	    2		   71

   50.)  FTYPE  (SYS)	    1	    0	   68	    2	    0		   71

   51.)  PDPCHK	(UTIL)	   32	   34	    4	    0	    0		   70

   52.)  DSKCLN (SYS)	   26	   16	   16	    7	    2		   67

   53.)  MHX		   13	   38	    5	    3	    0		   59
		(MPL)	   12	   38	    1	    3	    0
		(SPL)	    1	    0	    0	    0	    0
		(psnl)	    0	    0	    4	    0	    0

   54.)  COPYCR (SYS)	   23	    6	   12	    7	    1		   49

   55.)  SPFIX	(psnl)	    8	   14	   13	   11	    1		   47

   56.)  SPELL	(SYS)	   14	   21	   10	    0	    0		   45

   58.)  SORT		   13	   10	   16	    0	    0		   39
		(SYS)	    0	   10	   10	    0	    0
		(XEXEC)	    7	    0	    0	    0	    0
		(psnl)	    6	    0	    6	    0	    0

   59.)  RECPPR		    5	   15	    2	    1	    0		   33
		(SYS)	    5	   15	    1	    1	    0
		(UTIL)	    0	    0	    1	    0	    0

   60.)  DSKMAP (SYS)	   11	    9	    6	    5	    0		   31

   61.)  NODLOD (SYS)	    0	   28	    0	    0	    0		   28

   62.)  ASP	(OPER)	    5	    3	   12	    6	    2		   28

   63.)  SVBKUP	(UTIL)	   15	   10	    0	    0	    0		   25

   64.)	 CAL    (SYS)	   22	    0	    1	    1	    0		   24

   65.)  NVAS		   21	    0	    0	    0	    0		   21
		(SYS)	   18	    0	    0	    0	    0
		(psnl)	    3	    0	    0	    0	    0

   66.)  TRUCTL	(SYS)	    9	    0	   10	    0	    0		   19

   67.)  SUDS		   15	    0	    3	    0	    0		   18
		(SYS)	    4	    0	    3	    0	    0
		(psnl)	   11	    0	    0	    0	    0

   68.)  PSCHED (SYS)	    3	    5	    2	    3	    0		   13

   69.)  SY		    0	   13	    0	    0	    0		   13
		(SYS)	    0	    6	    0	    0	    0
		(psnl)	    0	    7	    0	    0	    0

   70.)  SZRPT		    0	    1	    0	    1	    6		    8
		(SYS)	    0	    1	    0	    0	    0
		(UTIL)	    0	    0	    0	    1	    0
		(psnl)	    0	    0	    0	    0	    6

   71.)  TC		    0	    6	    0	    1	    0		    7
		(SYS)	    0	    3	    0	    0	    0
		(VUE)	    0	    3	    0	    0	    0
		(psnl)	    0	    0	    0	    1	    0

   72.)  GRAB		    3	    0	    0	    0	    0		    3
		(MPL)	    1	    0	    0	    0	    0
		(psnl)	    2	    0	    0	    0	    0

   73.)  SHC	(OPER)	    0	    0	    2	    0	    0		    2

   74.)  FRMDDT	(MPL)	    0	    1	    0	    0	    0		    1





II.)  COMPILERS, INTERPRETERS, LANGUAGES & ASSOCIATED UTILITIES



			Tymnet  Tymshare  Asst'd  COEES	  Otis		TOTAL
			------	--------  ------  -----	  ----		-----

  A.)  BASIC

    1.)  TBA		  239	   57	  397	    0	   10		  703
		(SYS)	  214	   57	  373	    0	   10
		(FTTBA)	    0	    0	   12	    0	    0
		(psnl)	   25	    0	   12	    0	    0

    2.)  TBACMP		  142	   29	  287	    8	   28		  494
		(SYS)	  142	   29	  239	    8	   28
		(FTTBA)	    0	    0	    5	    0	    0
		(psnl)	    0	    0	   43	    0	    0

    3.)  TBALDR		  131	   29	  269	    8	   25		  435
		(SYS)	  131	   29	  224	    8	   25
		(FTTBA)	    0	    0	    5	    0	    0
		(psnl)	    0	    0	   40	    0	    0

    4.)	 XBASIC	(SYS)	    0	    0	   27	   51	    0		   78
			-----	-----	-----	-----	-----		-----
	 total		  512	  115	  953	   59	   63		 1711



			Tymnet  Tymshare  Asst'd  COEES	  Otis		TOTAL
			------	--------  ------  -----	  ----		-----

  B.)  FORTRAN

@@@ 1.)  F40		   46	   16	   27	   43	    1		  133
		(SYS)	   19	    1	   15	     1
		(psnl)	   27	   15	   12	    0	    0

@@@ 2.)  FTF40	(SYS)	   29	    0	    9	    0	    0		   36

@@@ 3.)  CFORTR	(SYS)	    0	    1	    0	    0	    0		    1

    4.)  FORTRA	(SYS)	   19	    1	    1	    0	    0		   21

    5.)  SFORTR	(SYS)	   14	    3	    1	    0	    0		   18
			-----	-----	-----	-----	-----		-----
			  108	   18	   38	   43	    1		  209



			Tymnet  Tymshare  Asst'd  COEES	  Otis		TOTAL
			------	--------  ------  -----	  ----		-----

  C.)  PASCAL

    1.)  PASCAL	(UPL)	    9	    0	    0	    0	    0		    9

%   2.)	 PASCAL		    0	    0	  107	  274	    O		  381
		(SYS)	    0	    0	    0	  259	    0
		(FTSYS)	    0	    0	    0	   15	    0
		(PASBLD)    0	    0	  107	    0	    0

%   3.)  PASANL		    0	    0	   53	  276	    0		  329
		(SYS)	    0	    0	    0	  261	    0
		(FTSYS)	    0	    0	    0	   15	    0
		(PASBLD)    0	    0	   53	    0	    0

%   4.)  PASCMD		    0	    0	    0	  542	    0		  542
		(SYS)	    O	    O	    O	  512	    O
		(FTSYS)	    0	    0	    0	   30	    0

%   5.)  PASLST		    0	    0	   13	   94	    0		  107
		(SYS)	    0	    0	    0	   93	    0
		(FTSYS)	    0	    0	    0	    1	    0
		(PASBLD)    0	    0	   13	    0	    0

%   6.)  P10CCG		    0	    0	   47	  211	    0		  258
		(SYS)	    0	    0	    0	  208	    0
		(FTSYS)	    0	    0	    0	    3	    0
		(PASBLD)    0	    0	   47	    0	    0
			-----	-----	-----	-----	-----		-----
	 total		    9	    0	  220	 1397	    0		 1626



			Tymnet  Tymshare  Asst'd  COEES	  Otis		TOTAL
			------	--------  ------  -----	  ----		-----

  D.)  OTHER LANGUAGES

    1.)  SAIL		   31	   32	    2	    1	    0		   66
		(SYS)	   20	   30	    1	    1	    0
		(FTSYS)	    0	    2	    1	    0	    0
		(psnl)	   11	    0	    2	    0	    0

    2.)  LISP	(SYS)	    0	  100	    0	    0	    0		  100

%%  3.)  MACRO		    3	   30	    0	  264	    0		  297
		(SYS)	    0	   29	    0	    0	    0
		(FTSYS)	    0	    1	    0	    0	    0
		(psnl)	    3	    0	    0	  264	    0

%%  4.)  DECMAC	(SYS)	    0	    0	    6	    0	    0		    6

    5.)  AID		    6	   21	    0	    1	    0		   28
		(SYS)	    5	   21	    0	    1	    0
		(psnl)	    1	    0	    0	    0	    0
			-----	-----	-----	-----	-----		-----
			   40	  183	    8	  266	    0		  497



			Tymnet  Tymshare  Asst'd  COEES	  Otis		TOTAL
			------	--------  ------  -----	  ----		-----

  E.)  LANGUAGE UTILITIES

    1.)  LINK		   17	   42	   58	  141	    0		  158
		(SYS)	    0	    0	   46	  127	    0
		(FTSYS)	    1	   23	    0	   14	    0
		(MPL)	   14	   19	   12	    0	    0
		(psnl)	    2	    0	    0	    0	    0

    2.)  LINKER	(SPL)	    0	   23	    0	    0	    0		   23

    3.)  LOADER	(SYS)	  659	   86	  242	  320	    0		 1307

    4.)  CROSS		   32	   10	    6	    0	    0		   48
		(SYS)	   30	   10	    6	    0	    0
		(ISIS)	    2	    0	    0	    0	    0

    5.)  DDT	(SYS)	    0	    1	    0	    0	    0		    1

    6.)  FILDDT		   14	    0	    0	    3	    0		   17
		(SYS)	   11	    0	    0	    1	    0
		(psnl)	    3	    0	    0	    2	    0

    7.)  ISAM	(SYS)	    5	    0	    0	    0	    0		    5

    8.)  ISORT	(SYS)	    8	    0	    6	    0	    0		   14
			-----	-----	-----	-----	-----		-----
	 total		  727	  152	  306	  467	    0		 1652 @|