 PAGE     1

             MDPSC DIAL TRAFFIC USAGE REPORT     07/07/86   16.34.54
                        (INCLUDES DIAL POS, CRT, AND ARU)
                           BY ACCESS BY DEVICE SUMMARY
                         FOR ENTIRE MONTH OF JUNE, 1986

                          MULTI-    MULTI-
  TYPE OF       DEV       TRANS     TRANS         SINGLE  PERCENT         GROUP
  ACCESS        TYPE      TOTAL     SESSIONS      TRANS   MULTITRAN       TOTAL
  -------       ----      ------    --------      ------  ---------       -----
  MDPSC LOCAL   ARU      368,193       1,726         196      99.95     368,389
                CRT           22           8           4      84.62          26
                POS      469,641       2,406      36,240      92.84     505,881

     TOTAL FOR MDPSC LOCAL
                         837,856       4,140      36,440      95.83     874,296

  MDPSC WATS    CRT        3,884         315          73      98.16       3,957
                POS      242,943       5,458      23,597      91.15     266,540

     TOTAL FOR MDPSC WATS
                         246,827       5,773      23,670      91.25     270,497

  TYMNET LOCAL  ARU       55,307         751         138      99.75      55,445
                CRT      301,205      11,574       4,249      98.61     305,454
                POS    7,081,882      92,539   3,266,241      68.44  10,348,123

     TOTAL FOR TYMNET LOCAL
                       7,438,394     104,864   3,270,628      69.46  10,709,022

  TYMNET WATS   CRT       20,306       1,793         556      97.33      20,862
                POS    3,043,694       7,529      47,542      98.46   3,091,236

     TOTAL FOR TYMNET WATS
                       3,064,000       9,322      48,098      98.45   3,112,098

  UNKNOWN       ARU           90          32          20      81.82         110
                CRT          281          54          32      89.78         313
                POS          171          17       2,023       7.79       2,194

     TOTAL FOR UNKNOWN
                             542         103       2,075      20.71       2,617


  TOTAL               11,587,619     124,202   3,380,911      77.41  14,968,530

    * UNKNOWN = NODES NOT CATEGORIZED YET *
                ASSUMED TO BE TYMNET DIAL
 PAGE     1

             MDPSC DIAL TRAFFIC USAGE REPORT     07/07/86   16.36.38
                        (INCLUDES DIAL POS, CRT, AND ARU)
                           BY DEVICE BY ACCESS SUMMARY
                         FOR ENTIRE MONTH OF JUNE, 1986

                          MULTI-    MULTI-
  DEV   TYPE OF           TRANS     TRANS         SINGLE  PERCENT         GROUP
  TYPE  ACCESS            TOTAL     SESSIONS      TRANS   MULTITRAN       TOTAL
  ----  -------           ------    --------      ------  ---------       -----
  ARU   MDPSC LOCAL      368,193       1,726         196      99.95     368,389
        TYMNET LOCAL      55,307         751         138      99.75      55,445
        UNKNOWN               90          32          20      81.82         110

     TOTAL FOR ARU       423,590       2,509         354      99.92     423,944

  CRT   MDPSC LOCAL           22           8           4      84.62          26
        MDPSC WATS         3,884         315          73      98.16       3,957
        TYMNET LOCAL     301,205      11,574       4,249      98.61     305,454
        TYMNET WATS       20,306       1,793         556      97.33      20,862
        UNKNOWN              281          54          32      89.78         313

     TOTAL FOR CRT       325,698      13,744       4,914      98.51     330,612

  POS   MDPSC LOCAL      469,641       2,406      36,240      92.84     505,881
        MDPSC WATS       242,943       5,458      23,597      91.15     266,540
        TYMNET LOCAL   7,081,882      92,539   3,266,241      68.44  10,348,123
        TYMNET WATS    3,043,694       7,529      47,542      98.46   3,091,236
        UNKNOWN              171          17       2,023       7.79       2,194

     TOTAL FOR POS    10,838,331     107,949   3,375,643      76.25  14,213,974


  TOTAL               11,587,619     124,202   3,380,911      77.41  14,968,530

    * UNKNOWN = NODES NOT CATEGORIZED YET *
                ASSUMED TO BE TYMNET DIAL
 PAGE     1

           MDPSC DIAL TRAFFIC USAGE REPORT     07/07/86   16.37.46
                      (INCLUDES DIAL POS, CRT, AND ARU)
                     BY ACCESS BY DEVICE BY NODE DETAIL
                       FOR ENTIRE MONTH OF JUNE, 1986

  ACCESS TYPE   LOCATION  MULTI-   MULTI-
  -----------   --------  TRANS    TRANS        SINGLE PERCENT        GROUP
    NODE  DEVICE TYPE     TOTAL    SESSIONS     TRANS  MULTITRAN      TOTAL
    ----  -----------     ------   --------     ------ ---------      -----
  MDPSC LOCAL   TDF
    2502  ARU             14,995        124          7     99.95     15,002
          POS             50,597        224         51     99.90     50,648
    3057  ARU             67,791        314         23     99.97     67,814
          POS             73,520        113         14     99.98     73,534
    3065  ARU             26,979         83         10     99.96     26,989
          POS             24,564        106         25     99.90     24,589
    3140  ARU             52,254        171         20     99.96     52,274
          CRT                 22          8          4     84.62         26
          POS                  0          0          1                    1
    3560  ARU             46,566        256         40     99.91     46,606
    3565  ARU             46,600         94          9     99.98     46,609
          POS             79,842        120          3    100.00     79,845
    4046  ARU              8,676         92         14     99.84      8,690
          POS             14,716      1,118        623     95.94     15,339
    4315  ARU             25,079        166         14     99.94     25,093
          POS             16,014        159      3,329     82.79     19,343
    5204  ARU             38,857        253         44     99.89     38,901
          POS             29,889         96        197     99.35     30,086
    5226  POS            175,855        264         11     99.99    175,866
    5643  ARU             19,103        116          7     99.96     19,110
          POS                 34         17     31,862       .11     31,896
    6174  POS                  0          0         25                   25
    6677  ARU             21,293         57          8     99.96     21,301
          POS              4,610        189         99     97.90      4,709

     TOTAL FOR TDF
                         837,856      4,140     36,440     95.83    874,296
     TOTAL FOR MDPSC LOCAL
                         837,856      4,140     36,440     95.83    874,296

 PAGE     2

           MDPSC DIAL TRAFFIC USAGE REPORT     07/07/86   16.37.46
                      (INCLUDES DIAL POS, CRT, AND ARU)
                     BY ACCESS BY DEVICE BY NODE DETAIL
                       FOR ENTIRE MONTH OF JUNE, 1986

  ACCESS TYPE   LOCATION  MULTI-   MULTI-
  -----------   --------  TRANS    TRANS        SINGLE PERCENT        GROUP
    NODE  DEVICE TYPE     TOTAL    SESSIONS     TRANS  MULTITRAN      TOTAL
    ----  -----------     ------   --------     ------ ---------      -----
  MDPSC WATS    N.J. WATS
    4367  CRT              3,791        301         72     98.14      3,863
          POS            120,678      2,467      1,467     98.80    122,145
    4607  POS             38,782      2,249      7,013     84.69     45,795

     TOTAL FOR N.J. WATS
                         163,251      5,017      8,552     95.02    171,803

                OHIO WATS
    7241  CRT                 93         14          1     98.94         94
          POS             83,483        742     15,117     84.67     98,600

     TOTAL FOR OHIO WATS
                          83,576        756     15,118     84.68     98,694
     TOTAL FOR MDPSC WATS
                         246,827      5,773     23,670     91.25    270,497

 PAGE     3

           MDPSC DIAL TRAFFIC USAGE REPORT     07/07/86   16.37.46
                      (INCLUDES DIAL POS, CRT, AND ARU)
                     BY ACCESS BY DEVICE BY NODE DETAIL
                       FOR ENTIRE MONTH OF JUNE, 1986

  ACCESS TYPE   LOCATION  MULTI-   MULTI-
  -----------   --------  TRANS    TRANS        SINGLE PERCENT        GROUP
    NODE  DEVICE TYPE     TOTAL    SESSIONS     TRANS  MULTITRAN      TOTAL
    ----  -----------     ------   --------     ------ ---------      -----
  TYMNET LOCAL  ALASCOM
    5451  CRT                 59          2          0    100.00         59
          POS                 32         16      8,826       .36      8,858
    7400  CRT                514         35          3     99.42        517
          POS                154         77     54,957       .28     55,111

     TOTAL FOR ALASCOM
                             759        130     63,786      1.18     64,545

                CANADA
    5012  POS                 10          5      3,087       .32      3,097
    6376  POS                 18          9     27,332       .07     27,350
    6625  CRT                  0          0          1                    1
          POS                 90         45     74,941       .12     75,031
    7152  POS                157         67     21,524       .72     21,681
    7274  POS                174         13          2     98.86        176
    7300  POS                114         42        101     53.02        215
    7507  POS                917        224        193     82.61      1,110

     TOTAL FOR CANADA
                           1,480        405    127,181      1.15    128,661

                CAYMAN IS
    2423  POS              6,362        122         61     99.05      6,423
    3555  POS              3,550        209        113     96.92      3,663

     TOTAL FOR CAYMAN IS
                           9,912        331        174     98.27     10,086

                GUAM
    7312  POS                  4          2        110      3.51        114

                HAWAII
    2324  CRT                297         10          1     99.66        298
          POS              6,321        264        261     96.03      6,582
    4417  CRT              2,033         93         10     99.51      2,043
          POS            121,735        927      1,033     99.16    122,768

     TOTAL FOR HAWAII
                         130,386      1,294      1,305     99.01    131,691

                HI DENS
    2066  POS             53,101        586     10,430     83.58     63,531
 PAGE     4

           MDPSC DIAL TRAFFIC USAGE REPORT     07/07/86   16.37.46
                      (INCLUDES DIAL POS, CRT, AND ARU)
                     BY ACCESS BY DEVICE BY NODE DETAIL
                       FOR ENTIRE MONTH OF JUNE, 1986

  ACCESS TYPE   LOCATION  MULTI-   MULTI-
  -----------   --------  TRANS    TRANS        SINGLE PERCENT        GROUP
    NODE  DEVICE TYPE     TOTAL    SESSIONS     TRANS  MULTITRAN      TOTAL
    ----  -----------     ------   --------     ------ ---------      -----
  TYMNET LOCAL  HI DENS
    2165  POS                 94         47     12,865       .73     12,959
    2246  POS                186         93     29,777       .62     29,963
    2336  CRT                 12          2          0    100.00         12
          POS             72,781        191        309     99.58     73,090
    2354  ARU              7,805         82         17     99.78      7,822
          CRT              1,472         78          9     99.39      1,481
          POS            189,649        532      1,560     99.18    191,209
    2357  ARU              1,311         39          8     99.39      1,319
          CRT              1,545         38          3     99.81      1,548
          POS             12,660        707      1,467     89.62     14,127
    2364  CRT              1,173         59         15     98.74      1,188
          POS            126,615        547      2,315     98.20    128,930
    2414  CRT              8,987        230         28     99.69      9,015
          POS            244,252        662      6,279     97.49    250,531
    2434  CRT              3,419        109         16     99.53      3,435
          POS            164,206      1,440    133,241     55.21    297,447
    2440  CRT              1,781         53          6     99.66      1,787
          POS             31,880        541      3,399     90.37     35,279
    2453  CRT              9,543      1,353      1,029     90.27     10,572
          POS            339,149        923     85,291     79.91    424,440
    2470  CRT              8,748        226         59     99.33      8,807
          POS             91,982        664     53,631     63.17    145,613
    2503  CRT              4,241        192         47     98.90      4,288
          POS             81,650        701      1,498     98.20     83,148
    2544  CRT              5,882        318         45     99.24      5,927
          POS            208,351      1,276     17,278     92.34    225,629
    2545  CRT              1,136         73         10     99.13      1,146
          POS             45,141        728      1,710     96.35     46,851
    2606  CRT              1,805         31          3     99.83      1,808
          POS             38,670        647      1,190     97.01     39,860
    2631  CRT                  2          1          0    100.00          2
          POS            220,275      1,040      1,925     99.13    222,200
    2653  CRT              2,031         24          2     99.90      2,033
          POS             20,050        594        352     98.27     20,402
    2721  CRT              8,964        222         44     99.51      9,008
          POS             48,670      1,166     96,412     33.55    145,082
    2737  CRT              1,392         84         14     99.00      1,406
          POS             45,409        697        922     98.01     46,331
    2753  CRT              2,647         70         11     99.59      2,658
          POS             90,575        764     20,313     81.68    110,888
    2754  CRT                 43         11          5     89.58         48
 PAGE     5

           MDPSC DIAL TRAFFIC USAGE REPORT     07/07/86   16.37.46
                      (INCLUDES DIAL POS, CRT, AND ARU)
                     BY ACCESS BY DEVICE BY NODE DETAIL
                       FOR ENTIRE MONTH OF JUNE, 1986

  ACCESS TYPE   LOCATION  MULTI-   MULTI-
  -----------   --------  TRANS    TRANS        SINGLE PERCENT        GROUP
    NODE  DEVICE TYPE     TOTAL    SESSIONS     TRANS  MULTITRAN      TOTAL
    ----  -----------     ------   --------     ------ ---------      -----
  TYMNET LOCAL  HI DENS
    2754  POS            141,330        703     19,914     87.65    161,244
    3001  CRT              1,520        231        179     89.46      1,699
          POS             34,515        593     26,326     56.73     60,841
    3031  CRT              1,191         50          3     99.75      1,194
          POS                258        129     36,249       .71     36,507
    3036  CRT              5,758         87          5     99.91      5,763
          POS             59,106        685      1,158     98.08     60,264
    3151  ARU             25,275        131          7     99.97     25,282
          CRT             11,500        349        167     98.57     11,667
          POS            110,295        887      6,155     94.71    116,450
    3152  CRT             23,924        271         70     99.71     23,994
          POS             14,019        855     26,697     34.43     40,716
    3267  POS                  0          0        118                  118
    3271  CRT              6,967        250         51     99.27      7,018
          POS            105,444        669      5,694     94.88    111,138
    3272  CRT                715         23          8     98.89        723
          POS              8,903        462        643     93.26      9,546
    3300  CRT                  2          1          1     66.67          3
          POS            119,202        683        985     99.18    120,187
    3302  POS                 14          7      1,124      1.23      1,138
    3354  POS             15,265        436        436     97.22     15,701
    3457  CRT                  9          3          2     81.82         11
          POS              1,651        454        549     75.05      2,200
    3543  CRT              5,158        157         26     99.50      5,184
          POS            150,654        452     10,315     93.59    160,969
    3706  CRT              2,034         78         10     99.51      2,044
          POS            179,444        722      1,079     99.40    180,523
    3763  ARU              4,930         59         16     99.68      4,946
          CRT             12,834        370         68     99.47     12,902
          POS             61,848        849      2,634     95.92     64,482
    3764  CRT              2,834         75         16     99.44      2,850
          POS              1,471        735     12,262     10.71     13,733
    4004  CRT                561         44         10     98.25        571
          POS              3,329        416        301     91.71      3,630
    4165  CRT                192         50        201     48.85        393
          POS                  0          0          7                    7
    4170  CRT              1,208         27          5     99.59      1,213
          POS             23,043        536      3,356     87.29     26,399
    4175  CRT                 95         15         22     81.20        117
          POS             95,612        773     14,379     86.93    109,991
    4203  CRT                 20          1          0    100.00         20
 PAGE     6

           MDPSC DIAL TRAFFIC USAGE REPORT 7/07/86   16.37.46
                      (INCLUDES DIAL POS, CRT, AND ARU)
                     BY ACCESS BY DEVICE BY NODE DETAIL
                       FOR ENTIRE MONTH OF JUNE, 1986

  ACCESS TYPE   LOCATION  MULTI-   MULTI-
  -----------   --------  TRANS    TRANS        SINGLE PERCENT        GROUP
    NODE  DEVICE TYPE     TOTAL    SESSIONS     TRANS  MULTITRAN      TOTAL
    ----  -----------     ------   --------     ------ ---------      -----
  TYMNET LOCAL  HI DENS
    4203  POS                  0          0          1                    1
    4316  CRT              1,437        128         26     98.22      1,463
          POS            121,492        929      4,243     96.63    125,735
    4321  POS                  0          0          7                    7
    4331  CRT                  0          0          1                    1
          POS             51,057        547      1,845     96.51     52,902
    4360  CRT              4,347         50          5     99.89      4,352
          POS            200,605        821      1,293     99.36    201,898
    4501  CRT              7,905        380         54     99.32      7,959
          POS             50,944        492      1,938     96.34     52,882
    4515  POS             78,576        546        801     98.99     79,377
    4516  POS             29,013        291        493     98.33     29,506
    4530  CRT              2,428         63          6     99.75      2,434
          POS            106,128        538      4,711     95.75    110,839
    4603  CRT              6,919        240         27     99.61      6,946
          POS             57,944        641        910     98.45     58,854
    4666  POS             72,245        789      2,066     97.22     74,311
    4764  CRT              6,375        153         17     99.73      6,392
          POS             46,026        812      3,344     93.23     49,370
    5206  CRT              1,717         49          9     99.48      1,726
          POS                368        182     46,807       .78     47,175
    5241  POS            231,473        792      1,386     99.40    232,859
    5242  POS                  0          0        211                  211
    5245  POS                  0          0          8                    8
    5247  CRT              2,803        184         26     99.08      2,829
          POS            109,776        877        813     99.26    110,589
    6105  POS                812        406     62,451      1.28     63,263
    6441  POS                 10          5      1,043       .95      1,053
    6462  POS                152         76     16,983       .89     17,135
    6472  POS                398        199     26,696      1.47     27,094
    6501  CRT              4,301        183         20     99.54      4,321
          POS             63,992        937      1,002     98.46     64,994
    6522  POS                 68         34     13,584       .50     13,652
    6532  CRT              5,723         77          6     99.90      5,729
          POS             35,571        989      1,021     97.21     36,592
    6574  POS             49,263        443        387     99.22     49,650
    7075  CRT              5,376        158         30     99.45      5,406
          POS              1,413        446     58,583      2.36     59,996
    7147  CRT                  5          1          1     83.33          6
          POS                198         99     35,166       .56     35,364
    7432  POS                718        359     19,955      3.47     20,673

 PAGE     7

           MDPSC DIAL TRAFFIC USAGE REPORT     07/07/86   16.37.46
                      (INCLUDES DIAL POS, CRT, AND ARU)
                     BY ACCESS BY DEVICE BY NODE DETAIL
                       FOR ENTIRE MONTH OF JUNE, 1986

  ACCESS TYPE   LOCATION  MULTI-   MULTI-
  -----------   --------  TRANS    TRANS        SINGLE PERCENT        GROUP
    NODE  DEVICE TYPE     TOTAL    SESSIONS     TRANS  MULTITRAN      TOTAL
    ----  -----------     ------   --------     ------ ---------      -----
     TOTAL FOR HI DENS
                       4,788,993     45,075    962,759     83.26  5,751,752

  TYMNET LOCAL  LO DENS
    2026  POS                  0          0        139                  139
    2101  POS                 58         29      3,835      1.49      3,893
    2177  POS                  0          0         39                   39
    2237  POS                  0          0        414                  414
    2263  POS                  6          3      1,678       .36      1,684
    2376  POS                  4          2      4,827       .08      4,831
    2554  POS                  0          0        882                  882
    2637  POS                  2          1        946       .21        948
    2676  POS                 78         39     13,457       .58     13,535
    2720  POS                 32         16      3,115      1.02      3,147
    2732  CRT              1,441         32          1     99.93      1,442
          POS             10,391        919        565     94.84     10,956
    3010  POS                 86         43      2,172      3.81      2,258
    3017  POS                  6          3      3,883       .15      3,889
    3026  POS                 28         14      3,596       .77      3,624
    3120  POS                208        104     11,530      1.77     11,738
    3123  POS                 58         29     10,774       .54     10,832
    3164  POS                 30         15     20,718       .14     20,748
    3165  POS                 14          7      1,316      1.05      1,330
    3212  CRT                  8          4         10     44.44         18
          POS                674        337     32,894      2.01     33,568
    3214  CRT                 99          4          0    100.00         99
          POS              6,551        221        311     95.47      6,862
    3225  CRT              2,544         70          5     99.80      2,549
          POS                338        169     23,103      1.44     23,441
    3235  POS                 86         43     13,372       .64     13,458
    3307  POS                  0          0      3,185                3,185
    3324  POS                  6          3        667       .89        673
    3356  POS              4,422        724        475     90.30      4,897
    3366  POS                  0          0        951                  951
    3377  CRT                903         18          2     99.78        905
          POS              8,040        666        374     95.56      8,414
    3401  POS             46,350        466        561     98.80     46,911
    3514  POS             16,540        617        734     95.75     17,274
    3515  POS             20,677        412        666     96.88     21,343
    3521  POS                  2          1      1,412       .14      1,414
    3522  POS                 66         33     23,867       .28     23,933
    3533  POS                 22         11      3,013       .72      3,035
 PAGE     8

           MDPSC DIAL TRAFFIC USAGE REPORT     07/07/86   16.37.46
                      (INCLUDES DIAL POS, CRT, AND ARU)
                     BY ACCESS BY DEVICE BY NODE DETAIL
                       FOR ENTIRE MONTH OF JUNE, 1986

  ACCESS TYPE   LOCATION  MULTI-   MULTI-
  -----------   --------  TRANS    TRANS        SINGLE PERCENT        GROUP
    NODE  DEVICE TYPE     TOTAL    SESSIONS     TRANS  MULTITRAN      TOTAL
    ----  -----------     ------   --------     ------ ---------      -----
  TYMNET LOCAL  LO DENS
    3545  POS                 44         22      9,490       .46      9,534
    3567  POS                  8          4      4,362       .18      4,370
    3604  POS                 22         11     13,032       .17     13,054
    3607  POS                 52         26      9,362       .55      9,414
    3623  POS             12,874        421        379     97.14     13,253
    3624  POS                118         59     21,364       .55     21,482
    3625  POS                 20         10      1,814      1.09      1,834
    3630  POS                 16          8      7,014       .23      7,030
    3651  CRT                170         21          1     99.42        171
          POS              2,319        272        284     89.09      2,603
    3652  POS                 52         26      6,093       .85      6,145
    3653  POS                106         53     20,065       .53     20,171
    3656  POS             10,206        353        189     98.18     10,395
    3661  POS                106         53     11,598       .91     11,704
    3675  POS                 64         32      6,093      1.04      6,157
    3677  POS                  2          1      1,752       .11      1,754
    3704  POS                 22         11      6,389       .34      6,411
    3726  POS                 22         11      4,138       .53      4,160
    3730  POS                  8          4      1,402       .57      1,410
    3731  POS                 42         21      6,434       .65      6,476
    4012  POS                 32         16      5,771       .55      5,803
    4025  POS             15,144        347        169     98.90     15,313
    4044  POS                 50         25      3,197      1.54      3,247
    4107  CRT              6,361         83          3     99.95      6,364
          POS             31,013        854        397     98.74     31,410
    4111  POS                  0          0          2                    2
    4114  POS              1,004        150      4,182     19.36      5,186
    4121  CRT              3,674        142          4     99.89      3,678
          POS                120         60      7,374      1.60      7,494
    4122  POS              6,316        635        593     91.42      6,909
    4153  POS             18,598        835        680     96.47     19,278
    4205  POS                  6          3      5,745       .10      5,751
    4220  POS                200        100     20,632       .96     20,832
    4222  CRT                  0          0          2                    2
          POS                 38         19      8,077       .47      8,115
    4225  CRT              1,316         67          0    100.00      1,316
          POS                  4          2      2,199       .18      2,203
    4244  POS                 20         10      3,858       .52      3,878
    4252  POS                 78         39      8,284       .93      8,362
    4317  POS                 48         24      3,247      1.46      3,295
    4330  POS             38,043        587      4,052     90.37     42,095
 PAGE     9

           MDPSC DIAL TRAFFIC USAGE REPORT     07/07/86   16.37.46
                      (INCLUDES DIAL POS, CRT, AND ARU)
                     BY ACCESS BY DEVICE BY NODE DETAIL
                       FOR ENTIRE MONTH OF JUNE, 1986

  ACCESS TYPE   LOCATION  MULTI-   MULTI-
  -----------   --------  TRANS    TRANS        SINGLE PERCENT        GROUP
    NODE  DEVICE TYPE     TOTAL    SESSIONS     TRANS  MULTITRAN      TOTAL
    ----  -----------     ------   --------     ------ ---------      -----
  TYMNET LOCAL  LO DENS
    4340  POS                 20         10      1,257      1.57      1,277
    4344  POS                  0          0      1,179                1,179
    4351  CRT                644         45          6     99.08        650
          POS                 28         14      5,117       .54      5,145
    4363  POS                 10          5      1,915       .52      1,925
    4406  POS                  2          1        290       .68        292
    4443  POS                  6          3      2,541       .24      2,547
    4467  POS                 28         14      6,731       .41      6,759
    4476  POS                  0          0          1                    1
    4705  POS                  8          4      3,066       .26      3,074
    4722  POS                 78         39      9,038       .86      9,116
    4746  POS                 14          7     13,400       .10     13,414
    4750  POS                136         68     16,980       .79     17,116
    4751  POS                 52         26      5,169      1.00      5,221
    4752  POS                 22         11      5,583       .39      5,605
    4770  POS                 86         43      3,349      2.50      3,435
    4771  POS                 14          7      2,500       .56      2,514
    5013  POS                 10          5      5,182       .19      5,192
    5021  POS                  8          4      3,285       .24      3,293
    5022  POS                  8          4      2,799       .29      2,807
    5044  POS                 32         16      5,326       .60      5,358
    5063  POS                  2          1      1,356       .15      1,358
    5104  POS                 94         47      7,751      1.20      7,845
    5142  POS                 54         27     10,628       .51     10,682
    5225  POS                  0          0      1,041                1,041
    5251  POS                  2          1      1,932       .10      1,934
    5256  POS                  0          0        288                  288
    5273  POS                  6          3      2,544       .24      2,550
    5275  POS                  6          3        490      1.21        496
    5276  POS                 10          5        815      1.21        825
    5301  POS                164         81     15,480      1.05     15,644
    5302  POS                  0          0        683                  683
    5304  POS                132         65      5,764      2.24      5,896
    5335  POS             13,770        626        647     95.51     14,417
    5336  CRT                589         25        382     60.66        971
          POS              3,674        472        472     88.62      4,146
    5347  CRT                  3          1          0    100.00          3
          POS                 20         10      5,651       .35      5,671
    5350  POS                 14          7      2,251       .62      2,265
    5351  POS                202        101     33,880       .59     34,082
    5362  POS                  2          1      1,167       .17      1,169
 PAGE    10

           MDPSC DIAL TRAFFIC USAGE REPORT     07/07/86   16.37.46
                      (INCLUDES DIAL POS, CRT, AND ARU)
                     BY ACCESS BY DEVICE BY NODE DETAIL
                       FOR ENTIRE MONTH OF JUNE, 1986

  ACCESS TYPE   LOCATION  MULTI-   MULTI-
  -----------   --------  TRANS    TRANS        SINGLE PERCENT        GROUP
    NODE  DEVICE TYPE     TOTAL    SESSIONS     TRANS  MULTITRAN      TOTAL
    ----  -----------     ------   --------     ------ ---------      -----
  TYMNET LOCAL  LO DENS
    5411  CRT                  6          2         23     20.69         29
          POS                 22         11      3,783       .58      3,805
    5412  POS                 58         29      9,698       .59      9,756
    5413  POS                 42         21     11,260       .37     11,302
    5414  POS                 66         33      8,752       .75      8,818
    5415  POS                 48         24      8,067       .59      8,115
    5502  POS                  0          0        459                  459
    5503  POS                 90         45      8,497      1.05      8,587
    5525  POS                 28         14      8,214       .34      8,242
    5526  POS                 16          8      4,425       .36      4,441
    5530  POS                196         98     18,590      1.04     18,786
    5531  CRT                 18          6          3     85.71         21
          POS                 88         44      7,803      1.12      7,891
    5537  POS                 14          7      2,085       .67      2,099
    5660  POS                174         87      9,515      1.80      9,689
    5734  POS                 66         33     13,909       .47     13,975
    6014  POS                 76         38      7,423      1.01      7,499
    6341  POS                120         60      7,836      1.51      7,956
    6342  POS                 20         10      5,590       .36      5,610
    6343  POS                 74         37      7,826       .94      7,900
    6344  POS                 46         23      3,197      1.42      3,243
    6401  POS                 95         43      7,598      1.23      7,693
    6403  POS                 10          5      1,295       .77      1,305
    6412  POS                  4          2        905       .44        909
    6465  POS                118         59      9,795      1.19      9,913
    6471  POS              5,845        533        431     93.13      6,276
    6473  POS                 16          8      7,684       .21      7,700
    6523  CRT              1,779        175         12     99.33      1,791
          POS                 76         38      7,338      1.03      7,414
    6545  POS                 24         12      2,972       .80      2,996
    6546  POS                119         59     13,628       .87     13,747
    6547  POS                 88         44      9,327       .93      9,415
    6551  POS                  6          3        388      1.52        394
    6563  POS                  6          3      3,202       .19      3,208
    6564  POS                  2          1      4,194       .05      4,196
    6565  POS                116         58     29,535       .39     29,651
    6567  POS                130         65     22,174       .58     22,304
    6607  POS                  8          4      2,419       .33      2,427
    6660  POS                  4          2      1,266       .31      1,270
    6675  POS                 16          8      2,083       .76      2,099
    6762  POS                  0          0        245                  245
 PAGE    11

           MDPSC DIAL TRAFFIC USAGE REPORT     07/07/86   16.37.46
                      (INCLUDES DIAL POS, CRT, AND ARU)
                     BY ACCESS BY DEVICE BY NODE DETAIL
                       FOR ENTIRE MONTH OF JUNE, 1986

  ACCESS TYPE   LOCATION  MULTI-   MULTI-
  -----------   --------  TRANS    TRANS        SINGLE PERCENT        GROUP
    NODE  DEVICE TYPE     TOTAL    SESSIONS     TRANS  MULTITRAN      TOTAL
    ----  -----------     ------   --------     ------ ---------      -----
  TYMNET LOCAL  LO DENS
    6771  POS                 38         19      2,290      1.63      2,328
    6774  POS                 40         20      8,640       .46      8,680
    6775  CRT                 17          2          0    100.00         17
          POS                 72         36     10,570       .68     10,642
    7043  POS                133         66     21,473       .62     21,606
    7044  POS                 10          5     13,108       .08     13,118
    7124  POS                159         38      1,737      8.39      1,896
    7125  POS                 50         25      6,545       .76      6,595
    7126  POS                  0          0        258                  258
    7150  CRT                 18          2          0    100.00         18
          POS                190         95     15,290      1.23     15,480
    7154  POS                  4          2      2,394       .17      2,398
    7200  POS                 12          6      5,713       .21      5,725
    7212  CRT                  6          1          1     85.71          7
          POS                  0          0      1,941                1,941
    7213  POS                  0          0        166                  166
    7214  POS                  6          3      7,343       .08      7,349
    7215  POS                  8          4      3,302       .24      3,310
    7216  POS                114         57      5,119      2.18      5,233
    7217  POS                 22         11      3,278       .67      3,300
    7221  CRT                 52         18          2     96.30         54
          POS                  2          1      2,095       .10      2,097
    7301  POS                  2          1        509       .39        511
    7305  POS                 12          6      1,400       .85      1,412
    7315  POS                  0          0         36                   36
    7316  POS                 76         38      3,853      1.93      3,929
    7322  POS                  8          4      2,200       .36      2,208
    7323  POS                 12          6      7,841       .15      7,853
    7324  CRT              3,135         16          0    100.00      3,135
          POS                 38         19     12,378       .31     12,416
    7325  CRT                151         11          0    100.00        151
          POS                188         94     19,214       .97     19,402
    7326  POS                  6          3      2,474       .24      2,480
    7327  POS                 38         19      4,378       .86      4,416
    7331  CRT                 22          3          0    100.00         22
          POS                 24         12      5,846       .41      5,870
    7332  POS                  6          3      1,495       .40      1,501
    7333  POS                  2          1      1,540       .13      1,542
    7336  POS                  4          2        840       .47        844
    7337  POS                  0          0      1,080                1,080
    7340  POS                  0          0        490                  490
 PAGE    12

           MDPSC DIAL TRAFFIC USAGE REPORT     07/07/86   16.37.46
                      (INCLUDES DIAL POS, CRT, AND ARU)
                     BY ACCESS BY DEVICE BY NODE DETAIL
                       FOR ENTIRE MONTH OF JUNE, 1986

  ACCESS TYPE   LOCATION  MULTI-   MULTI-
  -----------   --------  TRANS    TRANS        SINGLE PERCENT        GROUP
    NODE  DEVICE TYPE     TOTAL    SESSIONS     TRANS  MULTITRAN      TOTAL
    ----  -----------     ------   --------     ------ ---------      -----
  TYMNET LOCAL  LO DENS
    7341  POS                 72         36      4,530      1.56      4,602
    7364  POS                  0          0        197                  197
    7371  POS                 28         14      5,947       .47      5,975
    7372  POS                 62         31      7,913       .78      7,975
    7373  POS                 66         33     16,573       .40     16,639
    7374  POS                 12          6      2,709       .44      2,721
    7375  POS                  2          1        208       .95        210
    7376  CRT                  0          0          1                    1
          POS                 22         11      7,896       .28      7,918
    7434  POS                  4          2      2,433       .16      2,437
    7435  POS                 24         12     30,809       .08     30,833
    7447  POS                  0          0          4                    4
    7453  POS                 34         17      2,147      1.56      2,181
    7454  POS                 10          5      1,535       .65      1,545
    7456  POS                  0          0        853                  853
    7457  POS                  2          1      1,024       .19      1,026
    7460  POS                  2          1        617       .32        619
    7461  POS                 22         11      2,046      1.06      2,068
    7462  POS                 80         40      7,624      1.04      7,704
    7463  POS                  6          3      2,825       .21      2,831
    7464  POS                  2          1        555       .36        557
    7466  POS                  0          0        514                  514
    7467  POS                  2          1        546       .36        548
    7470  POS                 76         38     12,694       .60     12,770
    7471  POS                  4          2      1,940       .21      1,944
    7472  POS                  0          0      2,833                2,833
    7550  POS                  0          0         83                   83
    7631  POS                  2          1        852       .23        854
    7632  POS                 38         19      8,997       .42      9,035
    7645  POS                  6          3      3,915       .15      3,921
    7646  POS                  2          1      1,574       .13      1,576
    7647  POS                159         79     18,316       .86     18,475
    7650  POS                 10          5      2,259       .44      2,269
    7652  POS                 12          6      3,807       .31      3,819
    7653  POS                 48         24     12,371       .39     12,419
    7706  POS                 16          8      2,717       .59      2,733
    7707  POS                 38         19      9,923       .38      9,961
    7711  POS                 30         15      1,795      1.64      1,825
    7712  POS                  0          0          5                    5
    7714  POS                  0          0          2                    2
    7716  POS                 30         15      1,887      1.56      1,917
 PAGE    13

           MDPSC DIAL TRAFFIC USAGE REPORT     07/07/86   16.37.46
                      (INCLUDES DIAL POS, CRT, AND ARU)
                     BY ACCESS BY DEVICE BY NODE DETAIL
                       FOR ENTIRE MONTH OF JUNE, 1986

  ACCESS TYPE   LOCATION  MULTI-   MULTI-
  -----------   --------  TRANS    TRANS        SINGLE PERCENT        GROUP
    NODE  DEVICE TYPE     TOTAL    SESSIONS     TRANS  MULTITRAN      TOTAL
    ----  -----------     ------   --------     ------ ---------      -----
  TYMNET LOCAL  LO DENS
    7717  POS                 34         17      3,081      1.09      3,115
    7721  POS                  0          0          2                    2
    7725  POS                 20         10      3,612       .55      3,632
    7726  POS                  2          1        192      1.03        194
    7730  POS                 86         43      5,613      1.51      5,699
    7731  POS                148         74     45,664       .32     45,812
    7733  POS                  8          4        922       .86        930
    7735  POS                  2          1        466       .43        468
    7737  POS                 70         35      5,305      1.30      5,375
    7776  POS                  0          0        506                  506

     TOTAL FOR LO DENS
                         303,758     15,321  1,288,272     19.08  1,592,030

                MED DENS
    2343  POS                 32         16      2,645      1.20      2,677
    2365  CRT              1,105         34          4     99.64      1,109
          POS             14,325        659        539     96.37     14,864
    2432  CRT                  4          1          1     80.00          5
          POS                100         50     20,409       .49     20,509
    2450  POS                 40         20      8,266       .48      8,306
    2465  CRT              5,611        133         29     99.49      5,640
          POS              1,742        387     67,025      2.53     68,767
    2564  POS                919        387      1,675     35.43      2,594
    2565  CRT              3,438        114         54     98.45      3,492
          POS             19,095        474        444     97.73     19,539
    2613  POS                 30         15     14,903       .20     14,933
    2616  CRT                263          7          0    100.00        263
          POS             72,191        572        902     98.77     73,093
    2655  POS             31,923        800        566     98.26     32,489
    2675  POS                 10          5      1,473       .67      1,483
    2706  POS                234        117     18,654      1.24     18,888
    2710  CRT              1,779         66          7     99.61      1,786
          POS             42,041      1,011      4,288     90.74     46,329
    2723  POS             31,634        916        904     97.22     32,538
    3003  POS                  8          4      1,980       .40      1,988
    3006  POS                146         73     33,315       .44     33,461
    3055  POS             20,064        628        430     97.90     20,494
    3066  CRT                343         38         28     92.45        371
          POS                 66         33      6,629       .99      6,695
 PAGE    14

           MDPSC DIAL TRAFFIC USAGE REPORT     07/07/86   16.37.46
                      (INCLUDES DIAL POS, CRT, AND ARU)
                     BY ACCESS BY DEVICE BY NODE DETAIL
                       FOR ENTIRE MONTH OF JUNE, 1986

  ACCESS TYPE   LOCATION  MULTI-   MULTI-
  -----------   --------  TRANS    TRANS        SINGLE PERCENT        GROUP
    NODE  DEVICE TYPE     TOTAL    SESSIONS     TRANS  MULTITRAN      TOTAL
    ----  -----------     ------   --------     ------ ---------      -----
  TYMNET LOCAL  MED DENS
    3073  CRT                122         14          3     97.60        125
          POS             35,147        740        749     97.91     35,896
    3076  CRT                 31          6          5     86.11         36
          POS             77,493        794      1,781     97.75     79,274
    3100  POS             67,551        871     10,917     86.09     78,468
    3106  POS              9,387        431      1,671     84.89     11,058
    3107  CRT              3,576        675        749     82.68      4,325
          POS             40,080        920        405     99.00     40,485
    3111  POS             27,218        490        901     96.80     28,119
    3122  POS             11,016        337      1,532     87.79     12,548
    3127  POS             27,926        862      6,383     81.40     34,309
    3220  POS                301        150     17,094      1.73     17,395
    3266  CRT              1,732         42          1     99.94      1,733
          POS                184         92     19,772       .92     19,956
    3344  POS                  0          0         40                   40
    3360  CRT                 32         11         20     61.54         52
          POS             40,432        520        495     98.79     40,927
    3361  POS                 90         45      9,259       .96      9,349
    3406  POS             59,940        918        658     98.91     60,598
    3407  POS             48,114        685        841     98.28     48,955
    3410  CRT              4,320        116          2     99.95      4,322
          POS            146,435        705     10,900     93.07    157,335
    3415  POS                 52         26      8,418       .61      8,470
    3420  POS             31,622        646      2,793     91.88     34,415
    3437  CRT                370         47         17     95.61        387
          POS                122         61     20,693       .59     20,815
    3456  CRT             22,410        740         35     99.84     22,445
          POS             53,406        773     13,133     80.26     66,539
    3505  CRT                756         82         86     89.79        842
          POS             70,285        449        494     99.30     70,779
    3516  POS                 62         31      6,496       .95      6,558
    3532  CRT              1,586         20          0    100.00      1,586
          POS             14,888        809      2,697     84.66     17,585
    3546  CRT              1,179         44          7     99.41      1,186
          POS             11,986        858        734     94.23     12,720
    3547  POS             15,708        428        685     95.82     16,393
    3561  POS                102         51     31,886       .32     31,988
    3566  POS             12,643        600      3,068     80.47     15,711
    3603  POS             63,709        831      1,471     97.74     65,180
    3605  POS             23,625      1,159      3,223     88.00     26,848
    3606  POS             51,767        716        398     99.24     52,165
 PAGE    15

           MDPSC DIAL TRAFFIC USAGE REPORT     07/07/86   16.37.46
                      (INCLUDES DIAL POS, CRT, AND ARU)
                     BY ACCESS BY DEVICE BY NODE DETAIL
                       FOR ENTIRE MONTH OF JUNE, 1986

  ACCESS TYPE   LOCATION  MULTI-   MULTI-
  -----------   --------  TRANS    TRANS        SINGLE PERCENT        GROUP
    NODE  DEVICE TYPE     TOTAL    SESSIONS     TRANS  MULTITRAN      TOTAL
    ----  -----------     ------   --------     ------ ---------      -----
  TYMNET LOCAL  MED DENS
    3634  POS                158         76      9,379      1.66      9,537
    3643  CRT                123         26          5     96.09        128
          POS             29,434        552        387     98.70     29,821
    3645  POS             83,191      1,109      9,624     89.63     92,815
    3654  POS             44,792        395      3,546     92.66     48,338
    3662  POS                116         58     17,977       .64     18,093
    3666  POS             20,048        439      2,800     87.75     22,848
    3670  POS                  8          4        726      1.09        734
    3673  POS             13,092        841        340     97.47     13,432
    3703  POS                604        302     44,767      1.33     45,371
    3705  POS             26,447        566      1,522     94.56     27,969
    3721  POS             34,148        751        437     98.74     34,585
    3725  POS                140         70     29,752       .47     29,892
    3727  POS                 68         34      8,063       .84      8,131
    4000  CRT              7,271        214         41     99.44      7,312
          POS              1,254        586    118,536      1.05    119,790
    4045  CRT              1,295          7          0    100.00      1,295
          POS             35,000        372      2,086     94.38     37,086
    4100  CRT                 57          7          2     96.61         59
          POS             71,004      1,077      1,320     98.17     72,324
    4105  CRT                184         27          5     97.35        189
          POS             95,329        714        685     99.29     96,014
    4117  POS                120         60     10,316      1.15     10,436
    4131  CRT              4,197        341         54     98.73      4,251
          POS             56,684        608        719     98.75     57,403
    4154  POS             13,652        512        421     97.01     14,073
    4212  CRT              1,179        100         31     97.44      1,210
          POS             50,503        397      4,508     91.81     55,011
    4257  POS                310        155     33,818       .91     34,128
    4262  POS             43,421        728        438     99.00     43,859
    4263  POS             49,119        659        668     98.66     49,787
    4311  POS                 16          8      3,712       .43      3,728
    4313  ARU             15,986        440         90     99.44     16,076
          POS             90,905        730      2,214     97.62     93,119
    4405  CRT             11,690        365         27     99.77     11,717
          POS                236        118     22,073      1.06     22,309
    4430  POS                158         79     24,674       .64     24,832
    4542  POS                166         83     21,349       .77     21,515
    4672  POS                 32         16      9,823       .32      9,855
    4755  POS             73,437        795        554     99.25     73,991
    5260  POS                 54         27     10,125       .53     10,179
 PAGE    16

           MDPSC DIAL TRAFFIC USAGE REPORT     07/07/86   16.37.46
                      (INCLUDES DIAL POS, CRT, AND ARU)
                     BY ACCESS BY DEVICE BY NODE DETAIL
                       FOR ENTIRE MONTH OF JUNE, 1986

  ACCESS TYPE   LOCATION  MULTI-   MULTI-
  -----------   --------  TRANS    TRANS        SINGLE PERCENT        GROUP
    NODE  DEVICE TYPE     TOTAL    SESSIONS     TRANS  MULTITRAN      TOTAL
    ----  -----------     ------   --------     ------ ---------      -----
  TYMNET LOCAL  MED DENS
    5441  CRT                  3          1          0    100.00          3
          POS             58,896        595      1,158     98.07     60,054
    5456  POS                380        189     31,922      1.18     32,302
    6035  POS             11,319        381        254     97.81     11,573
    6106  POS             10,738        673      2,182     83.11     12,920
    6337  CRT                257         87        132     66.07        389
          POS                120         60      8,573      1.38      8,693
    7220  CRT              9,752        399         13     99.87      9,765
          POS              1,806        301     11,057     14.04     12,863
    7306  POS              9,518        749        569     94.36     10,087
   10113  POS                103         51      4,363      2.31      4,466

     TOTAL FOR MED DENS
                       2,203,068     42,289    823,519     72.79  3,026,587

                PUERTO RICO
    3322  POS                 34         17      3,522       .96      3,556

     TOTAL FOR TYMNET LOCAL
                       7,438,394    104,864  3,270,628     69.46 10,709,022

 PAGE    17

           MDPSC DIAL TRAFFIC USAGE REPORT     07/07/86   16.37.46
                      (INCLUDES DIAL POS, CRT, AND ARU)
                     BY ACCESS BY DEVICE BY NODE DETAIL
                       FOR ENTIRE MONTH OF JUNE, 1986

  ACCESS TYPE   LOCATION  MULTI-   MULTI-
  -----------   --------  TRANS    TRANS        SINGLE PERCENT        GROUP
    NODE  DEVICE TYPE     TOTAL    SESSIONS     TRANS  MULTITRAN      TOTAL
    ----  -----------     ------   --------     ------ ---------      -----
  TYMNET WATS   CUPER. WATS
    2400  POS                  6          3      2,242       .27      2,248

                K.O.P. WATS
    2346  CRT                704         34         18     97.51        722
          POS            516,819        991      2,012     99.61    518,831
    4372  CRT              8,060        313         41     99.49      8,101
          POS            197,345        925      1,941     99.03    199,286
    7655  CRT              2,677        156          6     99.78      2,683
          POS            478,838      1,057      2,215     99.54    481,053
    7656  CRT                877         88         34     96.27        911
          POS            506,669      1,249      3,600     99.29    510,269

     TOTAL FOR K.O.P. WATS
                       1,711,989      4,813      9,867     99.43  1,721,856

                S.F. WATS
    3035  CRT              4,532        766        333     93.16      4,865
          POS            731,104      1,077     24,422     96.77    755,526
    3707  CRT              1,259        147         32     97.52      1,291
          POS            355,625        708      4,762     98.68    360,387
    7512  CRT              1,651        244         85     95.10      1,736
          POS            173,563        610      4,821     97.30    178,384
    7513  CRT                546         45          7     98.73        553
          POS             83,725        909      1,527     98.21     85,252

     TOTAL FOR S.F. WATS
                       1,352,005      4,506     35,989     97.41  1,387,994
     TOTAL FOR TYMNET WATS
                       3,064,000      9,322     48,098     98.45  3,112,098

 PAGE    18

           MDPSC DIAL TRAFFIC USAGE REPORT     07/07/86   16.37.46
                      (INCLUDES DIAL POS, CRT, AND ARU)
                     BY ACCESS BY DEVICE BY NODE DETAIL
                       FOR ENTIRE MONTH OF JUNE, 1986

  ACCESS TYPE   LOCATION  MULTI-   MULTI-
  -----------   --------  TRANS    TRANS        SINGLE PERCENT        GROUP
    NODE  DEVICE TYPE     TOTAL    SESSIONS     TRANS  MULTITRAN      TOTAL
    ----  -----------     ------   --------     ------ ---------      -----
  UNKNOWN       UNKNOWN
    2034  POS                  4          2          1     80.00          5
    2065  POS                  4          2          0    100.00          4
    2437  CRT                  0          0          1                    1
          POS                  2          1         22      8.33         24
    3143  CRT                221         37         14     94.04        235
          POS                 62          4        306     16.85        368
    3146  POS                  8          4        705      1.12        713
    3223  CRT                  5          2          0    100.00          5
    4221  CRT                 27          5          8     77.14         35
          POS                  2          1          0    100.00          2
    4500  CRT                 14          5          8     63.64         22
    4621  CRT                  5          2          1     83.33          6
    5011  CRT                  9          3          0    100.00          9
    5367  ARU                  0          0          1                    1
          POS                  0          0          1                    1
    5513  POS                  2          1        986       .20        988
    5602  POS                 83          1          0    100.00         83
    6152  POS                  4          1          0    100.00          4
    7136  ARU                 90         32         19     82.57        109
    7242  POS                  0          0          2                    2

     TOTAL FOR UNKNOWN
                             542        103      2,075     20.71      2,617
     TOTAL FOR UNKNOWN
                             542        103      2,075     20.71      2,617

 PAGE    19

           MDPSC DIAL TRAFFIC USAGE REPORT     07/07/86   16.37.46
                      (INCLUDES DIAL POS, CRT, AND ARU)
                     BY ACCESS BY DEVICE BY NODE DETAIL
                       FOR ENTIRE MONTH OF JUNE, 1986

  ACCESS TYPE   LOCATION  MULTI-   MULTI-
  -----------   --------  TRANS    TRANS        SINGLE PERCENT        GROUP
    NODE  DEVICE TYPE     TOTAL    SESSIONS     TRANS  MULTITRAN      TOTAL
    ----  -----------     ------   --------     ------ ---------      -----

  TOTAL               11,587,619    124,202  3,380,911     77.41 14,968,530
 #à