Link11 Memory Allocation Map  ****  Date 9/8/86  ****  Time 17:06:24


Link11 Version 5.2M
*@LK4036{LK4036.CMD:  sv4036/img/b:21000,MP4036=cg4036,ru4036,exec,error,pkt1
*pkt2,pkt3d,cmdsat,cmdsst,trmst,trmfst,trmpst,trmtst,zapbuf,auto7,xltcrs,xltebc
*lnk1,lnkia,lkist1,lkist2,tyma,linast,linbst,once,end}/E

Module: COMMON                   File: CG4036.OBJ
Module: ROUTE                    File: RU4036.OBJ
Module: EXEC                     File: EXEC.OBJ
Module: ERROR                    File: ERROR.OBJ
Module: PKT1                     File: PKT1.OBJ
Module: PKT2                     File: PKT2.OBJ
Module: PKT3D                    File: PKT3D.OBJ
Module: CMDSAT                   File: CMDSAT.OBJ
Module: CMDS                     File: CMDSST.OBJ
Module: TRM                      File: TRMST.OBJ
Module: TRMF                     File: TRMFST.OBJ
Module: TRMP                     File: TRMPST.OBJ
Module: TRMT                     File: TRMTST.OBJ
Module: ZAPBUF                   File: ZAPBUF.OBJ
Module: AUTO7                    File: AUTO7.OBJ
Module: XLTCRS                   File: XLTCRS.OBJ
Module: XLTEBC                   File: XLTEBC.OBJ
Module: LNK1                     File: LNK1.OBJ
Module: LNKIA                    File: LNKIA.OBJ
Module: LKIPK1                   File: LKIST1.OBJ
Module: LKIPK2                   File: LKIST2.OBJ
Module: TYMA                     File: TYMA.OBJ
Module: LINA                     File: LINAST.OBJ
Module: LINB                     File: LINBST.OBJ
Module: ONCE                     File: ONCE.OBJ
Module: END                      File: END.OBJ

Program file:     SV4036.IMG
Program name:     COMMON
Transfer address: 021000  

Memory limits:          Low    High   Length
	<LOWMEM>      021000  021146  000146        51. Words
	<SX    >      021146  021212  000044        18. Words
	<PURE  >      021212  030734  007522      1961. Words
	<MAIN  >      030734  032026  001072       285. Words
	<CODE  >      032026  106034  054006     11267. Words
	<SECOND>      106034  106066  000032        13. Words
	<TENTHS>      106066  106110  000022         9. Words
	<INIT  >      106110  106112  000002         1. Words
	<.XDT. >      106112  106164  000052        21. Words
	<.SYM. >      106164  106164  000000         0. Words
	<PDATA >      106164  106260  000074        30. Words
	<DDB   >      106260  106476  000216        71. Words
	<LDB   >      106476  107026  000330       108. Words
	<ADB   >      107026  107176  000150        52. Words
	<SDB   >      107176  111354  002156       567. Words
	<IMPURE>      111354  113410  002034       526. Words
	<ONCE  >      113410  114076  000466       155. Words
	<VECTBL>      114076  114244  000146        51. Words
	<INIDAT>      114244  114244  000000         0. Words
	<FALCBT>      114244  114244  000000         0. Words
	<INIBYT>      114244  114244  000000         0. Words
	Overall       021000  114244  073244     15186. Words

********************************************
Module: COMMON                                    1523. Words
			Low    High   Length
	      ADARBF  000016  Global
	      ADARSR  000014  Global
	      ADAXBF  000022  Global
	      ADAXSR  000020  Global
	      ADBBFR  000042  Global
	      ADBBRB  000026  Global
	      ADBBRK  000024  Global
	      ADBCSR  000014  Global
	      ADBFLG  000032  Global
	      ADBLPR  000016  Global
	      ADBMSB  000030  Global
	      ADBMSR  000022  Global
	      ADBRBF  000016  Global
	      ADBTCR  000020  Global
	      ADBTDR  000022  Global
	      ADFUNC  000002  Global
	      ADINDX  000006  Global
	      ADINIT  000004  Global
	      ADMAXI  000013  Global
	      ADNEXT  000010  Global
	      ADOUTP  000000  Global
	      ADSTS1  000012  Global
	      CLKREG  177546  Global
	      DDCBGN  000026  Global
	      DDCEND  000032  Global
	      DDCSIZ  000002  Global
	      DDDDBI  000016  Global
	      DDERBC  000134  Global
	      DDERBF  000116  Global
	      DDERCS  000132  Global
	      DDERFT  000142  Global
	      DDERFW  000126  Global
	      DDERFX  000136  Global
	      DDERFY  000140  Global
	      DDERFZ  000142  Global
	      DDERHO  000140  Global
	      DDERIP  000120  Global
	      DDERIS  000114  Global
	      DDERNP  000124  Global
	      DDEROR  000122  Global
	      DDERPC  000130  Global
	      DDERRX  000144  Global
	      DDERSI  000136  Global
	      DDERSZ  000126  Global
	      DDID    000006  Global
	      DDINDX  000007  Global
	      DDLICZ  000004  Global
	      DDLIFC  000154  Global
	      DDLILC  000164  Global
	      DDLILD  000150  Global
	      DDLINL  000152  Global
	      DDLINN  000146  Global
	      DDLINU  000154  Global
	      DDLISC  000155  Global
	      DDLISN  000163  Global
	      DDLITY  000162  Global
	      DDLIUP  000156  Global
	      DDLKCZ  000027  Global
	      DDLKEC  000066  Global
	      DDLKER  000114  Global
	      DDLKFC  000070  Global
	      DDLKFH  000106  Global
	      DDLKFN  000112  Global
	      DDLKFP  000046  Global
	      DDLKFT  000110  Global
	      DDLKIN  000036  Global
	      DDLKIS  000040  Global
	      DDLKLC  000146  Global
	      DDLKLD  000044  Global
	      DDLKNA  000056  Global
	      DDLKNS  000034  Global
	      DDLKNX  000032  Global
	      DDLKN1  000052  Global
	      DDLKN2  000054  Global
	      DDLKPS  000113  Global
	      DDLKP0  000050  Global
	      DDLKSP  000104  Global
	      DDLKST  000042  Global
	      DDLKTP  000065  Global
	      DDLKXT  000002  Global
	      DDLK0H  000070  Global
	      DDLK0T  000072  Global
	      DDLK1H  000074  Global
	      DDLK1T  000076  Global
	      DDLK2H  000100  Global
	      DDLK2T  000102  Global
	      DDNCON  000030  Global
	      DDPOKE  000010  Global
	      DDPRIV  000002  Global
	      DDRSUM  000012  Global
	      DDSDBI  000020  Global
	      DDSOC   000004  Global
	      DDSSRC  000014  Global
	      DDSTS0  000000  Global
	      DDSTS1  000026  Global
	      DDSUSD  000160  Global
	      DDSX    000022  Global
	      DDWLD   000024  Global
	      DEVMAX  000012  Global
	      DXSIZE  000002  Global
	      EDTNO   000000  Global
	      EDTNUM  000001  Global
	      FSCCSR  176504  Global
	      FSCVEC  000304  Global
	      JIFDIV  000005  Global
	      JIFMUL  000003  Global
	      JIFM05  043120  Global
	      JIFM10  106240  Global
	      JIFM15  151360  Global
	      JIFO10  000006  Global
	      JIFO2   000036  Global
	      JIFO4   000017  Global
	      JIFSEC  000074  Global
	      JIFX10  001130  Global
	      JIFX15  001604  Global
	      JIFX16  001700  Global
	      JIFX2   000170  Global
	      JIFX20  002260  Global
	      JIFX30  003410  Global
	      JIFX60  007020  Global
	      JIFX8   000740  Global
	      JIFX90  012430  Global
	      JIF150  021450  Global
	      JIF180  025060  Global
	      LDERBD  000244  Global
	      LDIACZ  000007  Global
	      LDIAEA  000256  Global
	      LDIAED  000260  Global
	      LDIAEI  000262  Global
	      LDIAEL  000264  Global
	      LDIAEN  000266  Global
	      LDIAEO  000270  Global
	      LDIAEP  000272  Global
	      LDIAFC  000312  Global
	      LDIAFR  000162  Global
	      LDIAHD  000326  Global
	      LDIAIB  000320  Global
	      LDIAIC  000323  Global
	      LDIAIS  000314  Global
	      LDIAIX  000325  Global
	      LDIALC  000330  Global
	      LDIAOB  000322  Global
	      LDIAOC  000324  Global
	      LDIAOS  000316  Global
	      LDIAPL  000306  Global
	      LDIAPR  000300  Global
	      LDIARB  000276  Global
	      LDIARS  000274  Global
	      LDIASC  000312  Global
	      LDIATD  000165  Global
	      LDIATH  000327  Global
	      LDIATI  000166  Global
	      LDIATR  000167  Global
	      LDIAUA  000164  Global
	      LDIAVC  000310  Global
	      LDIAXB  000304  Global
	      LDIAXS  000302  Global
	      LDIBOR  000064  Global
	      LDIBOT  000066  Global
	      LDICHN  000012  Global
	      LDICSZ  000106  Global
	      LDIDDB  000014  Global
	      LDIDWX  000002  Global
	      LDIERB  000250  Global
	      LDIERC  000246  Global
	      LDIERS  000252  Global
	      LDIERX  000254  Global
	      LDIESZ  000014  Global
	      LDIFCL  000060  Global
	      LDIFLF  000106  Global
	      LDIGRP  000011  Global
	      LDIIAK  000154  Global
	      LDIIDC  000146  Global
	      LDIIFP  000134  Global
	      LDIILA  000157  Global
	      LDIILC  000144  Global
	      LDIINX  000004  Global
	      LDIIWP  000136  Global
	      LDILCL  000274  Global
	      LDILNO  000013  Global
	      LDILSD  000110  Global
	      LDINBR  000016  Global
	      LDINXS  000022  Global
	      LDINXT  000020  Global
	      LDIOAK  000156  Global
	      LDIODC  000152  Global
	      LDIOFP  000140  Global
	      LDIOLC  000150  Global
	      LDIORN  000160  Global
	      LDIOWP  000142  Global
	      LDIPKB  000046  Global
	      LDIPKE  000050  Global
	      LDIPKP  000054  Global
	      LDIPKT  000052  Global
	      LDIPKX  000170  Global
	      LDIPMD  000057  Global
	      LDIPMX  000056  Global
	      LDIPPR  000070  Global
	      LDIPPT  000071  Global
	      LDIPQB  000034  Global
	      LDIPQE  000036  Global
	      LDIPQN  000042  Global
	      LDIPQP  000044  Global
	      LDIPQT  000040  Global
	      LDIPQX  000222  Global
	      LDIPSB  000026  Global
	      LDIPSE  000030  Global
	      LDIPST  000032  Global
	      LDIPSX  000200  Global
	      LDISDB  000006  Global
	      LDISFC  000122  Global
	      LDISLH  000076  Global
	      LDISLT  000100  Global
	      LDISPC  000126  Global
	      LDISPD  000010  Global
	      LDISRC  000124  Global
	      LDISR0  000114  Global
	      LDISR2  000116  Global
	      LDISSD  000120  Global
	      LDISTX  000000  Global
	      LDIST0  000024  Global
	      LDIST1  000060  Global
	      LDIST2  000062  Global
	      LDIUFC  000163  Global
	      LDIXLH  000102  Global
	      LDIXLT  000104  Global
	      LDIZCN  000112  Global
	      LDIZLH  000072  Global
	      LDIZLT  000074  Global
	      LDPKIN  000132  Global
	      LDPKOT  000130  Global
	      LKOFS$  000002  Global
	      MAXDX   000002  Global
	      MAXTIM  177777  Global
	      MXNPKT  077777  Global
	      NIDMAX  000005  Global
	      NODFLG  000000  Global
	      PKCMAX  000072  Global
	      PKTWDS  000040  Global
	      ROMFLG  000000  Global
	      SDACNT  000036  Global
	      SDCBGN  000010  Global
	      SDCEND  000032  Global
	      SDCSIZ  000011  Global
	      SDDBUG  000006  Global
	      SDDDB   000004  Global
	      SDFCNT  000040  Global
	      SDLICN  000044  Global
	      SDLICT  000047  Global
	      SDLICZ  000010  Global
	      SDLIFC  000042  Global
	      SDLIGT  000056  Global
	      SDLIHC  000060  Global
	      SDLILC  000062  Global
	      SDLILD  000042  Global
	      SDLINK  000000  Global
	      SDLINL  000046  Global
	      SDLISC  000052  Global
	      SDLISP  000045  Global
	      SDLIS1  000050  Global
	      SDLIS2  000054  Global
	      SDLKCZ  000004  Global
	      SDLKFC  000032  Global
	      SDLKFL  000034  Global
	      SDLKLC  000042  Global
	      SDLKLK  000032  Global
	      SDLKLV  000037  Global
	      SDLKXX  000041  Global
	      SDPCNT  000022  Global
	      SDPKCP  000016  Global
	      SDPKDH  000012  Global
	      SDPKDT  000014  Global
	      SDPKSP  000020  Global
	      SDPMAX  000002  Global
	      SDREQB  000030  Global
	      SDREQL  000026  Global
	      SDRSMC  000031  Global
	      SDSDID  000024  Global
	      SDSDSC  000025  Global
	      SDSOC   000003  Global
	      SDSTS1  000010  Global
	      SDTPVC  000134  Global
	      SDTRAD  000040  Global
	      SDTRBD  000074  Global
	      SDTRBL  000111  Global
	      SDTRBR  000034  Global
	      SDTRBS  000065  Global
	      SDTRCD  000070  Global
	      SDTRCL  000102  Global
	      SDTRCM  000072  Global
	      SDTRCP  000044  Global
	      SDTRCS  000113  Global
	      SDTRCT  000112  Global
	      SDTRCV  000071  Global
	      SDTRCZ  000035  Global
	      SDTRC1  000114  Global
	      SDTRC2  000116  Global
	      SDTRC3  000120  Global
	      SDTRC4  000122  Global
	      SDTRC5  000124  Global
	      SDTRDY  000110  Global
	      SDTREC  000100  Global
	      SDTRFC  000042  Global
	      SDTRFD  000077  Global
	      SDTRFP  000105  Global
	      SDTRFX  000107  Global
	      SDTRHD  000073  Global
	      SDTRHP  000101  Global
	      SDTRIC  000067  Global
	      SDTRIL  000066  Global
	      SDTRIP  000042  Global
	      SDTRLC  000134  Global
	      SDTRLD  000075  Global
	      SDTRLT  000070  Global
	      SDTROD  000046  Global
	      SDTROS  000064  Global
	      SDTRSC  000104  Global
	      SDTRSX  000106  Global
	      SDTRS0  000032  Global
	      SDTRS1  000050  Global
	      SDTRS2  000052  Global
	      SDTRS3  000054  Global
	      SDTRS4  000056  Global
	      SDTRS5  000060  Global
	      SDTRS6  000062  Global
	      SDTRTT  000036  Global
	      SDTRVD  000076  Global
	      SDTRXA  000136  Global
	      SDTRXC  000037  Global
	      SDTR18  000126  Global
	      SDTR19  000132  Global
	      SDTXAP  000136  Global
	      SDTXBP  000140  Global
	      SDXCNT  000023  Global
	      TRMPLM  000050  Global
	      TRMTTL  000007  Global
	      TRPMAX  000020  Global
	      TRPWRN  000006  Global
	      TRPWRX  000003  Global
	      VERNO   000256  Global
	      VERNUM  000250  Global
	      VLLKFC  000006  Global
	      VLLK0C  000012  Global
	      VLLK1C  000012  Global
	      .IDLK   000000  Global
	      .IDLP   000003  Global
	      .IDST   000001  Global
	      .IDTR   000002  Global
	      .IDWD   000004  Global
	      .PLKIL  000000  Global
	      .PLOPT  000024  Global
	      .PLSPR  000001  Global
	      .PLSTP  000020  Global
	      .PLTRM  000003  Global
	      .PLZAP  000014  Global
	      .XXASC  000000  Global
	      .XXBCD  177777  Global
	      .XXCAL  177777  Global
	      .XXCRS  000002  Global
	      .XXEBC  000004  Global
	<LOWMEM>      021000  021000  000000         0. Words
	      LOWMEM  021000  Global
	<SX    >      021146  021212  000044        18. Words
	      SX      021146  Global
	      L0SX    021150  Global
	      MNLKSX  021146  Global
	      MXLKSX  021170  Global
	      SXTBL   021146  Global
	      SXTOP   021212  Global
	      T0SX    021174  Global
	<PURE  >      021212  022010  000576       191. Words
	      PURE    021212  Global
	      ATOTBL  021744  Global
	      ATOTXX  021662  Global
	      CMDETB  021314  Global
	      CODTIL  021762  Global
	      CODTIP  021766  Global
	      CODTIU  021756  Global
	      CODTOU  021772  Global
	      CODTOX  021776  Global
	      CODTSL  022003  Global
	      CODTSU  022002  Global
	      DEVLTR  021264  Global
	      DEVNAM  021252  Global
	      DFTHST  021246  Global
	      DXTBL   021310  Global
	      DXTOP   021312  Global
	      HCLTBL  021244  Global
	      KERHST  021222  Global
	      NIDDX   021271  Global
	      NIDPMX  021303  Global
	      NIDPWN  021276  Global
	      SECTBL  021746  Global
	      THOST   021220  Global
	      THSNOD  021212  Global
	      XRAYNM  021224  Global
	      ..MOD   021247  Global
	      ..TRMM  021250  Global
	<MAIN  >      030734  030734  000000         0. Words
	      MAIN    030734  Global
	<CODE  >      032026  032146  000120        40. Words
	      CODE    032026  Global
	<SECOND>      106034  106034  000000         0. Words
	      SECOND  106034  Global
	<TENTHS>      106066  106066  000000         0. Words
	      TENTHS  106066  Global
	<INIT  >      106110  106110  000000         0. Words
	      INIT    106110  Global
	      INISUB  106110  Global
	<.XDT. >      106112  106164  000052        21. Words
	      .XDT.   106112  Global
	      TRCINT  106162  Global
	<.SYM. >      106164  106164  000000         0. Words
	      .SYM.   106164  Global
	<PDATA >      106164  106164  000000         0. Words
	      PDATA   106164  Global
	<DDB   >      106260  106476  000216        71. Words
	      DDB     106260  Global
	      DDBBGN  106260  Global
	      LKIDDB  106260  Global
	      L0$     106260  Global
	      TR0CON  106474  Global
	      T0$     106444  Global
	<LDB   >      106476  107026  000330       108. Words
	      LDB     106476  Global
	      LDBBGN  106476  Global
	      LIALDB  106476  Global
	      L0.0    106476  Global
	<ADB   >      107026  107176  000150        52. Words
	      ADB     107026  Global
	      ADB0$   107026  Global
	      ADB1$   107052  Global
	      ADB2$   107124  Global
	      ASAADB  107026  Global
	      ASBADB  107052  Global
	<SDB   >      107176  111354  002156       567. Words
	      SDB     107176  Global
	      L0$1    107176  Global
	      L0$10   107734  Global
	      L0$11   110016  Global
	      L0$2    107260  Global
	      L0$3    107342  Global
	      L0$4    107424  Global
	      L0$5    107506  Global
	      L0$6    107570  Global
	      L0$7    107652  Global
	      SDBBGN  107176  Global
	      T0$1    110100  Global
	      T0$2    110240  Global
	      T0$3    110402  Global
	      T0$4    110544  Global
	      T0$5    110706  Global
	      T0$6    111050  Global
	      T0$7    111212  Global
	<IMPURE>      111354  113112  001536       431. Words
	      IMPURE  111354  Global
	      CKSFLG  111356  Global
	      CKSVAL  111354  Global
	      IMPBGN  111354  Global
	      IMPCLR  111360  Global
	      REQSTH  112274  Global
	      REQSTT  112276  Global
	      STKBGN  112270  Global
	      STKEND  111760  Global
	      TMRCNT  112444  Global
	      TMRDSP  112744  Global
	      TMRFRE  112300  Global
	      TMRLST  112302  Global
	      TMRSDB  112604  Global
	      TMRTOP  112442  Global
	      TRRNGP  113110  Global
	      TRRNGT  113106  Global
	<ONCE  >      113410  113410  000000         0. Words
	      ONCE    113410  Global
	      PKTBGN  113410  Global
	<VECTBL>      114076  114156  000060        24. Words
	      VECTBL  114076  Global
	<INIDAT>   4244  114244  000000         0. Words
	      INIDAT  114244  Global
	<FALCBT>      114244  114244  000000         0. Words
	      FALCBT  114244  Global
	<INIBYT>      114244  114244  000000         0. Words
	      INIBYT  114244  Global

********************************************
Module: ROUTE                                        8. Words
			Low    High   Length
	      HSOF$X  000004  Global
	      HSTN$X  000004  Global
	      NODN$X  000004  Global
	<PURE  >      022010  022030  000020         8. Words
	      HSTN$1  022014  Global
	      HSTN$2  022016  Global
	      NODN$1  022010  Global
	      NODN$2  022012  Global
	      PTHPR$  022020  Global
	      PTHSC$  022021  Global
	      PTHTE$  022022  Global

********************************************
Module: EXEC                                       537. Words
			Low    High   Length
	<LOWMEM>      021000  021146  000146        51. Words
	      DBGENT  021004  Global
	      GO      021000  Global
	      NODSTS  021020  Global
	      VERLOC  021034  Global
	<MAIN  >      030734  031764  001030       268. Words
	      MAINLP  031236  Global
	      MAINL2  031370  Global
	      START   030734  Global
	<PURE  >      022030  022060  000030        12. Words
	<CODE  >      032146  032752  000604       194. Words
	      ACKOPS  032732  Global
	      GETPSW  032446  Global
	      GOBOOT  032202  Global
	      RD50XX  032632  Global
	      RTNRTI  032200  Global
	      TIMKIL  032354  Global
	      TIMREQ  032244  Global
	      XXRD50  032454  Global
	<VECTBL>      114156  114164  000006         3. Words
	<IMPURE>      113112  113132  000020         8. Words
	      CKSPNT  113122  Global
	      CKSWRD  113124  Global
	      CLKFLG  113112  Global
	      LPSAVG  113130  Global
	      UPTIME  113116  Global
	<PDATA >      106164  106166  000002         1. Words
	      CRSCNT  106164  Global

********************************************
Module: ERROR                                      373. Words
			Low    High   Length
	      CTYRBF  177562  Global
	      CTYRSR  177560  Global
	      CTYXBF  177566  Global
	      CTYXSR  177564  Global
	      TRPERX  000016  Global
	<CODE  >      032752  034204  001232       333. Words
	      CTYCHR  033750  Global
	      CTYOCT  034020  Global
	      CTYSTR  034006  Global
	      ERROR   032752  Global
	      NXMERR  033016  Global
	      STKUND  033050  Global
	      TRPER0  033146  Global
	      TRPER1  033164  Global
	      TRPER2  033202  Global
	      TRPER3  033220  Global
	      TRPER4  033236  Global
	      TRPER5  033254  Global
	      TRPER6  033272  Global
	      TRPER7  033310  Global
	<VECTBL>      114164  114214  000030        12. Words
	<PDATA >      106166  106256  000070        28. Words
	      BADSTK  106254  Global
	      BUGBUF  106166  Global
	      SAVEEC  106226  Global
	      SAVEEI  106230  Global
	      SAVEPC  106250  Global
	      SAVER1  106234  Global

********************************************
Module: PKT1                                       462. Words
			Low    High   Length
	<CODE  >      034204  036004  001600       448. Words
	      ACCEPT  035506  Global
	      CLRINP  035750  Global
	      CPKRTN  035700  Global
	      CTLPKT  035332  Global
	      CTLPKX  035346  Global
	      CTLSTE  035412  Global
	      CTLSTR  035370  Global
	      DECOWN  035074  Global
	      DECPCN  035052  Global
	      FREPAC  034470  Global
	      GETBYT  034510  Global
	      GETCTL  034620  Global
	      GETPKT  035422  Global
	      GIVPKT  035450  Global
	      JNKCPK  035012  Global
	      JNKCPX  035004  Global
	      JNKPKT  035036  Global
	      JNKPKX  035030  Global
	      MAKKIL  035570  Global
	      MAKPAC  034340  Global
	      OUTSUP  035742  Global
	      PKTAGN  035454  Global
	      PKTINI  034204  Global
	      PKTRTN  035714  Global
	      PKTRTX  035672  Global
	      PUTBYT  034664  Global
	      REFUSE  035554  Global
	      REMOVE  035236  Global
	      SETDIS  035610  Global
	      SETEPK  035626  Global
	      SETKIL  035600  Global
	      SETNAK  035620  Global
	      SNDDPK  035314  Global
	      WAKCHK  035130  Global
	      WAKCH2  035214  Global
	<VECTBL>      114214  114230  000014         6. Words
	<PDATA >      106256  106260  000002         1. Words
	      NUMPKT  106256  Global
	<IMPURE>      113132  113150  000016         7. Words
	      PKFCMN  113136  Global
	      PKFCNT  113134  Global
	      PKFHLF  113140  Global
	      PKFLST  113132  Global
	      PKTBND  113142  Global

********************************************
Module: PKT2                                      1250. Words
			Low    High   Length
	      MAXPKT  000013  Global
	<CODE  >      036004  042424  004420      1160. Words
	      CLRCFP  042366  Global
	      CLRCTP  042312  Global
	      CLRDDV  042220  Global
	      CLRSDV  042242  Global
	      CONCOL  037770  Global
	      CONNSB  036324  Global
	      FINDIS  042054  Global
	      FRESOC  042066  Global
	      GRBSDB  042076  Global
	      JNKOWN  041626  Global
	      KILKIL  036120  Global
	      KILKIW  036114  Global
	      KILKIX  036100  Global
	      KILKI2  036206  Global
	      KILKI3  036212  Global
	      REQXR1  041430  Global
	      REQXR2  041436  Global
	      RTYNAK  040174  Global
	      SETINU  042044  Global
	      SNDDAT  041374  Global
	      SNDDA0  041376  Global
	      SNDDA3  041414  Global
	      SNDDTP  041354  Global
	      SNDEAT  041252  Global
	      SNDINT  041260  Global
	      SNDKIL  040546  Global
	      SNDKL5  040654  Global
	      SNDPKT  036004  Global
	      SNDSRC  041370  Global
	<PURE  >      022060  022336  000256        87. Words
	<SECOND>      106034  106040  000004         2. Words
	<IMPURE>      113150  113152  000002         1. Words

********************************************
Module: PKT3D                                        2. Words
			Low    High   Length
	      STARFP  000000  Global
	      STARFW  000000  Global
	      STARIP  000000  Global
	      STARTP  000000  Global
	      STARTW  000000  Global
	      XXSSRC  000000  Global
	<CODE  >      042424  042430  000004         2. Words
	      SNDRCR  042424  Global

********************************************
Module: CMDSAT                                     399. Words
			Low    High   Length
	<PURE  >      022336  022356  000020         8. Words
	      SATENT  022336  Global
	<CODE  >      042430  044046  001416       391. Words

********************************************
Module: CMDS                                       210. Words
			Low    High   Length
	      TRSSRC  000000  Global
	      .CXACK  000010  Global
	      .CXCIN  000002  Global
	      .CXCMD  000000  Global
	      .CXDAK  000016  Global
	      .CXDIS  000014  Global
	      .CXECL  000004  Global
	      .CXNAK  000012  Global
	      .CXRST  000006  Global
	<CODE  >      044046  044706  000640       208. Words
	      CMDACK  044270  Global
	      CMDCNP  044420  Global
	      CMDDAK  044166  Global
	      CMDDIS  044046  Global
	      CMDENT  044246  Global
	      CMDNAK  044376  Global
	      INLOUT  044514  Global
	      MAKDSC  044640  Global
	      OUTSTR  044574  Global
	      OUTST1  044600  Global
	      WATIDL  044454  Global
	<PURE  >      022356  022362  000004         2. Words

********************************************
Module: TRM                                       1977. Words
			Low    High   Length
	      FPCOUT  000004  Global
	      FPCRLF  000001  Global
	      FPCRTN  000010  Global
	      FPDONX  000003  Global
	      FPLINF  000006  Global
	      FPPRFX  000012  Global
	      .CXBSP  000004  Global
	      .CXCAN  000030  Global
	      .CXCMA  000034  Global
	      .CXCNT  000002  Global
	      .CXCRN  000016  Global
	      .CXDC2  000024  Global
	      .CXDLE  000020  Global
	      .CXDSH  000034  Global
	      .CXEOT  000056  Global
	      .CXESC  000032  Global
	      .CXFFD  000014  Global
	      .CXHSP  000042  Global
	      .CXHTB  000006  Global
	      .CXLCA  000040  Global
	      .CXLCS  000052  Global
	      .CXLFD  000010  Global
	      .CXNUL  000000  Global
	      .CXPRE  000054  Global
	      .CXRUB  000044  Global
	      .CXSMI  000036  Global
	      .CXUCA  000034  Global
	      .CXUCS  000050  Global
	      .CXUNU  000046  Global
	      .CXVTB  000012  Global
	      .CXXOF  000026  Global
	      .CXXON  000022  Global
	<ONCE  >      113410  113456  000046        19. Words
	<CODE  >      044706  053610  006702      1761. Words
	      BALTMO  050540  Global
	      BRDRDY  051624  Global
	      BRDTMO  051714  Global
	      BREAKR  052226  Global
	      CARDET  051466  Global
	      CARLOS  051746  Global
	      CHRDLY  053514  Global
	      HANGIT  052374  Global
	      HANGU4  052152  Global
	      HNDXON  053210  Global
	      HUNGUP  052022  Global
	      INPGET  050450  Global
	      OUTCHR  050322  Global
	      OUTCOD  051366  Global
	      OUTDLY  050024  Global
	      OUTGET  050306  Global
	      OUTIDL  050450  Global
	      OUTRDY  047432  Global
	      OUTRD1  047440  Global
	      RNGDET  051376  Global
	      SNDGRX  053052  Global
	      TRDATA  045472  Global
	      TRDDBI  044706  Global
	      TRINTR  045036  Global
	      TRMFNC  052610  Global
	      TRMSTP  052640  Global
	      TROCNT  051140  Global
	      TRRSUM  047366  Global
	      TRSDBI  044734  Global
	<TENTHS>      106066  106072  000004         2. Words
	<SECOND>      106040  106044  000004         2. Words
	<MAIN  >      031764  031770  000004         2. Words
	<PURE  >      022362  023146  000564       186. Words
	<IMPURE>      113152  113164  000012         5. Words
	      CINLST  113152  Global
	      COTLST  113154  Global
	      CPSLST  113156  Global

********************************************
Module: TRMF                                       759. Words
			Low    High   Length
	<CODE  >      053610  056174  002364       634. Words
	      CLRBAL  054276  Global
	      CPYPRM  056132  Global
	      ENBKEY  054072  Global
	      OUTCPK  053622  Global
	      SETDFT  056012  Global
	      SETTCD  056152  Global
	      SETTTP  056070  Global
	      TRPOKE  053610  Global
	<PURE  >      023146  023540  000372       125. Words

********************************************
Module: TRMP                                       272. Words
			Low    High   Length
	<CODE  >      056174  057234  001040       272. Words
	      CHKTWO  056576  Global
	      CLRCMC  057200  Global
	      DECCNT  057012  Global
	      DELSRC  057160  Global
	      GETCMC  056662  Global
	      PKTSLF  056604  Global
	      PUTCHR  056174  Global
	      RNGBEL  056554  Global
	      SNDTRP  057056  Global

********************************************
Module: TRMT                                       278. Words
			Low    High   Length
	      MAXTYP  000031  Global
	      TYPSIZ  000010  Global
	<PURE  >      023540  024614  001054       278. Words
	      CHRINX  023540  Global
	      FILDIV  023772  Global
	      FILMUL  023745  Global
	      TTPBTS  024510  Global
	      TTPNM1  024020  Global
	      TTPNM2  024104  Global
	      TYPPNT  024574  Global

********************************************
Module: ZAPBUF                                      65. Words
			Low    High   Length
	<CODE  >      057234  057432  000176        63. Words
	      ZAPBUF  057234  Global
	<TENTHS>      106072  106076  000004         2. Words

********************************************
Module: AUTO7                                      476. Words
			Low    High   Length
	<CODE  >      057432  061204  001552       437. Words
	      AINI7   057432  Global
	      ARST7   057574  Global
	<SECOND>      106044  106050  000004         2. Words
	<VECTBL>      114230  114236  000006         3. Words
	<PURE  >      024614  024704  000070        28. Words
	<IMPURE>      113164  113200  000014         6. Words
	      FSCTIC  113166  Global
	      FSCUSR  113164  Global

********************************************
Module: XLTCRS                                     164. Words
			Low    High   Length
	      XSLCRS  000037  Global
	      XSUCRS  000034  Global
	<PURE  >      024704  025414  000510       164. Words
	      XCLCRS  025004  Global
	      XCOCRS  025204  Global
	      XCPCRS  025104  Global
	      XCUCRS  024704  Global
	      XCXCRS  025404  Global

********************************************
Module: XLTEBC                                     163. Words
			Low    High   Length
	      XSLEBC  000037  Global
	      XSUEBC  000034  Global
	<PURE  >      025414  026122  000506       163. Words
	      XCLEBC  025514  Global
	      XCOEBC  025714  Global
	      XCPEBC  025614  Global
	      XCUEBC  025414  Global
	      XCXEBC  026114  Global

********************************************
Module: LNK1                                        33. Words
			Low    High   Length
	<CODE  >      061204  061304  000100        32. Words
	      LKDDBI  061204  Global
	      LKSDBI  061234  Global
	      NOLINK  061274  Global
	<IMPURE>      113200  113202  000002         1. Words
	      CURSX   113200  Global

********************************************
Module: LNKIA                                     1439. Words
			Low    High   Length
	<PURE  >      026122  026604  000462       153. Words
	<CODE  >      061304  066274  004770      1276. Words
	      LIADWX  065620  Global
	      LIAINX  063676  Global
	      LIAISV  061304  Global
	      LIAOSV  062752  Global
	      LIASTX  064746  Global
	<MAIN  >      031770  031774  000004         2. Words
	<IMPURE>      113202  113216  000014         6. Words
	      EMPFEC  113202  Global
	<SECOND>      106050  106054  000004         2. Words

********************************************
Module: LKIPK1                                    1213. Words
			Low    High   Length
	      LKILOD  000000  Global
	      LKISTR  000000  Global
	<CODE  >      066274  072570  004274      1118. Words
	      FILFRM  067542  Global
	      LIPOKE  066444  Global
	      LIRSUM  066442  Global
	      LKIBGN  066552  Global
	      LKIBYO  072512  Global
	      LKIINI  066274  Global
	      LKIINS  066422  Global
	      LKISCM  067472  Global
	<PURE  >      026604  027070  000264        90. Words
	<IMPURE>      113216  113230  000012         5. Words
	      LKILFT  113220  Global

********************************************
Module: LKIPK2                                    2845. Words
			Low    High   Length
	<CODE  >      072570  104104  011314      2406. Words
	      BALBCK  075452  Global
	      BRKCIR  103212  Global
	      CLRCIR  103212  Global
	      EMPFRM  072570  Global
	      LKIDWN  103566  Global
	      LKINPK  072664  Global
	      LKINXT  072740  Global
	      LKISPK  075430  Global
	      LKIUP   103530  Global
	      SNDSPR  102646  Global
	      SNDTYM  075400  Global
	<PURE  >      027070  030456  001366       379. Words
	<TENTHS>      106076  106102  000004         2. Words
	<SECOND>      106054  106060  000004         2. Words
	<IMPURE>      113230  113410  000160        56. Words
	      LKIPPK  113240  Global
	      SUPMSG  113310  Global
	      SUPNOD  113246  Global
	      ZAPCNT  113234  Global

********************************************
Module: TYMA                                        96. Words
			Low    High   Length
	      MAXRNT  000024  Global
	<CODE  >      104104  104234  000130        44. Words
	      TYNFIV  104210  Global
	      TYNGTT  104104  Global
	<PURE  >      030456  030626  000150        52. Words
	      TYNFNF  030456  Global
	      TYNRNT  030601  Global
	      TYNRTN  030476  Global

********************************************
Module: LINA                                       175. Words
			Low    High   Length
	<CODE  >      104234  104732  000476       159. Words
	      ASAFNC  104574  Global
	      ASAINI  104306  Global
	      ASAINT  104234  Global
	      ASAOUI  104436  Global
	      ASAOUT  104562  Global
	      BPTINS  104342  Global
	<VECTBL>      114236  114244  000006         3. Words
	<SECOND>      106060  106064  000004         2. Words
	<PURE  >      030626  030654  000026        11. Words

********************************************
Module: LINB                                       315. Words
			Low    High   Length
	<CODE  >      104732  106034  001102       289. Words
	      ASBFNC  105414  Global
	      ASBINI  105062  Global
	      ASBINT  104732  Global
	      ASBOUI  105130  Global
	      ASBOUT  105344  Global
	<TENTHS>      106102  106106  000004         2. Words
	<PURE  >      030654  030734  000060        24. Words
	      ASBBIT  030654  Global

********************************************
Module: ONCE                                       136. Words
			Low    High   Length
	<ONCE  >      113456  114076  000420       136. Words
	      CODTOP  114076  Global
	      ONCNRM  113470  Global
	      ONCXDT  113460  Global

********************************************
Module: END                                         16. Words
			Low    High   Length
	<IMPURE>      113410  113410  000000         0. Words
	      IMPEND  113410  Global
	<MAIN  >      031774  032026  000032        13. Words
	<INIT  >      106110  106112  000002         1. Words
	      PUREND  106112  Global
	<SECOND>      106064  106066  000002         1. Words
	<TENTHS>      106106  106110  000002         1. Words
	<PDATA >      106260  106260  000000         0. Words
	      PDATND  106260  Global
	<VECTBL>      114244  114244  000000         0. Words
	      VECEND  114244  Global
	<INIDAT>      114244  114244  000000         0. Words
	      INIDND  114244  Global
	<INIBYT>      114244  114244  000000         0. Words
	      INIBND  114244  Global
 JcIx