Link11 Memory Allocation Map  ****  Date 9/8/86  ****  Time 16:31:01


Link11 Version 5.2M
*@LK470B{LK470B.CMD:  sv470B/img/b:1000,mp470B=cg470B,ru470B,exec,error,pkt1
*pkt2,pkt3d,cmdtym,cmds,trm,trmf,trmp,trmt,zapbuf,status,loddum,lnk1,lnk2,lnkb
*lnkbs,lkbduv,crcbyt,lnkflg,lina,once,end}/E

Module: COMMON                   File: CG470B.OBJ
Module: ROUTE                    File: RU470B.OBJ
Module: EXEC                     File: EXEC.OBJ
Module: ERROR                    File: ERROR.OBJ
Module: PKT1                     File: PKT1.OBJ
Module: PKT2                     File: PKT2.OBJ
Module: PKT3D                    File: PKT3D.OBJ
Module: CMDTYM                   File: CMDTYM.OBJ
Module: CMDS                     File: CMDS.OBJ
Module: TRM                      File: TRM.OBJ
Module: TRMF                     File: TRMF.OBJ
Module: TRMP                     File: TRMP.OBJ
Module: TRMT                     File: TRMT.OBJ
Module: ZAPBUF                   File: ZAPBUF.OBJ
Module: STATUS                   File: STATUS.OBJ
Module: LODDUM                   File: LODDUM.OBJ
Module: LNK1                     File: LNK1.OBJ
Module: LNK2                     File: LNK2.OBJ
Module: LNKB                     File: LNKB.OBJ
Module: LNKBS                    File: LNKBS.OBJ
Module: LKBDUV                   File: LKBDUV.OBJ
Module: CRCBYT                   File: CRCBYT.OBJ
Module: LNKFLG                   File: LNKFLG.OBJ
Module: LINA                     File: LINA.OBJ
Module: ONCE                     File: ONCE.OBJ
Module: END                      File: END.OBJ

Program file:     SV470B.IMG
Program name:     COMMON
Transfer address: 001000  

Memory limits:          Low    High   Length
	<LOWMEM>      001000  001146  000146        51. Words
	<SX    >      001146  001254  000106        35. Words
	<PURE  >      001254  007046  005572      1469. Words
	<MAIN  >      007046  010162  001114       294. Words
	<CODE  >      010162  066542  056360     11896. Words
	<SECOND>      066542  066574  000032        13. Words
	<TENTHS>      066574  066612  000016         7. Words
	<INIT  >      066612  066614  000002         1. Words
	<.XDT. >      066614  066742  000126        43. Words
	<.SYM. >      066742  066742  000000         0. Words
	<PDATA >      066742  067044  000102        33. Words
	<DDB   >      067044  067652  000606       195. Words
	<LDB   >      067652  067652  000000         0. Words
	<ADB   >      067652  070472  000620       200. Words
	<SDB   >      070472  076200  005506      1443. Words
	<IMPURE>      076200  077726  001526       427. Words
	<ONCE  >      077726  100414  000466       155. Words
	<VECTBL>      100414  101070  000454       150. Words
	<INIDAT>      101070  101070  000000         0. Words
	<FALCBT>      101070  101070  000000         0. Words
	<INIBYT>      101070  101070  000000         0. Words
	Overall       001000  101070  100070     16412. Words

********************************************
Module: COMMON                                    2706. Words
			Low    High   Length
	      ADARBF  000016  Global
	      ADARSR  000014  Global
	      ADAXBF  000022  Global
	      ADAXSR  000020  Global
	      ADFUNC  000002  Global
	      ADINDX  000006  Global
	      ADINIT  000004  Global
	      ADMAXI  000013  Global
	      ADNEXT  000010  Global
	      ADOUTP  000000  Global
	      ADSTS1  000012  Global
	      ATOTXX  000000  Global
	      CLKREG  177546  Global
	      DDACK   000354  Global
	      DDCACK  000360  Global
	      DDCBGN  000026  Global
	      DDCDWN  000162  Global
	      DDCEND  000032  Global
	      DDCIMB  000246  Global
	      DDCIME  000244  Global
	      DDCIMI  000240  Global
	      DDCIMO  000242  Global
	      DDCMOB  000256  Global
	      DDCMOE  000254  Global
	      DDCMOI  000250  Global
	      DDCMOO  000252  Global
	      DDCNTI  000272  Global
	      DDCNTO  000274  Global
	      DDCSIZ  000002  Global
	      DDCTHO  000334  Global
	      DDCTRN  000355  Global
	      DDDCP   000312  Global
	      DDDDBI  000016  Global
	      DDEDHO  000262  Global
	      DDERBC  000134  Global
	      DDERBF  000116  Global
	      DDERBU  000176  Global
	      DDERCS  000132  Global
	      DDERDB  000150  Global
	      DDERDE  000202  Global
	      DDERD2  000212  Global
	      DDERFH  000174  Global
	      DDERFT  000142  Global
	      DDERFW  000126  Global
	      DDERFX  000136  Global
	      DDERFY  000140  Global
	      DDERFZ  000142  Global
	      DDERF2  000210  Global
	      DDERHB  000146  Global
	      DDERHE  000172  Global
	      DDERHF  000154  Global
	      DDERHO  000140  Global
	      DDERH2  000206  Global
	      DDERIP  000120  Global
	      DDERIS  000114  Global
	      DDERML  000200  Global
	      DDERNP  000124  Global
	      DDEROR  000122  Global
	      DDERPC  000130  Global
	      DDERRC  000160  Global
	      DDERRO  000204  Global
	      DDERRR  000152  Global
	      DDERRX  000144  Global
	      DDERSI  000136  Global
	      DDERSZ  000126  Global
	      DDERTU  000170  Global
	      DDFLAG  000314  Global
	      DDFLG2  000316  Global
	      DDHNDR  000236  Global
	      DDICRC  000230  Global
	      DDID    000006  Global
	      DDIMEX  000450  Global
	      DDIMSX  000400  Global
	      DDINDX  000007  Global
	      DDLBAE  000156  Global
	      DDLBBF  000364  Global
	      DDLBBP  000266  Global
	      DDLBCZ  000114  Global
	      DDLBC1  000330  Global
	      DDLBEB  000372  Global
	      DDLBEP  000264  Global
	      DDLBFC  000270  Global
	      DDLBFP  000372  Global
	      DDLBIP  000270  Global
	      DDLBLC  000520  Global
	      DDLBLN  000234  Global
	      DDLBLP  000400  Global
	      DDLBLS  000332  Global
	      DDLBOH  000276  Global
	      DDLBPO  000320  Global
	      DDLBPR  000220  Global
	      DDLBP1  000326  Global
	      DDLBRB  000216  Global
	      DDLBRS  000214  Global
	      DDLBSN  000363  Global
	      DDLBSS  000361  Global
	      DDLBTB  000224  Global
	      DDLBTS  000222  Global
	      DDLBT1  000324  Global
	      DDLBWT  000344  Global
	      DDLKCZ  000027  Global
	      DDLKEC  000066  Global
	      DDLKER  000114  Global
	      DDLKFC  000070  Global
	      DDLKFH  000106  Global
	      DDLKFN  000112  Global
	      DDLKFP  000046  Global
	      DDLKFT  000110  Global
	      DDLKIN  000036  Global
	      DDLKIS  000040  Global
	      DDLKLC  000146  Global
	      DDLKLD  000044  Global
	      DDLKNA  000056  Global
	      DDLKNS  000034  Global
	      DDLKNX  000032  Global
	      DDLKN1  000052  Global
	      DDLKN2  000054  Global
	      DDLKPS  000113  Global
	      DDLKP0  000050  Global
	      DDLKSP  000104  Global
	      DDLKST  000042  Global
	      DDLKTP  000065  Global
	      DDLKXT  000002  Global
	      DDLK0H  000070  Global
	      DDLK0T  000072  Global
	      DDLK1H  000074  Global
	      DDLK1T  000076  Global
	      DDLK2H  000100  Global
	      DDLK2T  000102  Global
	      DDMOEX  000520  Global
	      DDMOSX  000450  Global
	      DDNCON  000030  Global
	      DDNUM   000352  Global
	      DDOCRC  000226  Global
	      DDOST   000322  Global
	      DDPKTC  000304  Global
	      DDPKTH  000310  Global
	      DDPKTI  000300  Global
	      DDPKTO  000302  Global
	      DDPKTT  000306  Global
	      DDPOKE  000010  Global
	      DDPRIV  000002  Global
	      DDPSLV  000232  Global
	      DDREPT  000346  Global
	      DDRESP  000353  Global
	      DDRSUM  000012  Global
	      DDSACK  000340  Global
	      DDSCNT  000362  Global
	      DDSDBI  000020  Global
	      DDSNAK  000336  Global
	      DDSOC   000004  Global
	      DDSREP  000342  Global
	      DDSSRC  000014  Global
	      DDSTAT  000351  Global
	      DDSTDP  000033  Global
	      DDSTEP  000032  Global
	      DDSTHO  000260  Global
	      DDSTS0  000000  Global
	      DDSTS1  000026  Global
	      DDSX    000022  Global
	      DDSYN   000350  Global
	      DDTDW1  000166  Global
	      DDTDW2  000164  Global
	      DDTIMR  000357  Global
	      DDTRNS  000356  Global
	      DDWLD   000024  Global
	      DEVMAX  000026  Global
	      DXSIZE  000003  Global
	      EDTNO   000000  Global
	      EDTNUM  000001  Global
	      JIFDIV  000005  Global
	      JIFMUL  000003  Global
	      JIFM05  043120  Global
	      JIFM10  106240  Global
	      JIFM15  151360  Global
	      JIFO10  000006  Global
	      JIFO2   000036  Global
	      JIFO4   000017  Global
	      JIFSEC  000074  Global
	      JIFX10  001130  Global
	      JIFX15  001604  Global
	      JIFX16  001700  Global
	      JIFX2   000170  Global
	      JIFX20  002260  Global
	      JIFX30  003410  Global
	      JIFX60  007020  Global
	      JIFX8   000740  Global
	      JIFX90  012430  Global
	      JIF150  021450  Global
	      JIF180  025060  Global
	      LKOFS$  000004  Global
	      MAXDX   000004  Global
	      MAXTIM  177777  Global
	      MXNPKT  077777  Global
	      NIDMAX  000013  Global
	      NODFLG  000000  Global
	      PKCMAX  000072  Global
	      PKTWDS  000040  Global
	      ROMFLG  000000  Global
	      SDACNT  000036  Global
	      SDCBGN  000010  Global
	      SDCEND  000032  Global
	      SDCSIZ  000011  Global
	      SDDBUG  000006  Global
	      SDDDB   000004  Global
	      SDFCNT  000040  Global
	      SDLINK  000000  Global
	      SDLKCZ  000004  Global
	      SDLKFC  000032  Global
	      SDLKFL  000034  Global
	      SDLKLC  000042  Global
	      SDLKLK  000032  Global
	      SDLKLV  000037  Global
	      SDLKXX  000041  Global
	      SDPCNT  000022  Global
	      SDPKCP  000016  Global
	      SDPKDH  000012  Global
	      SDPKDT  000014  Global
	      SDPKSP  000020  Global
	      SDPMAX  000002  Global
	      SDREQB  000030  Global
	      SDREQL  000026  Global
	      SDRSMC  000031  Global
	      SDSDID  000024  Global
	      SDSDSC  000025  Global
	      SDSOC   000003  Global
	      SDSTCC  000036  Global
	      SDSTCF  000104  Global
	      SDSTCY  000004  Global
	      SDSTCZ  000031  Global
	      SDSTDA  000066  Global
	      SDSTDB  000070  Global
	      SDSTD1  000046  Global
	      SDSTD2  000050  Global
	      SDSTD3  000052  Global
	      SDSTD4  000054  Global
	      SDSTD5  000041  Global
	      SDSTD6  000056  Global
	      SDSTD7  000060  Global
	      SDSTD8  000062  Global
	      SDSTD9  000064  Global
	      SDSTER  000105  Global
	      SDSTFC  000032  Global
	      SDSTID  000034  Global
	      SDSTLC  000114  Global
	      SDSTPL  000037  Global
	      SDSTR1  000042  Global
	      SDSTSC  000040  Global
	      SDSTSR  000044  Global
	      SDSTSS  000032  Global
	      SDSTS1  000010  Global
	      SDSTS3  000072  Global
	      SDSTTA  000074  Global
	      SDSTTC  000100  Global
	      SDSTTK  000076  Global
	      SDSTTV  000102  Global
	      SDSTVP  000104  Global
	      SDSTV1  000106  Global
	      SDSTV2  000110  Global
	      SDSTV3  000112  Global
	      SDTPVC  000162  Global
	      SDTRAD  000042  Global
	      SDTRBD  000114  Global
	      SDTRBL  000131  Global
	      SDTRBR  000034  Global
	      SDTRBS  000067  Global
	      SDTRBX  000072  Global
	      SDTRCD  000110  Global
	      SDTRCI  000103  Global
	      SDTRCL  000122  Global
	      SDTRCM  000112  Global
	      SDTRCP  000046  Global
	      SDTRCS  000141  Global
	      SDTRCT  000140  Global
	      SDTRCV  000111  Global
	      SDTRCX  000040  Global
	      SDTRCZ  000047  Global
	      SDTRC1  000142  Global
	      SDTRC2  000144  Global
	      SDTRC3  000146  Global
	      SDTRC4  000150  Global
	      SDTRC5  000152  Global
	      SDTRDL  000075  Global
	      SDTRDY  000130  Global
	      SDTREC  000105  Global
	      SDTRES  000136  Global
	      SDTRFC  000044  Global
	      SDTRFD  000117  Global
	      SDTRFP  000125  Global
	      SDTRFV  000120  Global
	      SDTRFX  000127  Global
	      SDTRHD  000113  Global
	      SDTRHI  000101  Global
	      SDTRHP  000134  Global
	      SDTRIC  000071  Global
	      SDTRIL  000070  Global
	      SDTRIP  000044  Global
	      SDTRIT  000073  Global
	      SDTRLC  000162  Global
	      SDTRLD  000115  Global
	      SDTRLP  000072  Global
	      SDTRLT  000110  Global
	      SDTRLW  000121  Global
	      SDTRLX  000076  Global
	      SDTROD  000050  Global
	      SDTROS  000066  Global
	      SDTRPB  000074  Global
	      SDTRPC  000037  Global
	      SDTRPG  000133  Global
	      SDTRRE  000100  Global
	      SDTRSC  000124  Global
	      SDTRSE  000105  Global
	      SDTRSI  000102  Global
	      SDTRSL  000076  Global
	      SDTRSN  000007  Global
	      SDTRSO  000077  Global
	      SDTRSR  000104  Global
	      SDTRSX  000126  Global
	      SDTRS0  000032  Global
	      SDTRS1  000052  Global
	      SDTRS2  000054  Global
	      SDTRS3  000056  Global
	      SDTRS4  000060  Global
	      SDTRS5  000062  Global
	      SDTRS6  000064  Global
	      SDTRTP  000041  Global
	      SDTRTT  000036  Global
	      SDTRT6  000106  Global
	      SDTRVD  000116  Global
	      SDTRVP  000135  Global
	      SDTRVT  000132  Global
	      SDTRXC  000137  Global
	      SDTR18  000154  Global
	      SDTR19  000160  Global
	      SDTXAP  000164  Global
	      SDXCNT  000023  Global
	      ST.S0   000002  Global
	      TRMPLM  000144  Global
	      TRMTTL  000024  Global
	      TRPMAX  000020  Global
	      TRPWRN  000013  Global
	      TRPWRX  000006  Global
	      VERNO   000256  Global
	      VERNUM  000250  Global
	      VLLKFC  000006  Global
	      VLLK0C  000012  Global
	      VLLK1C  000012  Global
	      .IDCR   000010  Global
	      .IDFD   000012  Global
	      .IDLK   000000  Global
	      .IDLP   000003  Global
	      .IDMT   000011  Global
	      .IDST   000001  Global
	      .IDTR   000002  Global
	      .IDTX   000005  Global
	      .IDTY   000006  Global
	      .IDTZ   000007  Global
	      .IDWD   000004  Global
	      .PLKIL  000000  Global
	      .PLOPT  000017  Global
	      .PLSTP  000012  Global
	      .PLTRM  000002  Global
	      .PLZAP  000006  Global
	      .XXASC  000000  Global
	      .XXBCD  177777  Global
	      .XXCAL  177777  Global
	      .XXCRS  177777  Global
	      .XXEBC  177777  Global
	<LOWMEM>      001000  001000  000000         0. Words
	      LOWMEM  001000  Global
	<SX    >      001146  001254  000106        35. Words
	      SX      001146  Global
	      L0SX    001150  Global
	      MNLKSX  001146  Global
	      MXLKSX  001172  Global
	      SXTBL   001146  Global
	      SXTOP   001254  Global
	      S0SX    001176  Global
	      T0SX    001204  Global
	<PURE  >      001254  001422  000146        51. Words
	      PURE    001254  Global
	      CMDETB  001420  Global
	      CODTIL  001420  Global
	      CODTIP  001420  Global
	      CODTIU  001420  Global
	      CODTOU  001420  Global
	      CODTOX  001420  Global
	      CODTSL  001421  Global
	      CODTSU  001420  Global
	      DEVLTR  001336  Global
	      DEVNAM  001310  Global
	      DFTHST  001262  Global
	      DXTBL   001412  Global
	      DXTOP   001416  Global
	      HCLTBL  001300  Global
	      KERHST  001304  Global
	      NIDDX   001351  Global
	      NIDPMX  001377  Global
	      NIDPWN  001364  Global
	      THOST   001306  Global
	      THSNOD  001254  Global
	      XRAYNM  001304  Global
	      ..MOD   001302  Global
	      ..TRMM  001303  Global
	<MAIN  >      007046  007046  000000         0. Words
	      MAIN    007046  Global
	<CODE  >      010162  011026  000644       210. Words
	      CODE    010162  Global
	<SECOND>      066542  066542  000000         0. Words
	      SECOND  066542  Global
	<TENTHS>      066574  066574  000000         0. Words
	      TENTHS  066574  Global
	<INIT  >      066612  066612  000000         0. Words
	      INIT    066612  Global
	      INISUB  066612  Global
	<.XDT. >      066614  066742  000126        43. Words
	      .XDT.   066614  Global
	      TRCINT  066664  Global
	<.SYM. >      066742  066742  000000         0. Words
	      .SYM.   066742  Global
	<PDATA >      066742  066742  000000         0. Words
	      PDATA   066742  Global
	<DDB   >      067044  067652  000606       195. Words
	      DDB     067044  Global
	      DDBBGN  067044  Global
	      LKBDDB  067044  Global
	      L0$     067044  Global
	      S0$     067564  Global
	      TR0CON  067650  Global
	      T0$     067620  Global
	<LDB   >      067652  067652  000000         0. Words
	      LDB     067652  Global
	      LDBBGN  067652  Global
	<ADB   >      067652  070472  000620       200. Words
	      ADB     067652  Global
	      ADB0$   067652  Global
	      ADB1$   067676  Global
	      ADB10$  070112  Global
	      ADB11$  070136  Global
	      ADB12$  070162  Global
	      ADB13$  070206  Global
	      ADB14$  070232  Global
	      ADB15$  070256  Global
	      ADB16$  070302  Global
	      ADB17$  070326  Global
	      ADB2$   067722  Global
	      ADB20$  070352  Global
	      ADB21$  070376  Global
	      ADB22$  070422  Global
	      ADB23$  070446  Global
	      ADB3$   067746  Global
	      ADB4$   067772  Global
	      ADB5$   070016  Global
	      ADB6$   070042  Global
	      ADB7$   070066  Global
	      ASAADB  067652  Global
	<SDB   >      070472  076200  005506      1443. Words
	      SDB     070472  Global
	      L0$0    070472  Global
	      L0$1    070534  Global
	      L0$10   071112  Global
	      L0$11   071154  Global
	      L0$12   071216  Global
	      L0$2    070576  Global
	      L0$3    070640  Global
	      L0$4    070702  Global
	      L0$5    070744  Global
	      L0$6    071006  Global
	      L0$7    071050  Global
	      SDBBGN  070472  Global
	      S0$1    071260  Global
	      S0$2    071374  Global
	      T0$1    071510  Global
	      T0$10   073202  Global
	      T0$11   073370  Global
	      T0$12   073556  Global
	      T0$13   073744  Global
	      T0$14   074132  Global
	      T0$15   074320  Global
	      T0$16   074506  Global
	      T0$17   074674bal
	      T0$2    071676  Global
	      T0$20   075062  Global
	      T0$21   075250  Global
	      T0$22   075436  Global
	      T0$23   075624  Global
	      T0$24   076012  Global
	      T0$3    072064  Global
	      T0$4    072252  Global
	      T0$5    072440  Global
	      T0$6    072626  Global
	      T0$7    073014  Global
	<IMPURE>      076200  077646  001446       403. Words
	      IMPURE  076200  Global
	      CKSFLG  076202  Global
	      CKSVAL  076200  Global
	      IMPBGN  076200  Global
	      IMPCLR  076204  Global
	      REQSTH  076620  Global
	      REQSTT  076622  Global
	      S       076520  Global
	      STKBGN  076514  Global
	      STKEND  076204  Global
	      TMRCNT  077032  Global
	      TMRDSP  077436  Global
	      TMRFRE  076624  Global
	      TMRLST  076626  Global
	      TMRSDB  077234  Global
	      TMRTOP  077030  Global
	      TRRNGP  077644  Global
	      TRRNGT  077642  Global
	<ONCE  >      077726  077726  000000         0. Words
	      ONCE    077726  Global
	      PKTBGN  077726  Global
	<VECTBL>      100414  101010  000374       126. Words
	      VECTBL  100414  Global
	<INIDAT>      101070  101070  000000         0. Words
	      INIDAT  101070  Global
	<FALCBT>      101070  101070  000000         0. Words
	      FALCBT  101070  Global
	<INIBYT>      101070  101070  000000         0. Words
	      INIBYT  101070  Global

********************************************
Module: ROUTE                                        4. Words
			Low    High   Length
	      HSOF$X  000004  Global
	      HSTN$X  000000  Global
	      NODN$X  000004  Global
	<PURE  >      001422  001432  000010         4. Words
	      HSTN$1  001426  Global
	      HSTN$2  001430  Global
	      NODN$1  001422  Global
	      NODN$2  001424  Global
	      PTHPR$  001426  Global
	      PTHSC$  001427  Global
	      PTHTE$  001430  Global

********************************************
Module: EXEC                                       537. Words
			Low    High   Length
	<LOWMEM>      001000  001146  000146        51. Words
	      DBGENT  001004  Global
	      GO      001000  Global
	      NODSTS  001020  Global
	      VERLOC  001034  Global
	<MAIN  >      007046  010076  001030       268. Words
	      MAINLP  007350  Global
	      MAINL2  007502  Global
	      START   007046  Global
	<PURE  >      001432  001462  000030        12. Words
	<CODE  >      011026  011632  000604       194. Words
	      ACKOPS  011612  Global
	      GETPSW  011326  Global
	      GOBOOT  011062  Global
	      RD50XX  011512  Global
	      RTNRTI  011060  Global
	      TIMKIL  011234  Global
	      TIMREQ  011124  Global
	      XXRD50  011334  Global
	<VECTBL>      101010  101016  000006         3. Words
	<IMPURE>      077646  077666  000020         8. Words
	      CKSPNT  077656  Global
	      CKSWRD  077660  Global
	      CLKFLG  077646  Global
	      LPSAVG  077664  Global
	      UPTIME  077652  Global
	<PDATA >      066742  066744  000002         1. Words
	      CRSCNT  066742  Global

********************************************
Module: ERROR                                      373. Words
			Low    High   Length
	      CTYRBF  177562  Global
	      CTYRSR  177560  Global
	      CTYXBF  177566  Global
	      CTYXSR  177564  Global
	      TRPERX  000016  Global
	<CODE  >      011632  013064  001232       333. Words
	      CTYCHR  012630  Global
	      CTYOCT  012700  Global
	      CTYSTR  012666  Global
	      ERROR   011632  Global
	      NXMERR  011676  Global
	      STKUND  011730  Global
	      TRPER0  012026  Global
	      TRPER1  012044  Global
	      TRPER2  012062  Global
	      TRPER3  012100  Global
	      TRPER4  012116  Global
	      TRPER5  012134  Global
	      TRPER6  012152  Global
	      TRPER7  012170  Global
	<VECTBL>      101016  101046  000030        12. Words
	<PDATA >      066744  067034  000070        28. Words
	      BADSTK  067032  Global
	      BUGBUF  066744  Global
	      SAVEEC  067004  Global
	      SAVEEI  067006  Global
	      SAVEPC  067026  Global
	      SAVER1  067012  Global

********************************************
Module: PKT1                                       462. Words
			Low    High   Length
	<CODE  >      013064  014664  001600       448. Words
	      ACCEPT  014366  Global
	      CLRINP  014630  Global
	      CPKRTN  014560  Global
	      CTLPKT  014212  Global
	      CTLPKX  014226  Global
	      CTLSTE  014272  Global
	      CTLSTR  014250  Global
	      DECOWN  013754  Global
	      DECPCN  013732  Global
	      FREPAC  013350  Global
	      GETBYT  013370  Global
	      GETCTL  013500  Global
	      GETPKT  014302  Global
	      GIVPKT  014330  Global
	      JNKCPK  013672  Global
	      JNKCPX  013664  Global
	      JNKPKT  013716  Global
	      JNKPKX  013710  Global
	      MAKKIL  014450  Global
	      MAKPAC  013220  Global
	      OUTSUP  014622  Global
	      PKTAGN  014334  Global
	      PKTINI  013064  Global
	      PKTRTN  014574  Global
	      PKTRTX  014552  Global
	      PUTBYT  013544  Global
	      REFUSE  014434  Global
	      REMOVE  014116  Global
	      SETDIS  014470  Global
	      SETEPK  014506  Global
	      SETKIL  014460  Global
	      SETNAK  014500  Global
	      SNDDPK  014174  Global
	      WAKCHK  014010  Global
	      WAKCH2  014074  Global
	<VECTBL>      101046  101062  000014         6. Words
	<PDATA >      067034  067036  000002         1. Words
	      NUMPKT  067034  Global
	<IMPURE>      077666  077704  000016         7. Words
	      PKFCMN  077672  Global
	      PKFCNT  077670  Global
	      PKFHLF  077674  Global
	      PKFLST  077666  Global
	      PKTBND  077676  Global

********************************************
Module: PKT2                                      1250. Words
			Low    High   Length
	      MAXPKT  000013  Global
	<CODE  >      014664  021304  004420      1160. Words
	      CLRCFP  021246  Global
	      CLRCTP  021172  Global
	      CLRDDV  021100  Global
	      CLRSDV  021122  Global
	      CONCOL  016650  Global
	      CONNSB  015204  Global
	      FINDIS  020734  Global
	      FRESOC  020746  Global
	      GRBSDB  020756  Global
	      JNKOWN  020506  Global
	      KILKIL  015000  Global
	      KILKIW  014774  Global
	      KILKIX  014760  Global
	      KILKI2  015066  Global
	      KILKI3  015072  Global
	      REQXR1  020310  Global
	      REQXR2  020316  Global
	      RTYNAK  017054  Global
	      SETINU  020724  Global
	      SNDDAT  020254  Global
	      SNDDA0  020256  Global
	      SNDDA3  020274  Global
	      SNDDTP  020234  Global
	      SNDEAT  020132  Global
	      SNDINT  020140  Global
	      SNDKIL  017426  Global
	      SNDKL5  017534  Global
	      SNDPKT  014664  Global
	      SNDSRC  020250  Global
	<PURE  >      001462  001740  000256        87. Words
	<SECOND>      066542  066546  000004         2. Words
	<IMPURE>      077704  077706  000002         1. Words

********************************************
Module: PKT3D                                        2. Words
			Low    High   Length
	      STARFP  000000  Global
	      STARFW  000000  Global
	      STARIP  000000  Global
	      STARTP  000000  Global
	      STARTW  000000  Global
	      XXSSRC  000000  Global
	<CODE  >      021304  021310  000004         2. Words
	      SNDRCR  021304  Global

********************************************
Module: CMDTYM                                     545. Words
			Low    High   Length
	<PURE  >      001740  001760  000020         8. Words
	      TYMENT  001740  Global
	<CODE  >      021310  023372  002062       537. Words

********************************************
Module: CMDS                                       732. Words
			Low    High   Length
	      .CXACK  000010  Global
	      .CXCIN  000002  Global
	      .CXCMD  000000  Global
	      .CXDAK  000016  Global
	      .CXDIS  000014  Global
	      .CXECL  000004  Global
	      .CXNAK  000012  Global
	      .CXRST  000006  Global
	<CODE  >      023372  026256  002664       730. Words
	      CMDACK  023656  Global
	      CMDCNP  024200  Global
	      CMDCON  025220  Global
	      CMDDAK  023544  Global
	      CMDDIS  023372  Global
	      CMDENT  023624  Global
	      CMDNAK  024156  Global
	      EATBLK  025036  Global
	      ENDLIN  024674  Global
	      GETDEC  024744  Global
	      INLOUT  024614  Global
	      MAKDSC  026136  Global
	      OUTDEC  025076  Global
	      OUTSTR  024700  Global
	      OUTST1  024704  Global
	      TRSSRC  026204  Global
	      WATIDL  024554  Global
	<PURE  >      001760  001764  000004         2. Words

********************************************
Module: TRM                                       3248. Words
			Low    High   Length
	      FPCCCR  000025  Global
	      FPCNCH  000023  Global
	      FPCOUT  000004  Global
	      FPCRLF  000001  Global
	      FPCRTN  000010  Global
	      FPCXCR  000034  Global
	      FPDONX  000003  Global
	      FPIXLF  000015  Global
	      FPLINF  000006  Global
	      FPNEBS  000046  Global
	      FPNLFD  000021  Global
	      FPNSPA  000017  Global
	      FPPRFX  000012  Global
	      FPXBSE  000051  Global
	      .CXBSP  000004  Global
	      .CXCAN  000030  Global
	      .CXCMA  000034  Global
	      .CXCNT  000002  Global
	      .CXCRN  000016  Global
	      .CXDC2  000024  Global
	      .CXDLE  000020  Global
	      .CXDSH  000034  Global
	      .CXEOT  000056  Global
	      .CXESC  000032  Global
	      .CXFFD  000014  Global
	      .CXHSP  000042  Global
	      .CXHTB  000006  Global
	      .CXLCA  000040  Global
	      .CXLCS  000052  Global
	      .CXLFD  000010  Global
	      .CXNUL  000000  Global
	      .CXPRE  000054  Global
	      .CXRUB  000044  Global
	      .CXSMI  000036  Global
	      .CXUCA  000034  Global
	      .CXUCS  000050  Global
	      .CXUNU  000046  Global
	      .CXVTB  000012  Global
	      .CXXOF  000026  Global
	      .CXXON  000022  Global
	<ONCE  >      077726  077774  000046        19. Words
	<CODE  >      026256  041656  013400      2944. Words
	      BALTMO  035142  Global
	      BRDRDY  037136  Global
	      BRDTMO  037226  Global
	      BREAKR  037540  Global
	      CARDET  037000  Global
	      CARLOS  037260  Global
	      CHRDLY  041562  Global
	      CON2TR  040162  Global
	      HANGIT  040240  Global
	      HANGU4  037464  Global
	      HNDXON  041202  Global
	      HUNGUP  037334  Global
	      INPGET  035046  Global
	      OUTCHR  034720  Global
	      OUTCOD  036700  Global
	      OUTDLY  034344  Global
	      OUTGET  034704  Global
	      OUTIDL  035060  Global
	      OUTRDY  033752  Global
	      OUTRD1  033760  Global
	      POBINT  037740  Global
	      POBRST  037772  Global
	      RNGDET  036710  Global
	      SNDGRX  041026  Global
	      TRDATA  027170  Global
	      TRDDBI  026256  Global
	      TRINTR  026406  Global
	      TRMFNC  040464  Global
	      TRMSTP  040514  Global
	      TROCNT  036360  Global
	      TRRSUM  033706  Global
	      TRSDBI  026304  Global
	<TENTHS>      066574  066600  000004         2. Words
	<SECOND>      066546  066552  000004         2. Words
	<MAIN  >      010076  010102  000004         2. Words
	<PURE  >      001764  003024  001040       272. Words
	<IMPURE>      077706  077724  000016         7. Words
	      CINCNT  077706  Global
	      CINLST  077712  Global
	      COTCNT  077710  Global
	      COTLST  077714  Global
	      CPSLST  077716  Global

********************************************
Module: TRMF                                       986. Words
			Low    High   Length
	<CODE  >      041656  045150  003272       861. Words
	      CLRBAL  042704  Global
	      CPYPRM  045106  Global
	      ENBKEY  042500  Global
	      OUTCPK  041670  Global
	      RPTBIT  044544  Global
	      RPTBTX  044536  Global
	      RPTPAR  044572  Global
	      RPTTYP  044470  Global
	      RPTVAL  044564  Global
	      SETDFT  044662  Global
	      SETPRF  044760  Global
	      SETTCD  045126  Global
	      SETTTP  045044  Global
	      TRPOKE  041656  Global
	<PURE  >      003024  003416  000372       125. Words

********************************************
Module: TRMP                                       482. Words
			Low    High   Length
	<CODE  >      045150  047054  001704       482. Words
	      CHKTWO  045644  Global
	      CLRCMC  046652  Global
	      CLRIHB  046636  Global
	      DECCNT  046440  Global
	      DELCHR  045776  Global
	      DELSRC  046612  Global
	      ECHSLF  045710  Global
	      GETCMC  046310  Global
	      GETIHB  046116  Global
	      PKTSLF  045726  Global
	      PUTCHR  045150  Global
	      PUTIHB  046206  Global
	      REECHO  046706  Global
	      RNGBEL  045622  Global
	      SNDTRP  046504  Global

********************************************
Module: TRMT                                       537. Words
			Low    High   Length
	      MAXPRF  000012  Global
	      MAXTYP  000031  Global
	      PRFSIZ  000013  Global
	      TPRMAX  000052  Global
	      TYPSIZ  000012  Global
	<PURE  >      003416  005500  002062       537. Words
	      BRKTBL  003623  Global
	      CHRINX  003416  Global
	      DSPRPT  004222  Global
	      FILDIV  004050  Global
	      FILMUL  004023  Global
	      PRFPNT  005452  Global
	      TPFBTS  005424  Global
	      TPFCMD  005350  Global
	      TPFDFS  005172  Global
	      TPFLFH  005220  Global
	      TPFNM1  005116  Global
	      TPFNM2  005144  Global
	      TPRIDX  004076  Global
	      TPROFF  004150  Global
	      TPRTBL  004077  Global
	      TTPBTS  005006  Global
	      TTPNM1  004232  Global
	      TTPNM2  004316  Global
	      TTPWID  004637  Global
	      TYPPNT  005072  Global

********************************************
Module: ZAPBUF                                      65. Words
			Low    High   Length
	<CODE  >      047054  047252  000176        63. Words
	      ZAPBUF  047054  Global
	<TENTHS>      066600  066604  000004         2. Words

********************************************
Module: STATUS                                    1143. Words
			Low    High   Length
	<CODE  >      047252  053516  004244      1106. Words
	      STDDBI  047252  Global
	      STPOKE  047332  Global
	      STRSUM  047302  Global
	      STSDBI  047254  Global
	      TRCCOD  052006  Global
	<PURE  >      005500  005600  000100        32. Words
	<SECOND>      066552  066556  000004         2. Words
	<PDATA >      067036  067044  000006         3. Words
	      TRCADD  067036  Global

********************************************
Module: LODDUM                                       3. Words
			Low    High   Length
	<CODE  >      053516  053524  000006         3. Words
	      NXTLOD  053516  Global

********************************************
Module: LNK1                                        33. Words
			Low    High   Length
	<CODE  >      053524  053624  000100        32. Words
	      LKDDBI  053524  Global
	      LKSDBI  053554  Global
	      NOLINK  053614  Global
	<IMPURE>      077724  077726  000002         1. Words
	      CURSX   077724  Global

********************************************
Module: LNK2                                       460. Words
			Low    High   Length
	<CODE  >      053624  055404  001560       440. Words
	      CHKFLG  053734  Global
	      CHKRSP  053660  Global
	      FGPOKE  053700  Global
	      LKCONT  054660  Global
	      LKPDWN  054056  Global
	      LKPOKE  053746  Global
	      LKPOK0  053776  Global
	      LNKDWN  054724  Global
	      LNKUP   055202  Global
	      MOVPKE  054404  Global
	      MOVPKT  054330  Global
	      MOVPK0  054364  Global
	      NXTCFR  054270  Global
	      NXTPKT  054076  Global
	      RSPOKE  053624  Global
	<PURE  >      005600  005644  000044        18. Words
	<SECOND>      066556  066562  000004         2. Words

********************************************
Module: LNKB                                       663. Words
			Low    High   Length
	<CODE  >      055404  057770  002364       634. Words
	      LKBLOD  057620  Global
	      LKBMAI  055404  Global
	      LKBSTR  056604  Global
	<MAIN  >      010102  010130  000026        11. Words
	<PURE  >      005644  005700  000034        14. Words
	<SECOND>      066562  066566  000004         2. Words
	<TENTHS>      066604  066610  000004         2. Words

********************************************
Module: LNKBS                                      636. Words
			Low    High   Length
	<CODE  >      057770  062322  002332       621. Words
	      LNKBPS  057770  Global
	<PURE  >      005700  005736  000036        15. Words

********************************************
Module: LKBDUV                                     845. Words
			Low    High   Length
	<CODE  >      062322  065472  003150       820. Words
	      LKBINI  062322  Global
	      LKBINS  062472  Global
	      LKBISV  062552  Global
	      LKBOSV  063502  Global
	      LKBRST  062474  Global
	<PURE  >      005736  006020  000062        25. Words

********************************************
Module: CRCBYT                                     256. Words
			Low    High   Length
	<PURE  >      006020  007020  001000       256. Words
	      CRCBYT  006020  Global

********************************************
Module: LNKFLG                                     109. Words
			Low    High   Length
	<CODE  >      065472  066024  000332       109. Words
	      FGRSUM  065472  Global
	      FLGPKT  065714  Global
	      NXTFLG  065572  Global

********************************************
Module: LINA                                       183. Words
			Low    High   Length
	<CODE  >      066024  066542  000516       167. Words
	      ASAFNC  066404  Global
	      ASAINI  066076  Global
	      ASAINT  066024  Global
	      ASAOUI  066226  Global
	      ASAOUT  066372  Global
	      BPTINS  066132  Global
	<VECTBL>      101062  101070  000006         3. Words
	<SECOND>      066566  066572  000004         2. Words
	<PURE  >      007020  007046  000026        11. Words

********************************************
Module: ONCE                                       136. Words
			Low    High   Length
	<ONCE  >      077774  100414  000420       136. Words
	      CODTOP  100414  Global
	      ONCNRM  100006  Global
	      ONCXDT  077776  Global

********************************************
Module: END                                         16. Words
			Low    High   Length
	<IMPURE>      077726  077726  000000         0. Words
	      IMPEND  077726  Global
	<MAIN  >      010130  010162  000032        13. Words
	<INIT  >      066612  066614  000002         1. Words
	      PUREND  066614  Global
	<SECOND>      066572  066574  000002         1. Words
	<TENTHS>      066610  066612  000002         1. Words
	<PDATA >      067044  067044  000000         0. Words
	      PDATND  067044  Global
	<VECTBL>      101070  101070  000000         0. Words
	      VECEND  101070  Global
	<INIDAT>      101070  101070  000000         0. Words
	      INIDND  101070  Global
	<INIBYT>      101070  101070  000000         0. Words
	      INIBND  101070  Global
 1s