Link11 Memory Allocation Map  ****  Date 9/8/86  ****  Time 17:19:35


Link11 Version 5.2M
*@LK545B{LK545B.CMD:  SV545B/IMG/B:1000,MP545B=CG545B,RU545B,exec,error,pkt1
*pkt2,pkt3d,cmdtym,CMDS,trm,trmf,trmp,trmt,zapbuf,lnk1,lnk2,tyma,tymb,lnkf
*lnkf2,load,lnkflg,lnkb,lnkbs,lkbduv,crcbyt,lina,linb,auto13,status,once,end}/E

Module: COMMON                   File: CG545B.OBJ
Module: ROUTE                    File: RU545B.OBJ
Module: EXEC                     File: EXEC.OBJ
Module: ERROR                    File: ERROR.OBJ
Module: PKT1                     File: PKT1.OBJ
Module: PKT2                     File: PKT2.OBJ
Module: PKT3D                    File: PKT3D.OBJ
Module: CMDTYM                   File: CMDTYM.OBJ
Module: CMDS                     File: CMDS.OBJ
Module: TRM                      File: TRM.OBJ
Module: TRMF                     File: TRMF.OBJ
Module: TRMP                     File: TRMP.OBJ
Module: TRMT                     File: TRMT.OBJ
Module: ZAPBUF                   File: ZAPBUF.OBJ
Module: LNK1                     File: LNK1.OBJ
Module: LNK2                     File: LNK2.OBJ
Module: TYMA                     File: TYMA.OBJ
Module: TYMB                     File: TYMB.OBJ
Module: LNKF                     File: LNKF.OBJ
Module: LNKF2                    File: LNKF2.OBJ
Module: LOAD                     File: LOAD.OBJ
Module: LNKFLG                   File: LNKFLG.OBJ
Module: LNKB                     File: LNKB.OBJ
Module: LNKBS                    File: LNKBS.OBJ
Module: LKBDUV                   File: LKBDUV.OBJ
Module: CRCBYT                   File: CRCBYT.OBJ
Module: LINA                     File: LINA.OBJ
Module: LINB                     File: LINB.OBJ
Module: AUTO13                   File: AUTO13.OBJ
Module: STATUS                   File: STATUS.OBJ
Module: ONCE                     File: ONCE.OBJ
Module: END                      File: END.OBJ

Program file:     SV545B.IMG
Program name:     COMMON
Transfer address: 001000  

Memory limits:          Low    High   Length
	<LOWMEM>      001000  001146  000146        51. Words
	<SX    >      001146  001366  000220        72. Words
	<PURE  >      001366  010346  006760      1784. Words
	<MAIN  >      010346  011466  001120       296. Words
	<CODE  >      011466  106036  074350     15476. Words
	<SECOND>      106036  106100  000042        17. Words
	<TENTHS>      106100  106122  000022         9. Words
	<INIT  >      106122  106124  000002         1. Words
	<.XDT. >      106124  106252  000126        43. Words
	<.SYM. >      106252  106252  000000         0. Words
	<PDATA >      106252  106354  000102        33. Words
	<DDB   >      106354  107716  001342       369. Words
	<LDB   >      107716  107716  000000         0. Words
	<ADB   >      107716  110234  000316       103. Words
	<SDB   >      110234  121430  011174      2366. Words
	<IMPURE>      121430  123616  002166       571. Words
	<ONCE  >      123616  124304  000466       155. Words
	<VECTBL>      124304  124540  000234        78. Words
	<INIDAT>      124540  124540  000000         0. Words
	<FALCBT>      124540  124540  000000         0. Words
	<INIBYT>      124540  124540  000000         0. Words
	Overall       001000  124540  123540     21424. Words

********************************************
Module: COMMON                                    3724. Words
			Low    High   Length
	      ADARBF  000016  Global
	      ADARSR  000014  Global
	      ADAXBF  000022  Global
	      ADAXSR  000020  Global
	      ADBBFR  000042  Global
	      ADBBRB  000026  Global
	      ADBBRK  000024  Global
	      ADBCSR  000014  Global
	      ADBFLG  000032  Global
	      ADBLPR  000016  Global
	      ADBMSB  000030  Global
	      ADBMSR  000022  Global
	      ADBRBF  000016  Global
	      ADBTCR  000020  Global
	      ADBTDR  000022  Global
	      ADFUNC  000002  Global
	      ADINDX  000006  Global
	      ADINIT  000004  Global
	      ADMAXI  000013  Global
	      ADNEXT  000010  Global
	      ADOUTP  000000  Global
	      ADSTS1  000012  Global
	      CLKREG  177546  Global
	      DDACK   000354  Global
	      DDCACK  000360  Global
	      DDCBGN  000026  Global
	      DDCDWN  000162  Global
	      DDCEND  000032  Global
	      DDCIMB  000246  Global
	      DDCIME  000244  Global
	      DDCIMI  000240  Global
	      DDCIMO  000242  Global
	      DDCMOB  000256  Global
	      DDCMOE  000254  Global
	      DDCMOI  000250  Global
	      DDCMOO  000252  Global
	      DDCNTI  000272  Global
	      DDCNTO  000274  Global
	      DDCSIZ  000002  Global
	      DDCTHO  000334  Global
	      DDCTRN  000355  Global
	      DDDCP   000312  Global
	      DDDDBI  000016  Global
	      DDEDHO  000262  Global
	      DDERBC  000134  Global
	      DDERBF  000116  Global
	      DDERBU  000176  Global
	      DDERCS  000132  Global
	      DDERDB  000150  Global
	      DDERDE  000202  Global
	      DDERD2  000212  Global
	      DDERFH  000174  Global
	      DDERFT  000142  Global
	      DDERFW  000126  Global
	      DDERFX  000136  Global
	      DDERFY  000140  Global
	      DDERFZ  000142  Global
	      DDERF2  000210  Global
	      DDERHB  000146  Global
	      DDERHE  000172  Global
	      DDERHF  000154  Global
	      DDERHO  000140  Global
	      DDERH2  000206  Global
	      DDERIP  000120  Global
	      DDERIS  000114  Global
	      DDERML  000200  Global
	      DDERNP  000124  Global
	      DDEROR  000122  Global
	      DDERPC  000130  Global
	      DDERRC  000160  Global
	      DDERRO  000204  Global
	      DDERRR  000152  Global
	      DDERRX  000144  Global
	      DDERSI  000136  Global
	      DDERSZ  000126  Global
	      DDERTU  000170  Global
	      DDFLAG  000314  Global
	      DDFLG2  000316  Global
	      DDHNDR  000236  Global
	      DDICRC  000230  Global
	      DDID    000006  Global
	      DDIMEX  000450  Global
	      DDIMSX  000400  Global
	      DDINDX  000007  Global
	      DDLBAE  000156  Global
	      DDLBBF  000364  Global
	      DDLBBP  000266  Global
	      DDLBCZ  000114  Global
	      DDLBC1  000330  Global
	      DDLBEB  000372  Global
	      DDLBEP  000264  Global
	      DDLBFC  000270  Global
	      DDLBFP  000372  Global
	      DDLBIP  000270  Global
	      DDLBLC  000520  Global
	      DDLBLN  000234  Global
	      DDLBLP  000400  Global
	      DDLBLS  000332  Global
	      DDLBOH  000276  Global
	      DDLBPO  000320  Global
	      DDLBPR  000220  Global
	      DDLBP1  000326  Global
	      DDLBRB  000216  Global
	      DDLBRS  000214  Global
	      DDLBSN  000363  Global
	      DDLBSS  000361  Global
	      DDLBTB  000224  Global
	      DDLBTS  000222  Global
	      DDLBT1  000324  Global
	      DDLBWT  000344  Global
	      DDLFAL  000234  Global
	      DDLFAV  000154  Global
	      DDLFBC  000172  Global
	      DDLFBH  000164  Global
	      DDLFBI  000160  Global
	      DDLFBJ  000174  Global
	      DDLFBK  000176  Global
	      DDLFBP  000205  Global
	      DDLFBQ  000200  Global
	      DDLFBS  000170  Global
	      DDLFBT  000166  Global
	      DDLFBW  000202  Global
	      DDLFBY  000204  Global
	      DDLFCC  000250  Global
	      DDLFCZ  000151  Global
	      DDLFFC  000160  Global
	      DDLFGS  000236  Global
	      DDLFIC  000246  Global
	      DDLFIK  000242  Global
	      DDLFIP  000244  Global
	      DDLFIQ  000240  Global
	      DDLFIR  000146  Global
	      DDLFIS  000252  Global
	      DDLFIX  000254  Global
	      DDLFLC  000502  Global
	      DDLFOC  000304  Global
	      DDLFOK  000300  Global
	      DDLFOP  000302  Global
	      DDLFOR  000150  Global
	      DDLFOS  000474  Global
	      DDLFOV  000162  Global
	      DDLFOX  000312  Global
	      DDLFOZ  000306  Global
	      DDLFPC  000253  Global
	      DDLFPL  000156  Global
	      DDLFPO  000232  Global
	      DDLFQQ  000145  Global
	      DDLFQX  000310  Global
	      DDLFRQ  000476  Global
	      DDLFSR  000152  Global
	      DDLFS1  000226  Global
	      DDLFS2  000230  Global
	      DDLFTD  000500  Global
	      DDLFTM  000477  Global
	      DDLFTP  000501  Global
	      DDLFT1  000222  Global
	      DDLFT2  000224  Global
	      DDLFXR  000206  Global
	      DDLFXS  000210  Global
	      DDLFX1  000212  Global
	      DDLFX2  000214  Global
	      DDLFX3  000216  Global
	      DDLFX4  000220  Global
	      DDLKCZ  000027  Global
	      DDLKEC  000066  Global
	      DDLKER  000114  Global
	      DDLKFC  000070  Global
	      DDLKFH  000106  Global
	      DDLKFN  000112  Global
	      DDLKFP  000046  Global
	      DDLKFT  000110  Global
	      DDLKIN  000036  Global
	      DDLKIS  000040  Global
	      DDLKLC  000146  Global
	      DDLKLD  000044  Global
	      DDLKNA  000056  Global
	      DDLKNS  000034  Global
	      DDLKNX  000032  Global
	      DDLKN1  000052  Global
	      DDLKN2  000054  Global
	      DDLKPS  000113  Global
	      DDLKP0  000050  Global
	      DDLKSP  000104  Global
	      DDLKST  000042  Global
	      DDLKTP  000065  Global
	      DDLKXT  000002  Global
	      DDLK0H  000070  Global
	      DDLK0T  000072  Global
	      DDLK1H  000074  Global
	      DDLK1T  000076  Global
	      DDLK2H  000100  Global
	      DDLK2T  000102  Global
	      DDMOEX  000520  Global
	      DDMOSX  000450  Global
	      DDNCON  000030  Global
	      DDNUM   000352  Global
	      DDOCRC  000226  Global
	      DDOST   000322  Global
	      DDPKTC  000304  Global
	      DDPKTH  000310  Global
	      DDPKTI  000300  Global
	      DDPKTO  000302  Global
	      DDPKTT  000306  Global
	      DDPOKE  000010  Global
	      DDPRIV  000002  Global
	      DDPSLV  000232  Global
	      DDREPT  000346  Global
	      DDRESP  000353  Global
	      DDRSUM  000012  Global
	      DDSACK  000340  Global
	      DDSCNT  000362  Global
	      DDSDBI  000020  Global
	      DDSNAK  000336  Global
	      DDSOC   000004  Global
	      DDSREP  000342  Global
	      DDSSRC  000014  Global
	      DDSTAT  000351  Global
	      DDSTDP  000033  Global
	      DDSTEP  000032  Global
	      DDSTHO  000260  Global
	      DDSTS0  000000  Global
	      DDSTS1  000026  Global
	      DDSX    000022  Global
	      DDSYN   000350  Global
	      DDTDW1  000166  Global
	      DDTDW2  000164  Global
	      DDTIMR  000357  Global
	      DDTRNS  000356  Global
	      DDWLD   000024  Global
	      DEVMAX  000026  Global
	      DXSIZE  000005  Global
	      EDTNO   000000  Global
	      EDTNUM  000001  Global
	      JIFDIV  000005  Global
	      JIFMUL  000003  Global
	      JIFM05  043120  Global
	      JIFM10  106240  Global
	      JIFM15  151360  Global
	      JIFO10  000006  Global
	      JIFO2   000036  Global
	      JIFO4   000017  Global
	      JIFSEC  000074  Global
	      JIFX10  001130  Global
	      JIFX15  001604  Global
	      JIFX16  001700  Global
	      JIFX2   000170  Global
	      JIFX20  002260  Global
	      JIFX30  003410  Global
	      JIFX60  007020  Global
	      JIFX8   000740  Global
	      JIFX90  012430  Global
	      JIF150  021450  Global
	      JIF180  025060  Global
	      LKOFS$  000006  Global
	      MAXDX   000010  Global
	      MAXTIM  177777  Global
	      MXNPKT  077777  Global
	      NIDMAX  000013  Global
	      NODFLG  000000  Global
	      PKCMAX  000072  Global
	      PKTWDS  000040  Global
	      ROMFLG  000000  Global
	      SDACNT  000036  Global
	      SDCBGN  000010  Global
	      SDCEND  000032  Global
	      SDCSIZ  000011  Global
	      SDDBUG  000006  Global
	      SDDDB   000004  Global
	      SDFCNT  000040  Global
	      SDLFAX  000074  Global
	      SDLFBI  000042  Global
	      SDLFBL  000066  Global
	      SDLFBO  000060  Global
	      SDLFCZ  000016  Global
	      SDLFFC  000042  Global
	      SDLFI0  000044  Global
	      SDLFI1  000046  Global
	      SDLFLC  000076  Global
	      SDLFO0  000062  Global
	      SDLFO1  000064  Global
	      SDLFQN  000057  Global
	      SDLFRQ  000070  Global
	      SDLFS1  000072  Global
	      SDLFVC  000056  Global
	      SDLFVH  000052  Global
	      SDLFXF  000050  Global
	      SDLINK  000000  Global
	      SDLKCZ  000004  Global
	      SDLKFC  000032  Global
	      SDLKFL  000034  Global
	      SDLKLC  000042  Global
	      SDLKLK  000032  Global
	      SDLKLV  000037  Global
	      SDLKXX  000041  Global
	      SDPCNT  000022  Global
	      SDPKCP  000016  Global
	      SDPKDH  000012  Global
	      SDPKDT  000014  Global
	      SDPKSP  000020  Global
	      SDPMAX  000002  Global
	      SDREQB  000030  Global
	      SDREQL  000026  Global
	      SDRSMC  000031  Global
	      SDSDID  000024  Global
	      SDSDSC  000025  Global
	      SDSOC   000003  Global
	      SDSTCC  000036  Global
	      SDSTCF  000104  Global
	      SDSTCY  000004  Global
	      SDSTCZ  000031  Global
	      SDSTDA  000066  Global
	      SDSTDB  000070  Global
	      SDSTD1  000046  Global
	      SDSTD2  000050  Global
	      SDSTD3  000052  Global
	      SDSTD4  000054  Global
	      SDSTD5  000041  Global
	      SDSTD6  000056  Global
	      SDSTD7  000060  Global
	      SDSTD8  000062  Global
	      SDSTD9  000064  Global
	      SDSTER  000105  Global
	      SDSTFC  000032  Global
	      SDSTID  000034  Global
	      SDSTLC  000114  Global
	      SDSTPL  000037  Global
	      SDSTR1  000042  Global
	      SDSTSC  000040  Global
	      SDSTSR  000044  Global
	      SDSTSS  000032  Global
	      SDSTS1  000010  Global
	      SDSTS3  000072  Global
	      SDSTTA  000074  Global
	      SDSTTC  000100  Global
	      SDSTTK  000076  Global
	      SDSTTV  000102  Global
	      SDSTVP  000104  Global
	      SDSTV1  000106  Global
	      SDSTV2  000110  Global
	      SDSTV3  000112  Global
	      SDTPVC  000162  Global
	      SDTRAD  000042  Global
	      SDTRBD  000114  Global
	      SDTRBL  000131  Global
	      SDTRBR  000034  Global
	      SDTRBS  000067  Global
	      SDTRBX  000072  Global
	      SDTRCD  000110  Global
	      SDTRCI  000103  Global
	      SDTRCL  000122  Global
	      SDTRCM  000112  Global
	      SDTRCP  000046  Global
	      SDTRCS  000141  Global
	      SDTRCT  000140  Global
	      SDTRCV  000111  Global
	      SDTRCX  000040  Global
	      SDTRCZ  000047  Global
	      SDTRC1  000142  Global
	      SDTRC2  000144  Global
	      SDTRC3  000146  Global
	      SDTRC4  000150  Global
	      SDTRC5  000152  Global
	      SDTRDL  000075  Global
	      SDTRDY  000130  Global
	      SDTREC  000105  Global
	      SDTRES  000136  Global
	      SDTRFC  000044  Global
	      SDTRFD  000117  Global
	      SDTRFP  000125  Global
	      SDTRFV  000120  Global
	      SDTRFX  000127  Global
	      SDTRHD  000113  Global
	      SDTRHI  000101  Global
	      SDTRHP  000134  Global
	      SDTRIC  000071  Global
	      SDTRIL  000070  Global
	      SDTRIP  000044  Global
	      SDTRIT  000073  Global
	      SDTRLC  000162  Global
	      SDTRLD  000115  Global
	      SDTRLP  000072  Global
	      SDTRLT  000110  Global
	      SDTRLW  000121  Global
	      SDTRLX  000076  Global
	      SDTROD  000050  Global
	      SDTROS  000066  Global
	      SDTRPB  000074  Global
	      SDTRPC  000037  Global
	      SDTRPG  000133  Global
	      SDTRRE  000100  Global
	      SDTRSC  000124  Global
	      SDTRSE  000105  Global
	      SDTRSI  000102  Global
	      SDTRSL  000076  Global
	      SDTRSN  000007  Global
	      SDTRSO  000077  Global
	      SDTRSR  000104  Global
	      SDTRSX  000126  Global
	      SDTRS0  000032  Global
	      SDTRS1  000052  Global
	      SDTRS2  000054  Global
	      SDTRS3  000056  Global
	      SDTRS4  000060  Global
	      SDTRS5  000062  Global
	      SDTRS6  000064  Global
	      SDTRTP  000041  Global
	      SDTRTT  000036  Global
	      SDTRT6  000106  Global
	      SDTRVD  000116  Global
	      SDTRVP  000135  Global
	      SDTRVT  000132  Global
	      SDTRXA  000164  Global
	      SDTRXC  000137  Global
	      SDTR18  000154  Global
	      SDTR19  000160  Global
	      SDTXAP  000164  Global
	      SDTXBP  000166  Global
	      SDWDBC  000044  Global
	      SDWDCZ  000011  Global
	      SDWDDP  000042  Global
	      SDWDFC  000032  Global
	      SDWDFG  000040  Global
	      SDWDLC  000054  Global
	      SDWDLK  000032  Global
	      SDWDN1  000050  Global
	      SDWDN2  000052  Global
	      SDWDPP  000034  Global
	      SDWDSA  000046  Global
	      SDWDTO  000036  Global
	      SDXCNT  000023  Global
	      ST.S0   000002  Global
	      TRMPLM  000050  Global
	      TRMTTL  000020  Global
	      TRPMAX  000020  Global
	      TRPWRN  000006  Global
	      TRPWRX  000003  Global
	      VERNO   000256  Global
	      VERNUM  000250  Global
	      VLLKFC  000006  Global
	      VLLK0C  000012  Global
	      VLLK1C  000012  Global
	      WD.S0   000001  Global
	      .IDCR   000010  Global
	      .IDFD   000012  Global
	      .IDLK   000000  Global
	      .IDLP   000003  Global
	      .IDMT   000011  Global
	      .IDST   000001  Global
	      .IDTR   000002  Global
	      .IDTX   000005  Global
	      .IDTY   000006  Global
	      .IDTZ   000007  Global
	      .IDWD   000004  Global
	      .PLKIL  000000  Global
	      .PLOPT  000017  Global
	      .PLSTP  000012  Global
	      .PLTRM  000002  Global
	      .PLZAP  000006  Global
	      .XXASC  000000  Global
	      .XXBCD  177777  Global
	      .XXCAL  177777  Global
	      .XXCRS  177777  Global
	      .XXEBC  177777  Global
	<LOWMEM>      001000  001000  000000         0. Words
	      LOWMEM  001000  Global
	<SX    >      001146  001366  000220        72. Words
	      SX      001146  Global
	      L0SX    001150  Global
	      L1SX    001252  Global
	      MNLKSX  001146  Global
	      MXLKSX  001310  Global
	      SXTBL   001146  Global
	      SXTOP   001366  Global
	      S0SX    001320  Global
	      T0SX    001326  Global
	      W0SX    001314  Global
	<PURE  >      001366  001626  000240        80. Words
	      PURE    001366  Global
	      ATOTBL  001624  Global
	      ATOTXX  001542  Glo	      CMDETB  001532  Global
	      CODTIL  001624  Global
	      CODTIP  001624  Global
	      CODTIU  001624  Global
	      CODTOU  001624  Global
	      CODTOX  001624  Global
	      CODTSL  001625  Global
	      CODTSU  001624  Global
	      DEVLTR  001444  Global
	      DEVNAM  001416  Global
	      DFTHST  001402  Global
	      DXTBL   001520  Global
	      DXTOP   001530  Global
	      HCLTBL  001406  Global
	      KERHST  001412  Global
	      NIDDX   001457  Global
	      NIDPMX  001505  Global
	      NIDPWN  001472  Global
	      SECTBL  001626  Global
	      THOST   001414  Global
	      THSNOD  001366  Global
	      XRAYNM  001412  Global
	      ..MOD   001410  Global
	      ..TRMM  001411  Global
	<MAIN  >      010346  010346  000000         0. Words
	      MAIN    010346  Global
	<CODE  >      011466  011752  000264        90. Words
	      CODE    011466  Global
	<SECOND>      106036  106036  000000         0. Words
	      SECOND  106036  Global
	<TENTHS>      106100  106100  000000         0. Words
	      TENTHS  106100  Global
	<INIT  >      106122  106122  000000         0. Words
	      INIT    106122  Global
	      INISUB  106122  Global
	<.XDT. >      106124  106252  000126        43. Words
	      .XDT.   106124  Global
	      TRCINT  106174  Global
	<.SYM. >      106252  106252  000000         0. Words
	      .SYM.   106252  Global
	<PDATA >      106252  106252  000000         0. Words
	      PDATA   106252  Global
	<DDB   >      106354  107716  001342       369. Words
	      DDB     106354  Global
	      DDBBGN  106354  Global
	      LKBDDB  107056  Global
	      LKFDDB  106354  Global
	      L0$     106354  Global
	      L1$     107056  Global
	      S0$     107630  Global
	      TR0CON  107714  Global
	      T0$     107664  Global
	      W0$     107576  Global
	<LDB   >      107716  107716  000000         0. Words
	      LDB     107716  Global
	      LDBBGN  107716  Global
	<ADB   >      107716  110234  000316       103. Words
	      ADB     107716  Global
	      ADB0$   107716  Global
	      ADB1$   107742  Global
	      ADB2$   107766  Global
	      ADB3$   110012  Global
	      ADB4$   110036  Global
	      ADB5$   110110  Global
	      ADB6$   110162  Global
	      ASAADB  107716  Global
	      ASBADB  110036  Global
	<SDB   >      110234  121430  011174      2366. Words
	      SDB     110234  Global
	      L0$0    110234  Global
	      L0$1    110332  Global
	      L0$10   111214  Global
	      L0$11   111312  Global
	      L0$12   111410  Global
	      L0$13   111506  Global
	      L0$14   111604  Global
	      L0$15   111702  Global
	      L0$16   112000  Global
	      L0$17   112076  Global
	      L0$2    110430  Global
	      L0$20   112174  Global
	      L0$21   112272  Global
	      L0$22   112370  Global
	      L0$23   112466  Global
	      L0$24   112564  Global
	      L0$25   112662  Global
	      L0$26   112760  Global
	      L0$27   113056  Global
	      L0$3    110526  Global
	      L0$30   113154  Global
	      L0$31   113252  Global
	      L0$32   113350  Global
	      L0$33   113446  Global
	      L0$34   113544  Global
	      L0$35   113642  Global
	      L0$36   113740  Global
	      L0$37   114036  Global
	      L0$4    110624  Global
	      L0$40   114134  Global
	      L0$5    110722  Global
	      L0$6    111020  Global
	      L0$7    111116  Global
	      L1$0    114232  Global
	      L1$1    114274  Global
	      L1$10   114652  Global
	      L1$11   114714  Global
	      L1$12   114756  Global
	      L1$13   115020  Global
	      L1$14   115062  Global
	      L1$15   115124  Global
	      L1$16   115166  Global
	      L1$17   115230  Global
	      L1$2    114336  Global
	      L1$20   115272  Global
	      L1$3    114400  Global
	      L1$4    114442  Global
	      L1$5    114504  Global
	      L1$6    114546  Global
	      L1$7    114610  Global
	      SDBBGN  110234  Global
	      S0$1    115410  Global
	      S0$2    115524  Global
	      T0$1    115640  Global
	      T0$10   117340  Global
	      T0$11   117530  Global
	      T0$12   117720  Global
	      T0$13   120110  Global
	      T0$14   120300  Global
	      T0$15   120470  Global
	      T0$16   120660  Global
	      T0$17   121050  Global
	      T0$2    116026  Global
	      T0$20   121240  Global
	      T0$3    116214  Global
	      T0$4    116402  Global
	      T0$5    116570  Global
	      T0$6    116760  Global
	      T0$7    117150  Global
	      W0$1    115334  Global
	<IMPURE>      121430  123536  002106       547. Words
	      IMPURE  121430  Global
	      CKSFLG  121432  Global
	      CKSVAL  121430  Global
	      IMPBGN  121430  Global
	      IMPCLR  121434  Global
	      REQSTH  122050  Global
	      REQSTT  122052  Global
	      S       121750  Global
	      STKBGN  121744  Global
	      STKEND  121434  Global
	      TMRCNT  122372  Global
	      TMRDSP  123216  Global
	      TMRFRE  122054  Global
	      TMRLST  122056  Global
	      TMRSDB  122704  Global
	      TMRTOP  122370  Global
	      TRRNGP  123534  Global
	      TRRNGT  123532  Global
	<ONCE  >      123616  123616  000000         0. Words
	      ONCE    123616  Global
	      PKTBGN  123616  Global
	<VECTBL>      124304  124460  000154        54. Words
	      VECTBL  124304  Global
	<INIDAT>      124540  124540  000000         0. Words
	      INIDAT  124540  Global
	<FALCBT>      124540  124540  000000         0. Words
	      FALCBT  124540  Global
	<INIBYT>      124540  124540  000000         0. Words
	      INIBYT  124540  Global

********************************************
Module: ROUTE                                        4. Words
			Low    High   Length
	      HSOF$X  000004  Global
	      HSTN$X  000000  Global
	      NODN$X  000004  Global
	<PURE  >      001626  001636  000010         4. Words
	      HSTN$1  001632  Global
	      HSTN$2  001634  Global
	      NODN$1  001626  Global
	      NODN$2  001630  Global
	      PTHPR$  001632  Global
	      PTHSC$  001633  Global
	      PTHTE$  001634  Global

********************************************
Module: EXEC                                       537. Words
			Low    High   Length
	<LOWMEM>      001000  001146  000146        51. Words
	      DBGENT  001004  Global
	      GO      001000  Global
	      NODSTS  001020  Global
	      VERLOC  001034  Global
	<MAIN  >      010346  011376  001030       268. Words
	      MAINLP  010650  Global
	      MAINL2  011002  Global
	      START   010346  Global
	<PURE  >      001636  001666  000030        12. Words
	<CODE  >      011752  012556  000604       194. Words
	      ACKOPS  012536  Global
	      GETPSW  012252  Global
	      GOBOOT  012006  Global
	      RD50XX  012436  Global
	      RTNRTI  012004  Global
	      TIMKIL  012160  Global
	      TIMREQ  012050  Global
	      XXRD50  012260  Global
	<VECTBL>      124460  124466  000006         3. Words
	<IMPURE>      123536  123556  000020         8. Words
	      CKSPNT  123546  Global
	      CKSWRD  123550  Global
	      CLKFLG  123536  Global
	      LPSAVG  123554  Global
	      UPTIME  123542  Global
	<PDATA >      106252  106254  000002         1. Words
	      CRSCNT  106252  Global

********************************************
Module: ERROR                                      373. Words
			Low    High   Length
	      CTYRBF  177562  Global
	      CTYRSR  177560  Global
	      CTYXBF  177566  Global
	      CTYXSR  177564  Global
	      TRPERX  000016  Global
	<CODE  >      012556  014010  001232       333. Words
	      CTYCHR  013554  Global
	      CTYOCT  013624  Global
	      CTYSTR  013612  Global
	      ERROR   012556  Global
	      NXMERR  012622  Global
	      STKUND  012654  Global
	      TRPER0  012752  Global
	      TRPER1  012770  Global
	      TRPER2  013006  Global
	      TRPER3  013024  Global
	      TRPER4  013042  Global
	      TRPER5  013060  Global
	      TRPER6  013076  Global
	      TRPER7  013114  Global
	<VECTBL>      124466  124516  000030        12. Words
	<PDATA >      106254  106344  000070        28. Words
	      BADSTK  106342  Global
	      BUGBUF  106254  Global
	      SAVEEC  106314  Global
	      SAVEEI  106316  Global
	      SAVEPC  106336  Global
	      SAVER1  106322  Global

********************************************
Module: PKT1                                       462. Words
			Low    High   Length
	<CODE  >      014010  015610  001600       448. Words
	      ACCEPT  015312  Global
	      CLRINP  015554  Global
	      CPKRTN  015504  Global
	      CTLPKT  015136  Global
	      CTLPKX  015152  Global
	      CTLSTE  015216  Global
	      CTLSTR  015174  Global
	      DECOWN  014700  Global
	      DECPCN  014656  Global
	      FREPAC  014274  Global
	      GETBYT  014314  Global
	      GETCTL  014424  Global
	      GETPKT  015226  Global
	      GIVPKT  015254  Global
	      JNKCPK  014616  Global
	      JNKCPX  014610  Global
	      JNKPKT  014642  Global
	      JNKPKX  014634  Global
	      MAKKIL  015374  Global
	      MAKPAC  014144  Global
	      OUTSUP  015546  Global
	      PKTAGN  015260  Global
	      PKTINI  014010  Global
	      PKTRTN  015520  Global
	      PKTRTX  015476  Global
	      PUTBYT  014470  Global
	      REFUSE  015360  Global
	      REMOVE  015042  Global
	      SETDIS  015414  Global
	      SETEPK  015432  Global
	      SETKIL  015404  Global
	      SETNAK  015424  Global
	      SNDDPK  015120  Global
	      WAKCHK  014734  Global
	      WAKCH2  015020  Global
	<VECTBL>      124516  124532  000014         6. Words
	<PDATA >      106344  106346  000002         1. Words
	      NUMPKT  106344  Global
	<IMPURE>      123556  123574  000016         7. Words
	      PKFCMN  123562  Global
	      PKFCNT  123560  Global
	      PKFHLF  123564  Global
	      PKFLST  123556  Global
	      PKTBND  123566  Global

********************************************
Module: PKT2                                      1250. Words
			Low    High   Length
	      MAXPKT  000013  Global
	<CODE  >      015610  022230  004420      1160. Words
	      CLRCFP  022172  Global
	      CLRCTP  022116  Global
	      CLRDDV  022024  Global
	      CLRSDV  022046  Global
	      CONCOL  017574  Global
	      CONNSB  016130  Global
	      FINDIS  021660  Global
	      FRESOC  021672  Global
	      GRBSDB  021702  Global
	      JNKOWN  021432  Global
	      KILKIL  015724  Global
	      KILKIW  015720  Global
	      KILKIX  015704  Global
	      KILKI2  016012  Global
	      KILKI3  016016  Global
	      REQXR1  021234  Global
	      REQXR2  021242  Global
	      RTYNAK  020000  Global
	      SETINU  021650  Global
	      SNDDAT  021200  Global
	      SNDDA0  021202  Global
	      SNDDA3  021220  Global
	      SNDDTP  021160  Global
	      SNDEAT  021056  Global
	      SNDINT  021064  Global
	      SNDKIL  020352  Global
	      SNDKL5  020460  Global
	      SNDPKT  015610  Global
	      SNDSRC  021174  Global
	<PURE  >      001666  002144  000256        87. Words
	<SECOND>      106036  106042  000004         2. Words
	<IMPURE>      123574  123576  000002         1. Words

********************************************
Module: PKT3D                                        2. Words
			Low    High   Length
	      STARFP  000000  Global
	      STARFW  000000  Global
	      STARIP  000000  Global
	      STARTP  000000  Global
	      STARTW  000000  Global
	      XXSSRC  000000  Global
	<CODE  >      022230  022234  000004         2. Words
	      SNDRCR  022230  Global

********************************************
Module: CMDTYM                                     545. Words
			Low    High   Length
	<PURE  >      002144  002164  000020         8. Words
	      TYMENT  002144  Global
	<CODE  >      022234  024316  002062       537. Words

********************************************
Module: CMDS                                       732. Words
			Low    High   Length
	      .CXACK  000010  Global
	      .CXCIN  000002  Global
	      .CXCMD  000000  Global
	      .CXDAK  000016  Global
	      .CXDIS  000014  Global
	      .CXECL  000004  Global
	      .CXNAK  000012  Global
	      .CXRST  000006  Global
	<CODE  >      024316  027202  002664       730. Words
	      CMDACK  024602  Global
	      CMDCNP  025124  Global
	      CMDCON  026144  Global
	      CMDDAK  024470  Global
	      CMDDIS  024316  Global
	      CMDENT  024550  Global
	      CMDNAK  025102  Global
	      EATBLK  025762  Global
	      ENDLIN  025620  Global
	      GETDEC  025670  Global
	      INLOUT  025540  Global
	      MAKDSC  027062  Global
	      OUTDEC  026022  Global
	      OUTSTR  025624  Global
	      OUTST1  025630  Global
	      TRSSRC  027130  Global
	      WATIDL  025500  Global
	<PURE  >      002164  002170  000004         2. Words

********************************************
Module: TRM                                       3248. Words
			Low    High   Length
	      FPCCCR  000025  Global
	      FPCNCH  000023  Global
	      FPCOUT  000004  Global
	      FPCRLF  000001  Global
	      FPCRTN  000010  Global
	      FPCXCR  000034  Global
	      FPDONX  000003  Global
	      FPIXLF  000015  Global
	      FPLINF  000006  Global
	      FPNEBS  000046  Global
	      FPNLFD  000021  Global
	      FPNSPA  000017  Global
	      FPPRFX  000012  Global
	      FPXBSE  000051  Global
	      .CXBSP  000004  Global
	      .CXCAN  000030  Global
	      .CXCMA  000034  Global
	      .CXCNT  000002  Global
	      .CXCRN  000016  Global
	      .CXDC2  000024  Global
	      .CXDLE  000020  Global
	      .CXDSH  000034  Global
	      .CXEOT  000056  Global
	      .CXESC  000032  Global
	      .CXFFD  000014  Global
	      .CXHSP  000042  Global
	      .CXHTB  000006  Global
	      .CXLCA  000040  Global
	      .CXLCS  000052  Global
	      .CXLFD  000010  Global
	      .CXNUL  000000  Global
	      .CXPRE  000054  Global
	      .CXRUB  000044  Global
	      .CXSMI  000036  Global
	      .CXUCA  000034  Global
	      .CXUCS  000050  Global
	      .CXUNU  000046  Global
	      .CXVTB  000012  Global
	      .CXXOF  000026  Global
	      .CXXON  000022  Global
	<ONCE  >      123616  123664  000046        19. Words
	<CODE  >      027202  042602  013400      2944. Words
	      BALTMO  036066  Global
	      BRDRDY  040062  Global
	      BRDTMO  040152  Global
	      BREAKR  040464  Global
	      CARDET  037724  Global
	      CARLOS  040204  Global
	      CHRDLY  042506  Global
	      CON2TR  041106  Global
	      HANGIT  041164  Global
	      HANGU4  040410  Global
	      HNDXON  042126  Global
	      HUNGUP  040260  Global
	      INPGET  035772  Global
	      OUTCHR  035644  Global
	      OUTCOD  037624  Global
	      OUTDLY  035270  Global
	      OUTGET  035630  Global
	      OUTIDL  036004  Global
	      OUTRDY  034676  Global
	      OUTRD1  034704  Global
	      POBINT  040664  Global
	      POBRST  040716  Global
	      RNGDET  037634  Global
	      SNDGRX  041752  Global
	      TRDATA  030114  Global
	      TRDDBI  027202  Global
	      TRINTR  027332  Global
	      TRMFNC  041410  Global
	      TRMSTP  041440  Global
	      TROCNT  037304  Global
	      TRRSUM  034632  Global
	      TRSDBI  027230  Global
	<TENTHS>      106100  106104  000004         2. Words
	<SECOND>      106042  106046  000004         2. Words
	<MAIN  >      011376  011402  000004         2. Words
	<PURE  >      002170  003230  001040       272. Words
	<IMPURE>      123576  123614  000016         7. Words
	      CINCNT  123576  Global
	      CINLST  123602  Global
	      COTCNT  123600  Global
	      COTLST  123604  Global
	      CPSLST  123606  Global

********************************************
Module: TRMF                                       986. Words
			Low    High   Length
	<CODE  >      042602  046074  003272       861. Words
	      CLRBAL  043630  Global
	      CPYPRM  046032  Global
	      ENBKEY  043424  Global
	      OUTCPK  042614  Global
	      RPTBIT  045470  Global
	      RPTBTX  045462  Global
	      RPTPAR  045516  Global
	      RPTTYP  045414  Global
	      RPTVAL  045510  Global
	      SETDFT  045606  Global
	      SETPRF  045704  Global
	      SETTCD  046052  Global
	      SETTTP  045770  Global
	      TRPOKE  042602  Global
	<PURE  >      003230  003622  000372       125. Words

********************************************
Module: TRMP                                       482. Words
			Low    High   Length
	<CODE  >      046074  050000  001704       482. Words
	      CHKTWO  046570  Global
	      CLRCMC  047576  Global
	      CLRIHB  047562  Global
	      DECCNT  047364  Global
	      DELCHR  046722  Global
	      DELSRC  047536  Global
	      ECHSLF  046634  Global
	      GETCMC  047234  Global
	      GETIHB  047042  Global
	      PKTSLF  046652  Global
	      PUTCHR  046074  Global
	      PUTIHB  047132  Global
	      REECHO  047632  Global
	      RNGBEL  046546  Global
	      SNDTRP  047430  Global

********************************************
Module: TRMT                                       537. Words
			Low    High   Length
	      MAXPRF  000012  Global
	      MAXTYP  000031  Global
	      PRFSIZ  000013  Global
	      TPRMAX  000052  Global
	      TYPSIZ  000012  Global
	<PURE  >      003622  005704  002062       537. Words
	      BRKTBL  004027  Global
	      CHRINX  003622  Global
	      DSPRPT  004426  Global
	      FILDIV  004254  Global
	      FILMUL  004227  Global
	      PRFPNT  005656  Global
	      TPFBTS  005630  Global
	      TPFCMD  005554  Global
	      TPFDFS  005376  Global
	      TPFLFH  005424  Global
	      TPFNM1  005322  Global
	      TPFNM2  005350  Global
	      TPRIDX  004302  Global
	      TPROFF  004354  Global
	      TPRTBL  004303  Global
	      TTPBTS  005212  Global
	      TTPNM1  004436  Global
	      TTPNM2  004522  Global
	      TTPWID  005043  Global
	      TYPPNT  005276  Global

********************************************
Module: ZAPBUF                                      65. Words
			Low    High   Length
	<CODE  >      050000  050176  000176        63. Words
	      ZAPBUF  050000  Global
	<TENTHS>      106104  106110  000004         2. Words

********************************************
Module: LNK1                                        33. Words
			Low    High   Length
	<CODE  >      050176  050276  000100        32. Words
	      LKDDBI  050176  Global
	      LKSDBI  050226  Global
	      NOLINK  050266  Global
	<IMPURE>      123614  123616  000002         1. Words
	      CURSX   123614  Global

********************************************
Module: LNK2                                       460. Words
			Low    High   Length
	<CODE  >      050276  052056  001560       440. Words
	      CHKFLG  050406  Global
	      CHKRSP  050332  Global
	      FGPOKE  050352  Global
	      LKCONT  051332  Global
	      LKPDWN  050530  Global
	      LKPOKE  050420  Global
	      LKPOK0  050450  Global
	      LNKDWN  051376  Global
	      LNKUP   051654  Global
	      MOVPKE  051056  Global
	      MOVPKT  051002  Global
	      MOVPK0  051036  Global
	      NXTCFR  050742  Global
	      NXTPKT  050550  Global
	      RSPOKE  050276  Global
	<PURE  >      005704  005750  000044        18. Words
	<SECOND>      106046  106052  000004         2. Words

********************************************
Module: TYMA                                        96. Words
			Low    High   Length
	      MAXRNT  000024  Global
	<CODE  >      052056  052206  000130        44. Words
	      TYNFIV  052162  Global
	      TYNGTT  052056  Global
	<PURE  >      005750  006120  000150        52. Words
	      TYNFNF  005750  Global
	      TYNRNT  006073  Global
	      TYNRTN  005770  Global

********************************************
Module: TYMB                                        33. Words
			Low    High   Length
	<CODE  >      052206  052310  000102        33. Words
	      PUTHSN  052256  Global
	      TYMCON  052206  Global

********************************************
Module: LNKF                                      2635. Words
			Low    High   Length
	      LKFLOD  000000  Global
	      MAXMSG  000062  Global
	<CODE  >      052310  063720  011410      2436. Words
	      LFOUTX  056630  Global
	      LFRSUM  052414  Global
	      LKFINI  052310  Global
	      LKFINS  052370  Global
	      LKFSTR  057530  Global
	<MAIN  >      011402  011406  000004         2. Words
	<PURE  >      006120  006726  000606       195. Words
	      MSGLEN  006474  Global
	<SECOND>      106052  106056  000004         2. Words
	<IMPURE>      123616  123616  000000         0. Words

********************************************
Module: LNKF2                                      338. Words
			Low    High   Length
	<CODE  >      063720  065136  001216       327. Words
	      LKFACP  065046  Global
	      LKFCLR  065126  Global
	      LKFDII  065040  Global
	      LKFENB  065006  Global
	      LKFIN2  063720  Global
	      LKFOU2  064530  Global
	      LKFSTO  065076  Global
	<PURE  >      006726  006754  000026        11. Words

********************************************
Module: LOAD                                       444. Words
			Low    High   Length
	<CODE  >      065136  066712  001554       438. Words
	      MOVLOD  066546  Global
	      NXTLOD  066146  Global
	      WDDDBI  065136  Global
	      WDPOKE  065176  Global
	      WDRSUM  065174  Global
	      WDSDBI  065140  Global
	<SECOND>      106056  106062  000004         2. Words
	<PURE  >      006754  006764  000010         4. Words

********************************************
Module: LNKFLG                                     109. Words
			Low    High   Length
	<CODE  >      066712  067244  000332       109. Words
	      FGRSUM  066712  Global
	      FLGPKT  067134  Global
	      NXTFLG  067012  Global

********************************************
Module: LNKB                                       663. Words
			Low    High   Length
	<CODE  >      067244  071630  002364       634. Words
	      LKBLOD  071460  Global
	      LKBMAI  067244  Global
	      LKBSTR  070444  Global
	<MAIN  >      011406  011434  000026        11. Words
	<PURE  >      006764  007020  000034        14. Words
	<SECOND>      106062  106066  000004         2. Words
	<TENTHS>      106110  106114  000004         2. Words

********************************************
Module: LNKBS                                      636. Words
			Low    High   Length
	<CODE  >      071630  074162  002332       621. Words
	      LNKBPS  071630  Global
	<PURE  >      007020  007056  000036        15. Words

********************************************
Module: LKBDUV                                     845. Words
			Low    High   Length
	<CODE  >      074162  077332  003150       820. Words
	      LKBINI  074162  Global
	      LKBINS  074332  Global
	      LKBISV  074412  Global
	      LKBOSV  075342  Global
	      LKBRST  074334  Global
	<PURE  >      007056  007140  000062        25. Words

********************************************
Module: CRCBYT                                     256. Words
			Low    High   Length
	<PURE  >      007140  010140  001000       256. Words
	      CRCBYT  007140  Global

********************************************
Module: LINA                                       183. Words
			Low    High   Length
	<CODE  >      077332  100050  000516       167. Words
	      ASAFNC  077712  Global
	      ASAINI  077404  Global
	      ASAINT  077332  Global
	      ASAOUI  077534  Global
	      ASAOUT  077700  Global
	      BPTINS  077440  Global
	<VECTBL>      124532  124540  000006         3. Words
	<SECOND>      106066  106072  000004         2. Words
	<PURE  >      010140  010166  000026        11. Words

********************************************
Module: LINB                                       323. Words
			Low    High   Length
	<CODE  >      100050  101172  001122       297. Words
	      ASBFNC  100552  Global
	      ASBINI  100200  Global
	      ASBINT  100050  Global
	      ASBOUI  100246  Global
	      ASBOUT  100502  Global
	<TENTHS>      106114  106120  000004         2. Words
	<PURE  >      010166  010246  000060        24. Words
	      ASBBIT  010166  Global

********************************************
Module: AUTO13                                     128. Words
			Low    High   Length
	<CODE  >      101172  101572  000400       128. Words
	      AINI13  101172  Global
	      ARST13  101266  Global

********************************************
Module: STATUS                                    1143. Words
			Low    High   Length
	<CODE  >      101572  106036  004244      1106. Words
	      STDDBI  101572  Global
	      STPOKE  101652  Global
	      STRSUM  101622  Global
	      STSDBI  101574  Global
	      TRCCOD  104326  Global
	<PURE  >      010246  010346  000100        32. Words
	<SECOND>      106072  106076  000004         2. Words
	<PDATA >      106346  106354  000006         3. Words
	      TRCADD  106346  Global

********************************************
Module: ONCE                                       136. Words
			Low    High   Length
	<ONCE  >      123664  124304  000420       136. Words
	      CODTOP  124304  Global
	      ONCNRM  123676  Global
	      ONCXDT  123666  Global

********************************************
Module: END                                         16. Words
			Low    High   Length
	<IMPURE>      123616  123616  000000         0. Words
	      IMPEND  123616  Global
	<MAIN  >      011434  011466  000032        13. Words
	<INIT  >      106122  106124  000002         1. Words
	      PUREND  106124  Global
	<SECOND>      106076  106100  000002         1. Words
	<TENTHS>      106120  106122  000002         1. Words
	<PDATA >      106354  106354  000000         0. Words
	      PDATND  106354  Global
	<VECTBL>      124540  124540  000000         0. Words
	      VECEND  124540  Global
	<INIDAT>      124540  124540  000000         0. Words
	      INIDND  124540  Global
	<INIBYT>      124540  124540  000000         0. Words
	      INIBND  124540  Global
JPv¯