		LINK symbol map of	LNKSCN	version 5A(2030)		page 1
	Produced by LINK version 4A(1220)-1 on 17-May-85 at 16:46:04

	Low  segment starts at	     0 ends at	 12167 length	 12170 = 11P
	High segment starts at	400000 ends at	421417 length	 21420 = 18P
	392 words free in Low segment, 240 words free in high segment
	1075 Global symbols loaded, therefore min. hash size is 1195
	Start address is 400053, located in program LNKSCN

		*************

JOBDAT-INITIAL-SYMBOLS

	Zero length module

		*************

UDDT	from SYS:DDT.REL[1,4]	created by Unknown on 28-Mar-72 at 10:38:00
	Low  segment starts at	   140 ends at	  7411 length	  7252 (octal),  3754. (decimal)

	DDT	         140	Entry	Relocatable 		DDTCH.	        3276	Entry	Relocatable 	
	DDTEND	        7405	Global	Relocatable 		HALT	254200000000	Global	Absolute    	
	JEN	254500000000	Global	Absolute    		JOV	255400000000	Global	Absolute    	
	$1B	        5304	Global	Relocatable 		$2B	        5310	Global	Relocatable 	
	$3B	        5314	Global	Relocatable 		$4B	        5320	Global	Relocatable 	
	$5B	        5324	Global	Relocatable 		$6B	        5330	Global	Relocatable 	
	$7B	        5334	Global	Relocatable 		$8B	        5340	Global	Relocatable 	
	$I	        5271	Global	Relocatable 		$M	        5276	Global	Relocatable 	

		*************

LNKEXO	from DSK:LNKEXO.REL[3,163564]	created by MACRO on 23-Dec-73 at 20:43:00
	High segment starts at	400010 ends at	400032 length	    23 (octal),    19. (decimal)

	E$$LNS	      400014	Global	Relocatable 	

		*************

LNKHST	from DSK:LNKHST.REL[3,163564]	created by MACRO on 23-Dec-73 at 20:43:00
	High segment starts at	400033 ends at	400052 length	    20 (octal),    16. (decimal)

	LNKVER	   501002030	Global	Absolute    Suppressed

		*************

LNKSCN	from DSK:LNKSCN.REL[3,163564]	created by MACRO on 23-Dec-73 at 20:44:00
	High segment starts at	400053 ends at	401773 length	  1721 (octal),   977. (decimal)

	B%LVL	          21	Global	Absolute    Suppressed	B%SEV	          14	Global	Absolute    Suppressed
	B%VER	           7	Global	Absolute    Suppressed	DC	           1	Global	Absolute    Suppressed
	E$$IST	      400415	Global	Relocatable 		E$$ITB	      401530	Global	Relocatable 	
	E$$SNL	      400064	Global	Relocatable 		ER%MS	           0	Global	Absolute    Suppressed
	ET%FSP	           4	Global	Absolute    Suppressed	EZCOR	       11361	Global	Relocatable Suppressed
	F.ASCC	       10507	Global	Relocatable 		F.ASCI	       10506	Global	Relocatable 	
	F.ASCK	       10510	Global	Relocatable 		F.EDIT	       10505	Global	Relocatable 	
	F.INZR	       10502	Global	Relocatable 		F.LEN	          34	Global	Absolute    Suppressed
		LINK symbol map of	LNKSCN	version 5A(2030)		page 2
LNKSCN
	F.NXZR	       10503	Global	Relocatable 		F.WLZR	       10504	Global	Relocatable 	
	F.ZER	           2	Global	Absolute    Suppressed	GOTO	       10614	Global	Relocatable 	
	L%F	          37	Global	Absolute    Suppressed	L%I	           1	Global	Absolute    Suppressed
	L%MAX	          37	Global	Absolute    Suppressed	LNKSCN	      400053	Entry	Relocatable 	
	LOGSUB	       10640	Global	Relocatable 		M%C	           4	Global	Absolute    Suppressed
	M%F	           2	Global	Absolute    Suppressed	M%P	           1	Global	Absolute    Suppressed
	OFFSET	        7412	Global	Relocatable 		OSCANF	       10520	Global	Relocatable 	
	OVERLW	       10765	Global	Relocatable 		S%F	          37	Global	Absolute    Suppressed
	S%I	           1	Global	Absolute    Suppressed	S%MAX	          37	Global	Absolute    Suppressed
	SWFLAG	       10515	Global	Relocatable 		TTYSUB	       10641	Global	Relocatable 	
	V%L	           3	Global	Absolute    Suppressed	V%MAX	           3	Global	Absolute    Suppressed
	VERLVL	       10635	Global	Relocatable 		.DPKSC	      401636	Global	Relocatable 	
	.DPKSW	      401635	Entry	Relocatable 		.ERIST	      401721	Global	Relocatable 	
	.ERITB	      401731	Global	Relocatable 		.ERSNL	      401706	Global	Relocatable 	
	.SWDPK	      401663	Entry	Relocatable 		.SWSXD	      401633	Entry	Relocatable 	
	.SWSYM	      401557	Entry	Relocatable 		.SWSYO	      401572	Entry	Relocatable 	
	.SWVER	      401673	Entry	Relocatable 		.SXDSC	      401575	Global	Relocatable 	
	.SXDSW	      401574	Entry	Relocatable 		.SYMSC	      401545	Global	Relocatable 	
	.SYMSW	      401544	Entry	Relocatable 		.SYOSC	      401562	Global	Relocatable 	
	.SYOSW	      401561	Entry	Relocatable 	

		*************

LNKCOR	from DSK:LNKCOR.REL[3,163564]	created by MACRO on 23-Dec-73 at 20:54:00
	High segment starts at	401774 ends at	405451 length	  3456 (octal),  1838. (decimal)

	AC	          13	Global	Absolute    Suppressed	AS.AB	       10265	Global	Relocatable 	
	AS.DMP	      404423	Global	Relocatable 		AS.GBC	      403224	Global	Relocatable 	
	AS.GET	      402671	Global	Relocatable 		AS.IN	      404235	Global	Relocatable 	
	AS.IX	           3	Global	Absolute    Suppressed	AS.LB	       10254	Global	Relocatable 	
	AS.OUT	      404077	Global	Relocatable 		AS.PT	       10307	Global	Relocatable 	
	AS.REM	      403447	Global	Relocatable 		AS.RET	      403122	Global	Relocatable 	
	AS.TST	      403376	Global	Relocatable 		BG.AB	       10271	Global	Relocatable 	
	BG.GBC	      403240	Global	Relocatable 		BG.GET	      402707	Global	Relocatable 	
	BG.IX	           7	Global	Absolute    Suppressed	BG.LB	       10260	Global	Relocatable 	
	BG.REM	      403463	Global	Relocatable 		BG.RET	      403136	Global	Relocatable 	
	BG.TST	      403412	Global	Relocatable 		COREFL	       10216	Global	Relocatable 	
	CORFUL	       10176	Global	Relocatable 		DY.AB	       10262	Global	Relocatable 	
	DY.GBC	      403213	Global	Relocatable 		DY.GET	      402656	Global	Relocatable 	
	DY.IX	           0	Global	Absolute    Suppressed	DY.REM	      403434	Global	Relocatable 	
	DY.RET	      403107	Global	Relocatable 		DY.TST	      403361	Global	Relocatable 	
	E$$AZW	      402716	Global	Relocatable 		E$$EAS	      404401	Global	Relocatable 	
	E$$EHC	      404371	Global	Relocatable 		E$$ELC	      404365	Global	Relocatable 	
	E$$ELS	      404375	Global	Relocatable 		E$$EXP	      402046	Global	Relocatable 	
	E$$IAS	      404260	Global	Relocatable 		E$$IHC	      404204	Global	Relocatable 	
	E$$ILC	      404156	Global	Relocatable 		E$$ILS	      404232	Global	Relocatable 	
	E$$MEF	      402115	Global	Relocatable 		E$$MOV	      402123	Global	Relocatable 	
	E$$MSS	      403744	Global	Relocatable 		E$$OAS	      404117	Global	Relocatable 	
	E$$OHC	      404051	Global	Relocatable 		E$$OLC	      404026	Global	Relocatable 	
	E$$OLS	      404074	Global	Relocatable 		E$$PAS	      404351	Global	Relocatable 	
	E$$PHC	      404343	Global	Relocatable 		E$$PLC	      404340	Global	Relocatable 	
	E$$PLS	      404346	Global	Relocatable 		E$$PUF	      402624	Global	Relocatable 	
	E$$RUM	      403203	Global	Relocatable 		E$$SFU	      405133	Global	Relocatable 	
	E01EXP	      402101	Global	Relocatable 		ER%LRE	           1	Global	Absolute    Suppressed
		LINK symbol map of	LNKSCN	version 5A(2030)		page 3
LNKCOR
	ER%ST	           3	Global	Absolute    Suppressed	ET%COR	           6	Global	Absolute    Suppressed
	ET%OCT	           2	Global	Absolute    Suppressed	ET%STR	           0	Global	Absolute    Suppressed
	FR.CNT	      402627	Global	Relocatable 		FRECOR	       10615	Global	Relocatable 	
	FS.SS	       10122	Global	Relocatable 		FX.AB	       10270	Global	Relocatable 	
	FX.GBC	      403235	Global	Relocatable 		FX.GET	      402702	Global	Relocatable 	
	FX.IX	           6	Global	Absolute    Suppressed	FX.LB	       10257	Global	Relocatable 	
	FX.REM	      403460	Global	Relocatable 		FX.RET	      403133	Global	Relocatable 	
	FX.TST	      403407	Global	Relocatable 		FXT.S0	       10123	Global	Relocatable 	
	GBCK.L	      403516	Global	Relocatable 		GS.AB	       10272	Global	Relocatable 	
	GS.GBC	      403243	Global	Relocatable 		GS.GET	      402712	Global	Relocatable 	
	GS.IX	          10	Global	Absolute    Suppressed	GS.LB	       10261	Global	Relocatable 	
	GS.REM	      403466	Global	Relocatable 		GS.RET	      403141	Global	Relocatable 	
	GS.TST	      403415	Global	Relocatable 		HB.AS	       10155	Global	Relocatable 	
	HB.LS	       10157	Global	Relocatable 		HB.S1	       10153	Global	Relocatable Suppressed
	HB.S2	       10154	Global	Relocatable Suppressed	HC	           6	Global	Absolute    Suppressed
	HC.AB	       10264	Global	Relocatable 		HC.DMP	      404522	Global	Relocatable 	
	HC.GBC	      403221	Global	Relocatable 		HC.GET	      402666	Global	Relocatable 	
	HC.IN	      404161	Global	Relocatable 		HC.IX	           2	Global	Absolute    Suppressed
	HC.LB	       10253	Global	Relocatable 		HC.OUT	      404031	Global	Relocatable 	
	HC.REM	      403444	Global	Relocatable 		HC.RET	      403117	Global	Relocatable 	
	HC.TST	      403373	Global	Relocatable 		HG.TAB	          10	Global	Absolute    Suppressed
	HIORGN	        7652	Global	Relocatable 		HL.S0	       10107	Global	Relocatable 	
	HT.PTR	       10170	Global	Relocatable 		I.DEV	           1	Global	Absolute    Suppressed
	I.EST	          20	Global	Absolute    Suppressed	I.EXT	          13	Global	Absolute    Suppressed
	I.MOD	           0	Global	Absolute    Suppressed	I.NAM	          12	Global	Absolute    Suppressed
	I.PRV	          14	Global	Absolute    Suppressed	I.RIB	          10	Global	Absolute    Suppressed
	IO.EMG	       10501	Global	Relocatable 		IO.PTR	       10457	Global	Relocatable 	
	JOBNUM	       10202	Global	Relocatable 		L%I3	           4	Global	Absolute    Suppressed
	L%W	          10	Global	Absolute    Suppressed	LA.DMP	      404451	Global	Relocatable 	
	LC	           5	Global	Absolute    Suppressed	LC.AB	       10263	Global	Relocatable 	
	LC.DMP	      404517	Global	Relocatable 		LC.GBC	      403216	Global	Relocatable 	
	LC.GET	      402663	Global	Relocatable 		LC.IN	      404133	Global	Relocatable 	
	LC.IX	           1	Global	Absolute    Suppressed	LC.LB	       10252	Global	Relocatable 	
	LC.OUT	      404006	Global	Relocatable 		LC.REM	      403441	Global	Relocatable 	
	LC.RET	      403114	Global	Relocatable 		LC.TST	      403370	Global	Relocatable 	
	LN.IO	          40	Global	Absolute    Suppressed	LN.RIB	          17	Global	Absolute    Suppressed
	LN.TAB	          11	Global	Absolute    Suppressed	LNKCOR	      401774	Entry	Relocatable 	
	LS.AB	       10267	Global	Relocatable 		LS.DMP	      404405	Global	Relocatable 	
	LS.FXR	      404611	Global	Relocatable 		LS.GBC	      403232	Global	Relocatable 	
	LS.GET	      402677	Global	Relocatable 		LS.IN	      404207	Global	Relocatable 	
	LS.IX	           5	Global	Absolute    Suppressed	LS.LB	       10256	Global	Relocatable 	
	LS.OUT	      404054	Global	Relocatable 		LS.PP	       10366	Global	Relocatable 	
	LS.PT	       10311	Global	Relocatable 		LS.REM	      403455	Global	Relocatable 	
	LS.RET	      403130	Global	Relocatable 		LS.TST	      403404	Global	Relocatable 	
	LSYM	       11052	Global	Relocatable 		LW.AS	       10133	Global	Relocatable 	
	LW.LS	       10135	Global	Relocatable 		LW.S0	       10130	Global	Relocatable Suppressed
	LW.S1	       10131	Global	Relocatable Suppressed	LW.S2	       10132	Global	Relocatable Suppressed
	MAXCOR	       10573	Global	Relocatable 		PAG.AS	       10144	Global	Relocatable Suppressed
	PAG.LS	       10146	Global	Relocatable Suppressed	PAG.S1	       10142	Global	Relocatable Suppressed
	PAG.S2	       10143	Global	Relocatable Suppressed	PAGBLK	        7655	Global	Relocatable 	
	PAGCNT	        7654	Global	Relocatable 		PAGFUN	        7653	Global	Relocatable 	
	POPOFS	       10056	Global	Relocatable 		PS.GLB	  4000000000	Global	Absolute    Suppressed
	PS.MDF	     4000000	Global	Absolute    Suppressed	PS.REL	     1000000	Global	Absolute    Suppressed
	PS.REQ	   400000000	Global	Absolute    Suppressed	PS.UDF	   300000000	Global	Absolute    Suppressed
		LINK symbol map of	LNKSCN	version 5A(2030)		page 4
LNKCOR
	PS.UDL	   200000000	Global	Absolute    Suppressed	PS.UDR	   100000000	Global	Absolute    Suppressed
	PT.EXT	200000000000	Global	Absolute    Suppressed	PT.TTL	 40000000000	Global	Absolute    Suppressed
	RT.AB	       10266	Global	Relocatable 		RT.GBC	      403227	Global	Relocatable 	
	RT.GET	      402674	Global	Relocatable 		RT.IX	           4	Global	Absolute    Suppressed
	RT.LB	       10255	Global	Relocatable 		RT.REM	      403452	Global	Relocatable 	
	RT.RET	      403125	Global	Relocatable 		RT.TST	      403401	Global	Relocatable 	
	S%W	          10	Global	Absolute    Suppressed	S.LST	200000000000	Global	Absolute    Suppressed
	S.PVS	   400000000	Global	Absolute    Suppressed	S.SEG	    20000000	Global	Absolute    Suppressed
	SC	           7	Global	Absolute    Suppressed	SYMFRM	       10616	Global	Relocatable 	
	TAB.AB	       10262	Global	Relocatable 		TAB.FR	       10315	Global	Relocatable 	
	TAB.LB	       10251	Global	Relocatable 		TAB.LW	       10130	Global	Relocatable 	
	TAB.NB	       10326	Global	Relocatable 		TAB.PG	       10141	Global	Relocatable Suppressed
	TAB.PT	       10304	Global	Relocatable 		TAB.UB	       10273	Global	Relocatable 	
	TAB.UW	       10141	Global	Relocatable 		TAB.ZE	       10372	Global	Relocatable 	
	TB.FSP	       10350	Global	Relocatable 		TB.IN	      404263	Global	Relocatable 	
	TB.LNK	       10337	Global	Relocatable 		TB.OUT	      404274	Global	Relocatable 	
	USEVM	       10055	Global	Relocatable 		UW.AS	       10144	Global	Relocatable 	
	UW.LS	       10146	Global	Relocatable 		UW.S0	       10141	Global	Relocatable Suppressed
	XX.INI	      403017	Global	Relocatable 		XX.ZAP	      403472	Global	Relocatable 	
	$FIXUP	      404747	Global	Relocatable 		$SYMAL	           2	Global	Absolute    Suppressed
	$SYMTR	           1	Global	Absolute    Suppressed	%SC	          15	Global	Absolute    Suppressed
	.ERAZW	      405207	Global	Relocatable 		.EREAS	      405420	Global	Relocatable 	
	.EREHC	      405376	Global	Relocatable 		.ERELC	      405365	Global	Relocatable 	
	.ERELS	      405407	Global	Relocatable 		.EREXP	      405140	Global	Relocatable 	
	.ERIAS	      405323	Global	Relocatable 		.ERIHC	      405307	Global	Relocatable 	
	.ERILC	      405301	Global	Relocatable 		.ERILS	      405315	Global	Relocatable 	
	.ERMEF	      405147	Global	Relocatable 		.ERMOV	      405156	Global	Relocatable 	
	.ERMSS	      405231	Global	Relocatable 		.EROAS	      405272	Global	Relocatable 	
	.EROHC	      405254	Global	Relocatable 		.EROLC	      405245	Global	Relocatable 	
	.EROLS	      405263	Global	Relocatable 		.ERPAS	      405356	Global	Relocatable 	
	.ERPHC	      405340	Global	Relocatable 		.ERPLC	      405331	Global	Relocatable 	
	.ERPLS	      405347	Global	Relocatable 		.ERPUF	      405177	Global	Relocatable 	
	.ERRUM	      405216	Global	Relocatable 		.ERSFU	      405444	Global	Relocatable 	
	.GBCSP	      403246	Global	Relocatable 		.GETSP	      402715	Global	Relocatable 	
	.PGSIZ	       10226	Global	Relocatable 		.REMSP	      403471	Entry	Relocatable 	
	.RETSP	      403144	Global	Relocatable 		.TSTSP	      403420	Entry	Relocatable 	

		*************

LNKHSH	from DSK:LNKHSH.REL[3,163564]	created by MACRO on 23-Dec-73 at 20:50:00
	High segment starts at	405452 ends at	405704 length	   233 (octal),   155. (decimal)

	BG.SCH	       10776	Global	Relocatable 		BSYM	       11060	Global	Relocatable 	
	E$$ESN	      405516	Global	Relocatable 		E$$ISN	      405647	Global	Relocatable 	
	E$$RGS	      405562	Global	Relocatable 		E02ESN	      405523	Global	Relocatable 	
	E03ESN	      405614	Global	Relocatable 		ET%DEC	           3	Global	Absolute    Suppressed
	ET%JMP	           7	Global	Absolute    Suppressed	ET%SBX	           1	Global	Absolute    Suppressed
	GSYM	       11047	Global	Relocatable 		HSFACT	       10174	Global	Relocatable 	
	HSPACE	       10173	Global	Relocatable 		HT.PRM	       10171	Global	Relocatable 	
	NAMLOC	       10261	Global	Relocatable 		S.LNM	  4000000000	Global	Absolute    Suppressed
	S.SYM	100000000000	Global	Absolute    Suppressed	TRYSYM	      405452	Entry	Relocatable 	
	.ERESN	      405653	Global	Relocatable 		.ERISN	      405677	Global	Relocatable 	
	.ERRGS	      405663	Global	Relocatable 	

		LINK symbol map of	LNKSCN	version 5A(2030)		page 5

		*************

LNKFIO	from DSK:LNKFIO.REL[3,163564]	created by MACRO on 23-Dec-73 at 20:55:00
	High segment starts at	405705 ends at	406706 length	  1002 (octal),   514. (decimal)

	DCBUF	       10443	Global	Relocatable 		DVBUF.	      406013	Global	Relocatable 	
	DVCEM.	      406460	Global	Relocatable 		DVCHK.	      405712	Global	Relocatable 	
	DVCHN.	      405705	Global	Relocatable 		DVCLS.	      406354	Global	Relocatable 	
	DVDEL.	      406426	Global	Relocatable 		DVDLF.	      406434	Global	Relocatable 	
	DVENT.	      406232	Global	Relocatable 		DVINP.	      406033	Global	Relocatable 	
	DVLKP.	      406063	Global	Relocatable 		DVNAM.	      406361	Global	Relocatable 	
	DVOPN.	      405730	Global	Relocatable 		DVOUT.	      406110	Global	Relocatable 	
	DVRET.	      405764	Global	Relocatable 		DVRLS.	      406317	Global	Relocatable 	
	DVRNF.	      406466	Global	Relocatable 		DVSUP.	      406533	Global	Relocatable 	
	DVUPD.	      406372	Global	Relocatable 		DVVRG.	      405774	Global	Relocatable 	
	DVZAP.	      405756	Global	Relocatable 		E$$IDM	      405725	Global	Relocatable 	
	E$$INS	      405710	Global	Relocatable 		E01FEE	      406637	Global	Relocatable 	
	E01FLE	      406643	Global	Relocatable 		E01NED	      406626	Global	Relocatable 	
	E01OFD	      406623	Global	Relocatable 		ER%I	           2	Global	Absolute    Suppressed
	F.DEV	           2	Global	Absolute    Suppressed	F.DIR	          10	Global	Absolute    Suppressed
	F.EXT	           5	Global	Absolute    Suppressed	F.MOD	           6	Global	Absolute    Suppressed
	F.MODM	           7	Global	Absolute    Suppressed	F.NAME	           3	Global	Absolute    Suppressed
	F.PROT	           6	Global	Absolute    Suppressed	FC	          11	Global	Absolute    Suppressed
	FEXT	       10416	Global	Relocatable Suppressed	FNAM	       10415	Global	Relocatable Suppressed
	GC	          10	Global	Absolute    Suppressed	I.ALC	          21	Global	Absolute    Suppressed
	I.ARG	          27	Global	Absolute    Suppressed	I.BUF	           2	Global	Absolute    SuppressedHN	           6	Global	Absolute    Suppressed	I.DVZ	           3	Global	Absolute    Suppressed
	I.PPN	          11	Global	Absolute    Suppressed	I.PTH	          27	Global	Absolute    Suppressed
	I.RNG	           4	Global	Absolute    Suppressed	I.SCN	           5	Global	Absolute    Suppressed
	I.SFD	          32	Global	Absolute    Suppressed	I.SWT	           7	Global	Absolute    Suppressed
	I.UFD	          31	Global	Absolute    Suppressed	IO.CHN	       10516	Global	Relocatable 	
	IO.CHR	       10517	Global	Relocatable 		L%D	           0	Global	Absolute    Suppressed
	LN.SFD	          11	Global	Absolute    Suppressed	LNKFIO	      405705	Entry	Relocatable 	
	LODNAM	       10201	Global	Relocatable 		MC	           2	Global	Absolute    Suppressed
	MCBUF	       10446	Global	Relocatable 		MDSCN	       10410	Global	Relocatable Suppressed
	MYPPN	        7622	Global	Relocatable 		O.DEV	       10546	Global	Relocatable 	
	O.DIR	       10554	Global	Relocatable 		O.EXT	       10551	Global	Relocatable 	
	O.NAM	       10547	Global	Relocatable 		O.PROT	       10552	Global	Relocatable 	
	OC	           4	Global	Absolute    Suppressed	RC	           3	Global	Absolute    Suppressed
	RCBUF	       10451	Global	Relocatable 		S%D	           0	Global	Absolute    Suppressed
	S%E	          30	Global	Absolute    Suppressed	SFDARG	       10432	Global	Relocatable 	
	SFDDIR	       10434	Global	Relocatable Suppressed	TC	          12	Global	Absolute    Suppressed
	UFDPPN	       10414	Global	Relocatable Suppressed	ZC	           0	Global	Absolute    Suppressed
	%OC	          20	Global	Absolute    Suppressed	%PC	          21	Global	Absolute    Suppressed
	%RC	          14	Global	Absolute    Suppressed	%RCBUF	       10451	Global	Relocatable 	
	%VC	          16	Global	Absolute    Suppressed	%XC	          17	Global	Absolute    Suppressed
	.ERIDM	      406656	Global	Relocatable 		.ERINS	      406647	Global	Relocatable 	

		*************

LNKLOG	from DSK:LNKLOG.REL[3,163564]	created by MACRO on 23-Dec-73 at 20:55:00
	High segment starts at	406707 ends at	410621 length	  1713 (octal),   971. (decimal)

	BATCH	        7621	Global	Relocatable 		CS	       10743	Global	Relocatable 	
		LINK symbol map of	LNKSCN	version 5A(2030)		page 6
LNKLOG
	ER.FIN	      406752	Global	Relocatable 		ERCHAN	       10666	Global	Relocatable 	
	ERRCOD	       10636	Global	Relocatable 		ERRLVL	       10633	Global	Relocatable 	
	ET%ASC	           5	Global	Absolute    Suppressed	ET%LSP	          16	Global	Absolute    Suppressed
	ET%NLN	          11	Global	Absolute    Suppressed	ET%NOP	          15	Global	Absolute    Suppressed
	ET%RTN	          10	Global	Absolute    Suppressed	ET%XCT	          12	Global	Absolute    Suppressed
	F%LVL	    37000000	Global	Absolute    Suppressed	F%SEV	  1740000000	Global	Absolute    Suppressed
	F%VER	  6000000000	Global	Absolute    Suppressed	LNKLOG	      406732	Entry	Relocatable 	
	LOGLVL	       10632	Global	Relocatable 		LOGOUT	      407664	Global	Relocatable 	
	LOGTTY	       10637	Global	Relocatable 		LOWSUB	       10642	Global	Relocatable 	
	LRELEN	          42	Global	Absolute    Suppressed	MAPSW	       10606	Global	Relocatable 	
	NAMPTR	       10217	Global	Relocatable 		NXTGLB	       10224	Global	Relocatable 	
	PRGNAM	       10200	Global	Relocatable 		PRTMSG	       10667	Global	Relocatable 	
	RTNPC	       10665	Global	Relocatable 		S%C	          34	Global	Absolute    Suppressed
	S.TTL	 40000000000	Global	Absolute    Suppressed	SAVEAC	       10707	Global	Relocatable 	
	SEGBLK	       10232	Global	Relocatable 		SEVLVL	       10634	Global	Relocatable 	
	TABCHR	       10071	Global	Relocatable 		TTYCHK	      407643	Global	Relocatable 	
	TTYOUT	      407656	Global	Relocatable 		UUOTRA	        7414	Global	Relocatable 	
	$MAPER	           3	Global	Absolute    Suppressed	.ERCNW	      410017	Global	Relocatable 	
	.EREIF	      410011	Global	Relocatable 		.ERFEE	      407755	Global	Relocatable 	
	.ERFLE	      407761	Global	Relocatable 		.ERFRE	      407765	Global	Relocatable 	
	.ERGSE	      407771	Global	Relocatable 		.ERNED	      407775	Global	Relocatable 	
	.EROFD	      410003	Global	Relocatable 		.ETDON	      410130	Global	Relocatable 	
	.ETIMF	      410072	Global	Relocatable 		.ETLNN	      410112	Global	Relocatable 	
	.ETNMF	      410102	Global	Relocatable 		.ETSAV	      410121	Global	Relocatable 	
	.TEBLK	      407715	Global	Relocatable 	

		*************

LNKPRM	from DSK:LNKSUB.REL[3,163564]	created by MACRO on 23-Dec-73 at 21:03:00
	High segment starts at	410622 ends at	410677 length	    56 (octal),    46. (decimal)

	E$$HTL	      410635	Global	Relocatable 		HASHSZ	       10172	Global	Relocatable 	
	NPRIME	      410622	Entry	Relocatable 		PRMPTR	       10175	Global	Relocatable 	
	.ERHTL	      410671	Global	Relocatable 	

		*************

.TSUBS	from DSK:LNKSUB.REL[3,163564]	created by MACRO on 23-Dec-73 at 21:03:00
	High segment starts at	410700 ends at	410767 length	    70 (octal),    56. (decimal)

	.T6OCT	      410715	Entry	Relocatable 		.T6ZOC	      410727	Entry	Relocatable 	
	.TDEP	      410742	Entry	Relocatable 		.TFOCT	      410700	Entry	Relocatable 	
	.TOEP	      410751	Entry	Relocatable 		.TSIXB	      410760	Entry	Relocatable 	

		*************

LNK002	from DSK:LNKSUB.REL[3,163564]	created by MACRO on 23-Dec-73 at 21:03:00
	High segment starts at	410770 ends at	410772 length	     3 (octal),     3. (decimal)

	LNKLOD	      410770	Entry	Relocatable 		NXTSEG	       10227	Global	Relocatable 	

		*************

		LINK symbol map of	LNKSCN	version 5A(2030)		page 7


LNK003	from DSK:LNKSUB.REL[3,163564]	created by MACRO on 23-Dec-73 at 21:03:00
	High segment starts at	410773 ends at	410775 length	     3 (octal),     3. (decimal)

	LNKMAP	      410773	Entry	Relocatable 	

		*************

LNK005	from DSK:LNKSUB.REL[3,163564]	created by MACRO on 23-Dec-73 at 21:03:00
	High segment starts at	410776 ends at	411013 length	    16 (octal),    14. (decimal)

	LNKERR	      410776	Entry	Relocatable 		.RPOPJ	      411007	Global	Relocatable 	

		*************

LNK006	from DSK:LNKSUB.REL[3,163564]	created by MACRO on 23-Dec-73 at 21:03:00
	High segment starts at	411014 ends at	411016 length	     3 (octal),     3. (decimal)

	LNKOV1	      411014	Entry	Relocatable 	

		*************

LNK011	from DSK:LNKSUB.REL[3,163564]	created by MACRO on 23-Dec-73 at 21:03:00
	High segment starts at	411017 ends at	411017 length	     1 (octal),     1. (decimal)

	TRY.BG	      411017	Entry	Relocatable 	

		*************

LNKLOW	from DSK:LNKLOW.REL[3,163564]	created by MACRO on 23-Dec-73 at 20:43:00
	Low  segment starts at	  7412 ends at	 11361 length	  1750 (octal),  1000. (decimal)

	ADDOVU	       11004	Global	Relocatable 		ARSIZE	       11015	Global	Relocatable 	
	AS.FR	       10320	Global	Relocatable 		AS.FSP	       10353	Global	Relocatable 	
	AS.LNK	       10342	Global	Relocatable 		AS.NB	       10331	Global	Relocatable 	
	AS.PP	       10364	Global	Relocatable 		AS.UB	       10276	Global	Relocatable 	
	AS.ZE	       10375	Global	Relocatable 		ASFILE	        7650	Global	Relocatable 	
	ASYM	        7651	Global	Relocatable 		BADCOR	       10070	Global	Relocatable 	
	BG.FR	       10324	Global	Relocatable 		BG.FSP	       10357	Global	Relocatable 	
	BG.LNK	       10346	Global	Relocatable 		BG.NB	       10335	Global	Relocatable 	
	BG.PP	       10370	Global	Relocatable 		BG.PT	       10313	Global	Relocatable 	
	BG.UB	       10302	Global	Relocatable 		BG.ZE	       10401	Global	Relocatable 	
	BLCOMM	       10670	Global	Relocatable 		BRNADD	       11011	Global	Relocatable 	
	BRNDSK	       10775	Global	Relocatable 		BRNLEN	       10773	Global	Relocatable 	
	BRNMAX	       11003	Global	Relocatable 		BRNPTR	       11003	Global	Relocatable 	
	BRNTBL	       10774	Global	Relocatable 		COERPT	       10102	Global	Relocatable 	
	COMPDT	       10077	Global	Relocatable 		CPUHST	        7617	Global	Relocatable 	
	CPUTGT	        7620	Global	Relocatable 		CRTMP1	       10061	Global	Relocatable 	
	CRTMP2	       10062	Global	Relocatable 		CRTMP3	       10063	Global	Relocatable 	
	CTYPE	       10210	Global	Relocatable 		CURTYP	       10706	Global	Relocatable 	
	DDEBUG	       10611	Global	Relocatable 		DDTMAP	       10612	Global	Relocatable 	
	DEBUGS	       10610	Global	Relocatable 		DI	       10734	Global	Relocatable 	
	DTAFLG	       10701	Global	Relocatable 		DY.FR	       10315	Global	Relocatable 	
	DY.FSP	       10350	Global	Relocatable 		DY.LB	       10251	Global	Relocatable 	
		LINK symbol map of	LNKSCN	version 5A(2030)		page 8
LNKLOW
	DY.LNK	       10337	Global	Relocatable 		DY.NB	       10326	Global	Relocatable 	
	DY.PP	       10361	Global	Relocatable 		DY.PT	       10304	Global	Relocatable 	
	DY.UB	       10273	Global	Relocatable 		DY.ZE	       10372	Global	Relocatable 	
	ENTPTR	       10223	Global	Relocatable 		EPDP	        7567	Global	Relocatable 	
	ET	       10761	Global	Relocatable 		EXCPTR	       10221	Global	Relocatable 	
	EXEBLK	       10602	Global	Relocatable 		EXECSW	       10607	Global	Relocatable 	
	EXEDIR	       10603	Global	Relocatable 		EXTCNT	       10777	Global	Relocatable 	
	EXTFLG	       10067	Global	Relocatable 		F.ASZR	       10511	Global	Relocatable 	
	FALC	       10424	Global	Relocatable Suppressed	FBHPTR	       10220	Global	Relocatable 	
	FCRE	       10417	Global	Relocatable Suppressed	FDEV	       10431	Global	Relocatable Suppressed
	FEST	       10423	Global	Relocatable Suppressed	FILNUM	       10177	Global	Relocatable 	
	FLAGS	       10572	Global	Relocatable 		FLEN	       10420	Global	Relocatable Suppressed
	FORLIB	       10613	Global	Relocatable 		FSTPTR	       11005	Global	Relocatable 	
	FSTR	       10404	Global	Relocatable Suppressed	FSTSEG	       10231	Global	Relocatable 	
	FVER	       10421	Global	Relocatable Suppressed	FX.FR	       10323	Global	Relocatable 	
	FX.FSP	       10356	Global	Relocatable 		FX.LNK	       10345	Global	Relocatable 	
	FX.NB	       10334	Global	Relocatable 		FX.PP	       10367	Global	Relocatable 	
	FX.PT	       10312	Global	Relocatable 		FX.S0	       10117	Global	Relocatable Suppressed
	FX.S1	       10120	Global	Relocatable 		FX.S2	       10121	Global	Relocatable 	
	FX.UB	       10301	Global	Relocatable 		FX.ZE	       10400	Global	Relocatable 	
	FXC.S0	       10123	Global	Relocatable Suppressed	FXC.S1	       10124	Global	Relocatable 	
	FXC.S2	       10125	Global	Relocatable 		FXC.SS	       10126	Global	Relocatable 	
	FXSPC	       10165	Global	Relocatable 		FXSPTR	       10127	Global	Relocatable 	
	G.BFR	       10544	Global	Relocatable 		G.DEV	       10522	Global	Relocatable 	
	G.DIR	       10530	Global	Relocatable 		G.DIRM	       10531	Global	Relocatable 	
	G.EXT	       10525	Global	Relocatable 		G.LZER	          24	Global	Absolute    Suppressed
	G.NAM	       10523	Global	Relocatable 		G.NAMM	       10524	Global	Relocatable 	
	G.PROT	       10526	Global	Relocatable 		G.SNC	       10545	Global	Relocatable 	
	G.ZER	       10522	Global	Relocatable 		GLBBEG	        7557	Global	Relocatable 	
	GLBEND	        7567	Global	Relocatable 		GS.FR	       10325	Global	Relocatable 	
	GS.FSP	       10360	Global	Relocatable 		GS.LNK	       10347	Global	Relocatable 	
	GS.NB	       10336	Global	Relocatable 		GS.PP	       10371	Global	Relocatable 	
	GS.PT	       10314	Global	Relocatable 		GS.UB	       10303	Global	Relocatable 	
	GS.ZE	       10402	Global	Relocatable 		H.EZER	       10442	Global	Relocatable Suppressed
	H.ZER	       10403	Global	Relocatable Suppressed	HB.BG	       10161	Global	Relocatable 	
	HB.DY	       10152	Global	Relocatable 		HB.FX	       10160	Global	Relocatable 	
	HB.GS	       10162	Global	Relocatable 		HB.HC	       10154	Global	Relocatable 	
	HB.LC	       10153	Global	Relocatable 		HB.RT	       10156	Global	Relocatable 	
	HB.S0	       10152	Global	Relocatable Suppressed	HC.FR	       10317	Global	Relocatable 	
	HC.FSP	       10352	Global	Relocatable 		HC.LNK	       10341	Global	Relocatable 	
	HC.NB	       10330	Global	Relocatable 		HC.PP	       10363	Global	Relocatable 	
	HC.PT	       10306	Global	Relocatable 		HC.S0	       10104	Global	Relocatable 	
	HC.S1	       10105	Global	Relocatable 		HC.S2	       10106	Global	Relocatable 	
	HC.UB	       10275	Global	Relocatable 		HC.ZE	       10374	Global	Relocatable 	
	HL.S1	       10110	Global	Relocatable 		HL.S2	       10111	Global	Relocatable 	
	HP.S0	       10115	Global	Relocatable Suppressed	HP.S1	       10116	Global	Relocatable 	
	HP.S2	       10117	Global	Relocatable 		I.LDV	          26	Global	Absolute    Suppressed
	I.SIZ	          15	Global	Absolute    Suppressed	I.VER	          16	Global	Absolute    Suppressed
	INCHES	       10730	Global	Relocatable 		INCPTR	       10222	Global	Relocatable 	
	INTCNT	       11000	Global	Relocatable 		L.MAX	       10770	Global	Relocatable 	
	LBLOCK	       10413	Global	Relocatable 		LC.FR	       10316	Global	Relocatable 	
	LC.FSP	       10351	Global	Relocatable 		LC.LNK	       10340	Global	Relocatable 	
	LC.NB	       10327	Global	Relocatable 		LC.PP	       10362	Global	Relocatable 	
	LC.PT	       10305	Global	Relocatable 		LC.UB	       10274	Global	Relocatable 	
		LINK symbol map of	LNKSCN	version 5A(2030)		page 9
LNKLOW
	LC.ZE	       10373	Global	Relocatable 		LEAVES	       10731	Global	Relocatable 	
	LIBPRC	       10212	Global	Relocatable 		LIBPTR	       10206	Global	Relocatable 	
	LINBUF	       10646	Global	Relocatable 		LINKSE	       11014	Global	Relocatable 	
	LINKTB	       10674	Global	Relocatable 		LL.S0	       10113	Global	Relocatable Suppressed
	LL.S1	       10114	Global	Relocatable 		LL.S2	       10115	Global	Relocatable 	
	LNKMAX	       11001	Global	Relocatable 		LNKNAM	       10746	Global	Relocatable 	
	LNKNO.	       11002	Global	Relocatable 		LNKTBL	       10771	Global	Relocatable 	
	LNMPTR	       11007	Global	Relocatable 		LOD37	       10671	Global	Relocatable 	
	LOWLOC	       10623	Global	Relocatable 		LS.FR	       10322	Global	Relocatable 	
	LS.FSP	       10355	Global	Relocatable 		LS.LNK	       10344	Global	Relocatable 	
	LS.NB	       10333	Global	Relocatable 		LS.UB	       10300	Global	Relocatable 	
	LS.ZE	       10377	Global	Relocatable 		LSTBLK	       10702	Global	Relocatable 	
	LSTPTR	       11006	Global	Relocatable 		LSTRRV	       10060	Global	Relocatable 	
	LSTSEG	       10230	Global	Relocatable 		LSTSYM	       10204	Global	Relocatable 	
	LW.BG	       10137	Global	Relocatable 		LW.DY	       10130	Global	Relocatable 	
	LW.FX	       10136	Global	Relocatable 		LW.GS	       10140	Global	Relocatable 	
	LW.HC	       10132	Global	Relocatable 		LW.LC	       10131	Global	Relocatable 	
	LW.RT	       10134	Global	Relocatable 		MAPCON	       10605	Global	Relocatable 	
	MAPSRT	       10631	Global	Relocatable 		MARKWP	        7616	Global	Relocatable 	
	MIXFOR	       10621	Global	Relocatable 		MNSEEN	       10214	Global	Relocatable 	
	MNTYPE	       10213	Global	Relocatable 		MODTYP	       10072	Global	Relocatable 	
	MSYM	       11051	Global	Relocatable 		NEGOFF	         400	Global	Absolute    Suppressed
	NOCMX	       10065	Global	Relocatable 		NOLIBS	       10620	Global	Relocatable 	
	NONZER	       10066	Global	Relocatable 		NORBYT	       10103	Global	Relocatable 	
	NOSYMS	       10617	Global	Relocatable 		NULSPC	       10521	Global	Relocatable 	
	O.BFR	       10570	Global	Relocatable 		O.DIRM	       10555	Global	Relocatable 	
	O.LZER	          24	Global	Absolute    Suppressed	O.NAMM	       10550	Global	Relocatable 	
	O.SNC	       10571	Global	Relocatable 		O.ZER	       10546	Global	Relocatable 	
	OKCPUS	       10215	Global	Relocatable 		OPENBL	       10403	Global	Relocatable 	
	OPNFF	       10407	Global	Relocatable Suppressed	OPNSZ	       10406	Global	Relocatable Suppressed
	OTSEG	       10627	Global	Relocatable 		OV.S0	       11042	Global	Relocatable Suppressed
	OV.S1	       11043	Global	Relocatable 		OV.S2	       11044	Global	Relocatable 	
	OV1.Z0	       11047	Global	Relocatable Suppressed	OV1.ZE	       11061	Global	Relocatable Suppressed
	OVINEX	       11013	Global	Relocatable 		OVLBLK	       10772	Global	Relocatable 	
	OVLOFF	       11012	Global	Relocatable 		OWNLNG	       10672	Global	Relocatable 	
	PAG.BG	       10150	Global	Relocatable Suppressed	PAG.DY	       10141	Global	Relocatable Suppressed
	PAG.FX	       10147	Global	Relocatable Suppressed	PAG.GS	       10151	Global	Relocatable Suppressed
	PAG.HC	       10143	Global	Relocatable Suppressed	PAG.LC	       10142	Global	Relocatable Suppressed
	PAG.RT	       10145	Global	Relocatable Suppressed	PAG.S0	       10141	Global	Relocatable Suppressed
	PASDFL	       10622	Global	Relocatable 		PATLOC	       10057	Global	Relocatable 	
	PATSPC	       11057	Global	Relocatable 		PDP	        7615	Global	Relocatable 	
	PDVADR	       10100	Global	Relocatable 		PH	       11020	Global	Relocatable 	
	PH.ZZ	          42	Global	Absolute    Suppressed	PHAZLO	       11062	Global	Relocatable 	
	PLOTSW	       10727	Global	Relocatable 		PLTTAB	       10730	Global	Relocatable Suppressed
	POLLEN	       10167	Global	Relocatable 		POLSTK	       10166	Global	Relocatable 	
	PPTYPE	       10733	Global	Relocatable 		PRGNO	       11056	Global	Relocatable 	
	PRGPDV	       10073	Global	Relocatable 		PRGPTR	       10205	Global	Relocatable 	
	PROCSN	       10211	Global	Relocatable 		PTHARG	        7623	Global	Relocatable 	
	PTHDIR	        7625	Global	Relocatable 		PTHEND	        7633	Global	Relocatable 	
	PTHSCN	        7624	Global	Relocatable 		PV.S0	       11044	Global	Relocatable Suppressed
	PV.S1	       11045	Global	Relocatable 		PV.S2	       11046	Global	Relocatable 	
	PVPLIM	       10076	Global	Relocatable 		PVPNAM	       10074	Global	Relocatable 	
	PVPSEG	       10075	Global	Relocatable 		RBGPTR	       11010	Global	Relocatable 	
	RC.CUR	        7634	Global	Relocatable 		RC.FRE	        7645	Global	Relocatable 	
		LINK symbol map of	LNKSCN	version 5A(2030)		page 10
LNKLOW
	RC.MAP	        7637	Global	Relocatable 		RC.NO	        7644	Global	Relocatable 	
	RC.NTB	        7636	Global	Relocatable 		RC.SET	        7646	Global	Relocatable 	
	RC.TB	        7635	Global	Relocatable 		RELSIZ	        7647	Global	Relocatable 	
	RGNNAM	       10767	Global	Relocatable 		RGNNUM	       10766	Global	Relocatable 	
	ROOTAB	       10064	Global	Relocatable 		RT.FR	       10321	Global	Relocatable 	
	RT.FSP	       10354	Global	Relocatable 		RT.LNK	       10343	Global	Relocatable 	
	RT.NB	       10332	Global	Relocatable 		RT.PP	       10365	Global	Relocatable 	
	RT.PT	       10310	Global	Relocatable 		RT.UB	       10277	Global	Relocatable 	
	RT.ZE	       10376	Global	Relocatable 		RUNAME	       10577	Global	Relocatable 	
	RUNCOR	       10575	Global	Relocatable 		S.DEBG	       10514	Global	Relocatable 	
	S.INZR	       10512	Global	Relocatable 		S.LHFL	       10513	Global	Relocatable 	
	SAVCOD	       10703	Global	Relocatable 		SAVP1	       10704	Global	Relocatable 	
	SEGPTH	       10240	Global	Relocatable 		SFDEND	       10442	Global	Relocatable Suppressed
	SFDSCN	       10433	Global	Relocatable Suppressed	SG.TB	        7640	Global	Relocatable 	
	SLOT2	        7643	Global	Relocatable 		SO.S0	       10111	Global	Relocatable Suppressed
	SO.S1	       10112	Global	Relocatable 		SO.S2	       10113	Global	Relocatable 	
	SPACE	       11061	Global	Relocatable 		SSEXT	       10601	Global	Relocatable 	
	SSGNAM	       10625	Global	Relocatable 		SSNAME	       10600	Global	Relocatable 	
	STADDR	       11053	Global	Relocatable 		STANAM	       11055	Global	Relocatable 	
	STEPS	       10732	Global	Relocatable 		SUBLEN	       10164	Global	Relocatable 	
	SVSAT	       10677	Global	Relocatable 		SVSAT1	       10700	Global	Relocatable 	
	SYMFLG	       10705	Global	Relocatable 		SYMLEN	       10163	Global	Relocatable 	
	SYMLIM	       10626	Global	Relocatable 		SYMSEG	       10624	Global	Relocatable 	
	SYMSRT	       10630	Global	Relocatable 		T11BP	       10676	Global	Relocatable 	
	T11FA	       10675	Global	Relocatable 		TAB.HB	       10152	Global	Relocatable 	
	TAB.PP	       10361	Global	Relocatable 		TIMEON	        7413	Global	Relocatable 	
	TMAMAX	       11016	Global	Relocatable 		TTLADR	       10225	Global	Relocatable 	
	TTYBUF	       10643	Global	Relocatable 		USEPTR	       10207	Global	Relocatable 	
	USYM	       11050	Global	Relocatable 		UW.BG	       10150	Global	Relocatable 	
	UW.DY	       10141	Global	Relocatable 		UW.FX	       10147	Global	Relocatable 	
	UW.GS	       10151	Global	Relocatable 		UW.HC	       10143	Global	Relocatable 	
	UW.LC	       10142	Global	Relocatable 		UW.RT	       10145	Global	Relocatable 	
	UW.S1	       10142	Global	Relocatable Suppressed	UW.S2	       10143	Global	Relocatable Suppressed
	VERNUM	       10203	Global	Relocatable 		WRTDAT	       11017	Global	Relocatable 	
	XBUF	       10454	Global	Relocatable 		XXX.IX	          10	Global	Absolute    Suppressed
	ZCOR	        7414	Global	Relocatable Suppressed	%LOW	        7412	Global	Relocatable Suppressed
	%OWN	       10673	Global	Relocatable 		.TEMP	        7417	Global	Relocatable 	
	.TEMP2	        7477	Global	Relocatable 		.TLEN	          60	Global	Absolute    Suppressed

		*************

.SCAN	from REL:SCAN.REL[3,163564]	created by MACRO on 31-Sep-72 at 19:12:00
	Low  segment starts at	 11362 ends at	 12164 length	   603 (octal),   387. (decimal)
	High segment starts at	411020 ends at	417712 length	  6673 (octal),  3515. (decimal)

	E.DSI	      414160	Global	Relocatable 		E.FMI	      412122	Global	Relocatable 	
	E.FMO	      412120	Global	Relocatable 		E.ILSC	      412125	Global	Relocatable 	
	E.INCL	      412124	Global	Relocatable 		E.SVNG	      414172	Global	Relocatable 	
	E.SVR	      414174	Global	Relocatable 		E.SVTL	      414170	Global	Relocatable 	
	E.UKK	      414150	Global	Relocatable 		F.NAM	       11776	Global	Relocatable 	
	N.CORE	       11450	Global	Relocatable 		N.EZER	       11447	Global	Relocatable Suppressed
	N.OFFS	       11451	Global	Relocatable 		N.ZER	       11426	Global	Relocatable Suppressed
	%%%SCN	           7	Global	Absolute    Suppressed	%%SCAN	   704000630	Global	Absolute    Suppressed
	.ALDON	      412077	Global	Relocatable 		.ASCQC	      415363	Global	Relocatable 	
		LINK symbol map of	LNKSCN	version 5A(2030)		page 11
.SCAN
	.ASCQW	      415362	Global	Relocatable 		.BLOKC	      415212	Global	Relocatable 	
	.BLOKW	      415211	Global	Relocatable 		.CCLRB	      416466	Global	Relocatable 	
	.CKNEG	      415355	Global	Relocatable 		.CLRBF	      416470	Global	Relocatable 	
	.CLRFL	      412406	Global	Relocatable 		.CLSNS	      413004	Global	Relocatable 	
	.COREC	      415221	Global	Relocatable 		.COREW	      415220	Global	Relocatable 	
	.DATIC	      414266	Global	Relocatable 		.DATIF	      414244	Global	Relocatable 	
	.DATIG	      414245	Global	Relocatable 		.DATIM	      414265	Global	Relocatable 	
	.DATIP	      414255	Global	Relocatable 		.DATIQ	      414256	Global	Relocatable 	
	.DECNC	      415260	Global	Relocatable 		.DECNW	      415257	Global	Relocatable 	
	.FILIN	      412317	Global	Relocatable 		.FMSG	      416363	Global	Relocatable 	
	.FMSGD	      416375	Global	Relocatable 		.FMSGE	      416433	Global	Relocatable 	
	.FMSGF	      416415	Global	Relocatable 		.FMSGN	      416371	Global	Relocatable 	
	.FMSGO	      416401	Global	Relocatable 		.FMSGX	      416442	Global	Relocatable 	
	.GTIND	      412154	Global	Relocatable 		.GTSPC	      412651	Global	Relocatable 	
	.ISCAN	      411020	Entry	Relocatable 		.KEYWD	      413017	Global	Relocatable 	
	.KLIND	      416315	Global	Relocatable 		.LASWD	       12126	Global	Relocatable 	
	.LEFTX	      415200	Global	Relocatable 		.MKPJN	      411152	Global	Relocatable 	
	.MNRET	      416530	Global	Relocatable 		.MONRT	      416521	Global	Relocatable 	
	.MYPPN	       11362	Global	Relocatable 		.NAME	      415105	Global	Relocatable 	
	.NAMEC	      414773	Global	Relocatable 		.NAMEW	      414772	Global	Relocatable 	
	.NMUE	       12125	Global	Relocatable Suppressed	.NMUL	       12070	Global	Relocatable 	
	.NOCTC	      414761	Global	Relocatable 		.NOCTW	      414760	Global	Relocatable 	
	.NOQTE	       11424	Global	Relocatable 		.OCTNC	      415314	Global	Relocatable 	
	.OCTNW	      415313	Global	Relocatable 		.OPTN	       12065	Global	Relocatable 	
	.OSCAN	      411570	Global	Relocatable 		.OSDFS	      412751	Global	Relocatable 	
	.PSCAN	      411764	Global	Relocatable 		.QSCAN	      412002	Global	Relocatable 	
	.QUOTE	       11425	Global	Relocatable 		.REEAT	      415703	Global	Relocatable 	
	.RUNCM	      412227	Global	Relocatable 		.SCANL	         603	Global	Absolute    Suppressed
	.SCANZ	       11362	Global	Relocatable Suppressed	.SENEG	      415351	Global	Relocatable 	
	.SIXMC	      415423	Global	Relocatable 		.SIXMW	      415422	Global	Relocatable 	
	.SIXQC	      415417	Global	Relocatable 		.SIXQW	      415416	Global	Relocatable 	
	.SIXSC	      415403	Global	Relocatable 		.SIXSW	      415402	Global	Relocatable 	
	.STOPN	      416360	Global	Relocatable 		.SWASQ	      415362	Global	Relocatable Suppressed
	.SWCOR	      413302	Global	Relocatable 		.SWDEC	      413276	Global	Relocatable 	
	.SWDON	      421227	Global	Relocatable Suppressed	.SWDPB	      413517	Global	Relocatable 	
	.SWDTF	      414244	Global	Relocatable Suppressed	.SWDTM	      414265	Global	Relocatable Suppressed
	.SWDTP	      414255	Global	Relocatable Suppressed	.SWFIL	      413304	Global	Relocatable 	
	.SWHLP	      413431	Global	Relocatable 		.SWMAX	      413504	Global	Relocatable 	
	.SWOCT	      413300	Global	Relocatable 		.SWSIX	      415402	Global	Relocatable Suppressed
	.SWSXM	      415422	Global	Relocatable Suppressed	.SWSXQ	      415416	Global	Relocatable Suppressed
	.TERRP	      416540	Global	Relocatable 		.TIALT	      415475	Global	Relocatable 	
	.TIAUC	      415461	Global	Relocatable 		.TICAN	      415446	Global	Relocatable 	
	.TICHE	      415736	Global	Relocatable 		.TICHG	      415477	Global	Relocatable 	
	.TICHR	      415545	Global	Relocatable 		.TICHT	      415730	Global	Relocatable 	
	.TICQT	      415467	Global	Relocatable 		.TIGET	      415766	Global	Relocatable 	
	.TIMUC	      415462	Global	Relocatable 		.TISQT	      415472	Global	Relocatable 	
	.TSCAN	      411244	Global	Relocatable 		.TYPRE	      416017	Global	Relocatable 	
	.VERSC	      415110	Global	Relocatable 		.VERSW	      415107	Global	Relocatable 	
	.VSCAN	      411505	Global	Relocatable 	

		*************

		LINK symbol map of	LNKSCN	version 5A(2030)		page 12


.VERBO	from REL:SCAN.REL[3,163564]	created by MACRO on 31-Sep-72 at 19:12:00
	Low  segment starts at	 12165 ends at	 12166 length	     2 (octal),     2. (decimal)
	High segment starts at	417713 ends at	420002 length	    70 (octal),    56. (decimal)

	.ERMSA	      417714	Entry	Relocatable 		.ERMSG	      417713	Entry	Relocatable 	
	.FLCBF	       12166	Global	Relocatable 		.FLVRB	       12165	Global	Relocatable 	
	.VERBO	      417762	Entry	Relocatable 		.VRBOL	           2	Global	Absolute    Suppressed
	.VRBOZ	       12165	Global	Relocatable Suppressed

		*************

.TNEWL	from REL:SCAN.REL[3,163564]	created by MACRO on 31-Sep-72 at 19:12:00

	Zero length module

		*************

.TOUTS	from REL:SCAN.REL[3,163564]	created by MACRO on 31-Sep-72 at 19:12:00
	Low  segment starts at	 12167 ends at	 12167 length	     1 (octal),     1. (decimal)
	High segment starts at	420003 ends at	420557 length	   555 (octal),   365. (decimal)

	GUIDL.	          12	Global	Absolute    Suppressed	GUIDM.	777777777766	Global	Absolute    Suppressed
	GUIDT.	      420322	Global	Relocatable 		.TASTR	      420475	Global	Relocatable 	
	.TBLOK	      420367	Global	Relocatable 		.TCHAR	      420506	Global	Relocatable 	
	.TCOLN	      420477	Global	Relocatable 		.TCOMA	      420501	Global	Relocatable 	
	.TCORW	      420373	Global	Relocatable 		.TCRLF	      420410	Global	Relocatable 	
	.TDATE	      420202	Global	Relocatable 		.TDATN	      420201	Global	Relocatable 	
	.TDEC2	      420235	Global	Relocatable 		.TDECW	      420445	Global	Relocatable 	
	.TDIRB	      420050	Global	Relocatable 		.TDTTM	      420165	Global	Relocatable 	
	.TFBLK	      420026	Global	Relocatable 		.TFCHR	      420244	Global	Relocatable 	
	.TMOHW	      420145	Global	Relocatable 		.TOCTW	      420444	Global	Relocatable 	
	.TOFEB	      420005	Global	Relocatable 		.TOLEB	      420007	Global	Relocatable 	
	.TOUTL	           1	Global	Absolute    Suppressed	.TOUTZ	       12167	Global	Relocatable Suppressed
	.TPPNW	      420417	Global	Relocatable 		.TRBRK	      420425	Global	Relocatable 	
	.TRDXW	      420446	Global	Relocatable 		.TSIXN	      420427	Global	Relocatable 	
	.TSPAC	      420505	Global	Relocatable 		.TSTRG	      420465	Global	Relocatable 	
	.TTABC	      420503	Global	Relocatable 		.TTIME	      420220	Global	Relocatable 	
	.TTIMN	      420217	Global	Relocatable 		.TUSN	      420116	Global	Relocatable 	
	.TVERW	      420334	Global	Relocatable 		.TXWDW	      420436	Global	Relocatable 	
	.TXWWW	      420136	Global	Relocatable 		.TYOCH	      420003	Entry	Relocatable 	

		*************

.STOPB	from REL:SCAN.REL[3,163564]	created by MACRO on 31-Sep-72 at 19:12:00
	High segment starts at	420560 ends at	420713 length	   134 (octal),    92. (decimal)

	.STOPB	      420560	Entry	Relocatable 	

		*************

		LINK symbol map of	LNKSCN	version 5A(2030)		page 13


.CNTDT	from REL:SCAN.REL[3,163564]	created by MACRO on 31-Sep-72 at 19:12:00
	High segment starts at	420714 ends at	421077 length	   164 (octal),   116. (decimal)

	.CNDCT	      421053	Global	Relocatable 		.CNTDT	      420714	Entry	Relocatable 	
	.CNVDT	      420773	Entry	Relocatable 		.GTNOW	      420765	Entry	Relocatable 	

		*************

.GTPUT	from REL:SCAN.REL[3,163564]	created by MACRO on 31-Sep-72 at 19:12:00
	High segment starts at	421100 ends at	421171 length	    72 (octal),    58. (decimal)

	.GTWRD	      421136	Entry	Relocatable 		.ISLGI	      421156	Entry	Relocatable 	
	.LKNAM	      421100	Entry	Relocatable 		.MKMSK	      421147	Entry	Relocatable 	
	.PTWRD	      421143	Entry	Relocatable 	

		*************

.SAVE	from REL:SCAN.REL[3,163564]	created by MACRO on 31-Sep-72 at 19:12:00
	High segment starts at	421172 ends at	421246 length	    55 (octal),    45. (decimal)

	.POP4T	      421241	Entry	Relocatable 		.POPJ	      421230	Entry	Relocatable 	
	.POPJ1	      421227	Entry	Relocatable 		.PSH4T	      421232	Entry	Relocatable 	
	.SAVE1	      421172	Entry	Relocatable 		.SAVE2	      421177	Entry	Relocatable 	
	.SAVE3	      421205	Entry	Relocatable 		.SAVE4	      421214	Entry	Relocatable 	
	.SAVX4	      421222	Global	Relocatable 	

		*************

.HELPR	from REL:HELPER.REL[3,163564]	created by MACRO on  1-Feb-69 at 21:41:00
	High segment starts at	421247 ends at	421417 length	   151 (octal),   105. (decimal)

	HELPER	      421247	Entry	Relocatable 		%HELPR	   500000041	Global	Absolute    Suppressed
	.HELPR	      421250	Entry	Relocatable 	

		*************

LNKHST	from DSK:LNKHST.REL[3,163564]	created by MACRO on 23-Dec-73 at 20:43:00

	Zero length module

		*************

JOBDAT	from REL:JOBDAT.REL[3,163564]	created by MACRO on 23-Dec-73 at 23:44:00

	Zero length module

		*************

2 multiply-defined global symbols

.JBPFI	114
%JOBDT	43100000450

		LINK symbol map of	LNKSCN	version 5A(2030)		page 14

		*************

	Index to LINK symbol map of	LNKSCN	version 5A(2030)		page 15

	Name	Page	Name	Page	Name	Page	Name	Page

	JOBDAT	13	LNKEXO	 1	LNKPRM	 6	.SCAN	10
	LNK002	 6	LNKFIO	 5	LNKSCN	 1	.STOPB	12
	LNK003	 7	LNKHSH	 4	UDDT	 1	.TNEWL	12
	LNK005	 7	LNKHST	 1	.CNTDT	13	.TOUTS	12
	LNK006	 7	LNKHST	13	.GTPUT	13	.TSUBS	 6
	LNK011	 7	LNKLOG	 5	.HELPR	13	.VERBO	12
	LNKCOR	 2	LNKLOW	 7	.SAVE	13

	[End of LINK map of	LNKSCN]
 G@UÞ