!! title Peak Version 2.0 (301) - 4.24.84 [copy 1]
Tape #1 from TITO version 16
Written 29-Apr-84 22:54 GMT


Saveset #1 from TITO version 16
Written 29-Apr-84 22:54 GMT

    1 ACCESS.MSG   PEAK          15-Mar-83 18:54  29-Apr-84 22:54     2 GESRIJ
    2 DIFOLD.CTL   PEAK          23-Jan-84 16:17  29-Apr-84 22:54     2 NUDGID
    3 COMM5 .REQ   PEAK          28-Mar-84 22:35  29-Apr-84 22:54     2 XEFQIQ
    4 REDISP.SAI   PEAK          05-Apr-84 19:59  29-Apr-84 22:54    16 VIRVAW
    5 DED   .REL   PEAK          24-Apr-84 22:30  29-Apr-84 22:54     2 ZAFBUV
    6 COMAND.REL   PEAK          29-Apr-84 16:29  29-Apr-84 22:54    58 NUGFIR
    7 AUXWIN.REL   PEAK          24-Apr-84 22:44  29-Apr-84 22:54     4 JOZPEC
   10 REDISP.REL   PEAK          23-Apr-84 00:23  29-Apr-84 22:54    11 WAXLEP
   11 DIFOLD.LOG   PEAK          15-Apr-84 16:03  29-Apr-84 22:54    96 NUXCAG
   12 COMAND.SAI   PEAK          24-Apr-84 20:00  29-Apr-84 22:54    28 BUSBEL
   13 DED   .DEF   PEAK          24-Apr-84 22:04  29-Apr-84 22:54    12 ZENNER
   14 DED   .SAI   PEAK          24-Apr-84 22:30  29-Apr-84 22:54     3 LOGWIQ
   15 AUXWIN.SAI   PEAK          24-Apr-84 22:44  29-Apr-84 22:54    10 JIQHEX
   16 COMM6 .REQ   PEAK          08-Apr-83 23:31  29-Apr-84 22:54     2 NIFYEW
   17 TMP   .CTL   PEAK          28-Apr-84 05:47  29-Apr-84 22:54     2 JESJUJ
   20 COMM7 .REQ   PEAK          13-Mar-84 22:42  29-Apr-84 22:54     3 WIKDAB
   21 COMSUB.REQ   PEAK          25-Mar-84 21:07  29-Apr-84 22:54    12 COKLEZ
   22 XXFILE.SAI   PEAK          01-Apr-84 23:31  29-Apr-84 22:54    11 YOZMER
   23 XFILE .SAI   PEAK          04-Apr-84 18:08  29-Apr-84 22:54    13 KADVUJ
   24 TRMDEF.OCT   PEAK          29-Mar-84 13:09  29-Apr-84 22:54    20 RUCTIB
   25 PEAFDM.CMD   PEAK          18-Apr-84 18:55  29-Apr-84 22:54     2 LOWHEW
   26 XFILE .REL   PEAK          23-Apr-84 00:22  29-Apr-84 22:54    15 LUXZAZ
   27 PEAK  .HLP   PEAK          29-Apr-84 18:52  29-Apr-84 22:54     5 JUYKIC
   30 PEAK  .TUT   PEAK          03-Apr-84 21:20  29-Apr-84 22:54    10 TIVHAY
   31 PEAK  .SUM   PEAK          29-Apr-84 18:52  29-Apr-84 22:54     5 DAMTAF
   32 PEAK  .TXT   PEAK          29-Apr-84 19:17  29-Apr-84 22:54    17 NOCTUK
   33 PEAK  .KEY   PEAK          29-Apr-84 18:51  29-Apr-84 22:54     7 YAQROZ
   34 PEAK  .SAV   PEAK          29-Apr-84 16:37  29-Apr-84 22:54    67 NOGSEC
   35 WINDOW.SAI   PEAK          02-Apr-84 23:26  29-Apr-84 22:54    11 QEYKUP
   36 PEAK  .CHT   PEAK          16-Apr-84 20:20  29-Apr-84 22:54     7 BANMUB
   37 PEAK  .BUG   PEAK          16-Apr-84 00:17  29-Apr-84 22:54     9 PUCZIQ
   40 PEAK  .WSH   PEAK          10-May-83 06:18  29-Apr-84 22:54     2 CEWMAF
   41 PEAK  .CTL   PEAK          16-Apr-84 22:49  29-Apr-84 22:54     2 MIRCIY
   42 PEAK  .LOG   PEAK          23-Apr-84 00:17  29-Apr-84 22:54     3 RUMLOG
   43 COMM8 .REQ   PEAK          19-Apr-84 00:20  29-Apr-84 22:54     2 FIDGAY
   44 LNK   .CTL   PEAK          19-Apr-84 15:49  29-Apr-84 22:54     2 DAXGED
   45 WINDOW.REL   PEAK          23-Apr-84 00:23  29-Apr-84 22:54     9 WEKSUF
   46 COMM1 .REQ   PEAK          29-Apr-84 16:29  29-Apr-84 22:54    12 DOTPAR
   47 PEAK  .MEM   PEAK          05-Apr-83 20:29  29-Apr-84 22:54     2 YICXAW
   50 PEAK  .NEW   PEAK          29-Apr-84 22:14  29-Apr-84 22:54     3 PATZUB
   51 INSTAL.CTL   PEAK          29-Mar-83 00:45  29-Apr-84 22:54     2 RIZLIS
   52 HOST  .DEF   PEAK          05-Dec-83 00:27  29-Apr-84 22:54     2 BANFUM
   53 DIFBAK.CTL   PEAK          23-Jan-84 16:17  29-Apr-84 22:54     2 FUVREG
   54 UTIL  .SAI   PEAK          15-Feb-84 22:05  29-Apr-84 22:54     4 YAGQUB
   55 RTN   .      PEAK          18-Mar-84 20:24  29-Apr-84 22:54     2 QIQYUG
   56 COMM2 .REQ   PEAK          12-Apr-84 23:04  29-Apr-84 22:54    20 SILDUZ
   57 QCK   .CTL   PEAK          16-Apr-84 22:57  29-Apr-84 22:54     2 WOWBIM
   60 UTIL  .REL   PEAK          23-Apr-84 00:23  29-Apr-84 22:54     2 KOKBAN
   61 PEABLD.CTL   PEAK          29-Apr-84 06:30  29-Apr-84 22:54     2 VEWCEF
   62 PEACKS.CKS   PEAK          13-Apr-84 00:01  29-Apr-84 22:54     2 SAPSIS
   63 UNINST.CTL   PEAK          29-Mar-83 00:03  29-Apr-84 22:54     2 WORCIL
   64 COMM3 .REQ   PEAK          23-Jan-84 22:59  29-Apr-84 22:54    10 SADNOP
   65 DEBLNK.CTL   PEAK          27-Mar-84 19:32  29-Apr-84 22:54     2 WIVBIP
   66 XXBUFF.SAI   PEAK          12-Apr-84 22:31  29-Apr-84 22:54    13 TAFXAD
   67 XXBUF1.REQ   PEAK          12-Apr-84 22:46  29-Apr-84 22:54    28 BOGZOD
   70 XBUFF .SAI   PEAK          12-Apr-84 22:46  29-Apr-84 22:54    19 KABGUW
   71 PEACKS.CMD   PEAK          16-Apr-84 22:14  29-Apr-84 22:54     2 LEYLUT
   72 XBUFF .REL   PEAK          23-Apr-84 00:22  29-Apr-84 22:54    12 GICFEM
   73 PRT   .CTL   PEAK          02-Jun-83 00:07  29-Apr-84 22:54     2 DEPFUP
   74 COMM4 .REQ   PEAK          04-Dec-83 22:26  29-Apr-84 22:54     6 ZOLSIP
   75 BKUP  .CTL   PEAK          15-Feb-84 16:38  29-Apr-84 22:54     2 FINQEQ
   76 DIF   .CTL   PEAK          23-Feb-84 16:53  29-Apr-84 22:54     2 XAVNIV
   77 PRUNE .DAT   PEAK          16-Apr-84 20:26  29-Apr-84 22:54     2 HANKOP
  100 XXBUF2.REQ   PEAK          03-Apr-84 00:15  29-Apr-84 22:54    11 YUJDIR
  101 PRT   .SAV   PEAK          08-May-83 22:43  29-Apr-84 22:54    11 CIYVOP
  102 QCKDEB.CTL   PEAK          16-Apr-84 22:57  29-Apr-84 22:54     2 HIXXIK
  103 007TEL.COM   PEAK          29-Apr-84 22:42  29-Apr-84 22:54     2 BECCIF

Total of 67 files in saveset.

End of Saveset #1 from TITO version 16
Written 29-Apr-84 22:54 GMT
!! title Peak Version 2.0 (301) - 4.24.84 [copy 2]
Saveset #2 from TITO version 16
Written 29-Apr-84 22:56 GMT

  104 ACCESS.MSG   PEAK          15-Mar-83 18:54  29-Apr-84 22:56     2 GESRIJ
  105 DIFOLD.CTL   PEAK          23-Jan-84 16:17  29-Apr-84 22:56     2 NUDGID
  106 COMM5 .REQ   PEAK          28-Mar-84 22:35  29-Apr-84 22:56     2 XEFQIQ
  107 REDISP.SAI   PEAK          05-Apr-84 19:59  29-Apr-84 22:56    16 VIRVAW
  110 DED   .REL   PEAK          24-Apr-84 22:30  29-Apr-84 22:56     2 ZAFBUV
  111 COMAND.REL   PEAK          29-Apr-84 16:29  29-Apr-84 22:56    58 NUGFIR
  112 AUXWIN.REL   PEAK          24-Apr-84 22:44  29-Apr-84 22:56     4 JOZPEC
  113 REDISP.REL   PEAK          23-Apr-84 00:23  29-Apr-84 22:56    11 WAXLEP
  114 DIFOLD.LOG   PEAK          15-Apr-84 16:03  29-Apr-84 22:56    96 NUXCAG
  115 COMAND.SAI   PEAK          24-Apr-84 20:00  29-Apr-84 22:56    28 BUSBEL
  116 DED   .DEF   PEAK          24-Apr-84 22:04  29-Apr-84 22:56    12 ZENNER
  117 DED   .SAI   PEAK          24-Apr-84 22:30  29-Apr-84 22:56     3 LOGWIQ
  120 AUXWIN.SAI   PEAK          24-Apr-84 22:44  29-Apr-84 22:56    10 JIQHEX
  121 COMM6 .REQ   PEAK          08-Apr-83 23:31  29-Apr-84 22:56     2 NIFYEW
  122 TMP   .CTL   PEAK          28-Apr-84 05:47  29-Apr-84 22:56     2 JESJUJ
  123 COMM7 .REQ   PEAK          13-Mar-84 22:42  29-Apr-84 22:56     3 WIKDAB
  124 COMSUB.REQ   PEAK          25-Mar-84 21:07  29-Apr-84 22:56    12 COKLEZ
  125 XXFILE.SAI   PEAK          01-Apr-84 23:31  29-Apr-84 22:56    11 YOZMER
  126 XFILE .SAI   PEAK          04-Apr-84 18:08  29-Apr-84 22:56    13 KADVUJ
  127 TRMDEF.OCT   PEAK          29-Mar-84 13:09  29-Apr-84 22:56    20 RUCTIB
  130 PEAFDM.CMD   PEAK          18-Apr-84 18:55  29-Apr-84 22:56     2 LOWHEW
  131 XFILE .REL   PEAK          23-Apr-84 00:22  29-Apr-84 22:56    15 LUXZAZ
  132 PEAK  .HLP   PEAK          29-Apr-84 18:52  29-Apr-84 22:56     5 JUYKIC
  133 PEAK  .TUT   PEAK          03-Apr-84 21:20  29-Apr-84 22:56    10 TIVHAY
  134 PEAK  .SUM   PEAK          29-Apr-84 18:52  29-Apr-84 22:56     5 DAMTAF
  135 PEAK  .TXT   PEAK          29-Apr-84 19:17  29-Apr-84 22:56    17 NOCTUK
  136 PEAK  .KEY   PEAK          29-Apr-84 18:51  29-Apr-84 22:56     7 YAQROZ
  137 PEAK  .SAV   PEAK          29-Apr-84 16:37  29-Apr-84 22:56    67 NOGSEC
  140 WINDOW.SAI   PEAK          02-Apr-84 23:26  29-Apr-84 22:56    11 QEYKUP
  141 PEAK  .CHT   PEAK          16-Apr-84 20:20  29-Apr-84 22:56     7 BANMUB
  142 PEAK  .BUG   PEAK          16-Apr-84 00:17  29-Apr-84 22:56     9 PUCZIQ
  143 PEAK  .WSH   PEAK          10-May-83 06:18  29-Apr-84 22:56     2 CEWMAF
  144 PEAK  .CTL   PEAK          16-Apr-84 22:49  29-Apr-84 22:56     2 MIRCIY
  145 PEAK  .LOG   PEAK          23-Apr-84 00:17  29-Apr-84 22:56     3 RUMLOG
  146 COMM8 .REQ   PEAK          19-Apr-84 00:20  29-Apr-84 22:56     2 FIDGAY
  147 LNK   .CTL   PEAK          19-Apr-84 15:49  29-Apr-84 22:56     2 DAXGED
  150 WINDOW.REL   PEAK          23-Apr-84 00:23  29-Apr-84 22:56     9 WEKSUF
  151 COMM1 .REQ   PEAK          29-Apr-84 16:29  29-Apr-84 22:56    12 DOTPAR
  152 PEAK  .MEM   PEAK          05-Apr-83 20:29  29-Apr-84 22:56     2 YICXAW
  153 PEAK  .NEW   PEAK          29-Apr-84 22:14  29-Apr-84 22:56     3 PATZUB
  154 INSTAL.CTL   PEAK          29-Mar-83 00:45  29-Apr-84 22:56     2 RIZLIS
  155 HOST  .DEF   PEAK          05-Dec-83 00:27  29-Apr-84 22:56     2 BANFUM
  156 DIFBAK.CTL   PEAK          23-Jan-84 16:17  29-Apr-84 22:56     2 FUVREG
  157 UTIL  .SAI   PEAK          15-Feb-84 22:05  29-Apr-84 22:56     4 YAGQUB
  160 RTN   .      PEAK          18-Mar-84 20:24  29-Apr-84 22:56     2 QIQYUG
  161 COMM2 .REQ   PEAK          12-Apr-84 23:04  29-Apr-84 22:56    20 SILDUZ
  162 QCK   .CTL   PEAK          16-Apr-84 22:57  29-Apr-84 22:56     2 WOWBIM
  163 UTIL  .REL   PEAK          23-Apr-84 00:23  29-Apr-84 22:56     2 KOKBAN
  164 PEABLD.CTL   PEAK          29-Apr-84 06:30  29-Apr-84 22:56     2 VEWCEF
  165 PEACKS.CKS   PEAK          13-Apr-84 00:01  29-Apr-84 22:56     2 SAPSIS
  166 UNINST.CTL   PEAK          29-Mar-83 00:03  29-Apr-84 22:56     2 WORCIL
  167 COMM3 .REQ   PEAK          23-Jan-84 22:59  29-Apr-84 22:56    10 SADNOP
  170 DEBLNK.CTL   PEAK          27-Mar-84 19:32  29-Apr-84 22:56     2 WIVBIP
  171 XXBUFF.SAI   PEAK          12-Apr-84 22:31  29-Apr-84 22:56    13 TAFXAD
  172 XXBUF1.REQ   PEAK          12-Apr-84 22:46  29-Apr-84 22:56    28 BOGZOD
  173 XBUFF .SAI   PEAK          12-Apr-84 22:46  29-Apr-84 22:56    19 KABGUW
  174 PEACKS.CMD   PEAK          16-Apr-84 22:14  29-Apr-84 22:56     2 LEYLUT
  175 XBUFF .REL   PEAK          23-Apr-84 00:22  29-Apr-84 22:56    12 GICFEM
  176 PRT   .CTL   PEAK          02-Jun-83 00:07  29-Apr-84 22:56     2 DEPFUP
  177 COMM4 .REQ   PEAK          04-Dec-83 22:26  29-Apr-84 22:56     6 ZOLSIP
  200 BKUP  .CTL   PEAK          15-Feb-84 16:38  29-Apr-84 22:56     2 FINQEQ
  201 DIF   .CTL   PEAK          23-Feb-84 16:53  29-Apr-84 22:56     2 XAVNIV
  202 PRUNE .DAT   PEAK          16-Apr-84 20:26  29-Apr-84 22:56     2 HANKOP
  203 XXBUF2.REQ   PEAK          03-Apr-84 00:15  29-Apr-84 22:56    11 YUJDIR
  204 PRT   .SAV   PEAK          08-May-83 22:43  29-Apr-84 22:56    11 CIYVOP
  205 QCKDEB.CTL   PEAK          16-Apr-84 22:57  29-Apr-84 22:56     2 HIXXIK
  206 007TEL.COM   PEAK          29-Apr-84 22:42  29-Apr-84 22:56     2 BECCIF

Total of 67 files in saveset.

End of Saveset #2 from TITO version 16
Written 29-Apr-84 22:56 GMT

Total of 134 files found.
  